[0.012s] Invoking command in '/home/leo/acr_ws/build/acr_core': CMAKE_PREFIX_PATH=${CMAKE_PREFIX_PATH}:/opt/ros/jazzy /usr/bin/cmake --build /home/leo/acr_ws/build/acr_core -- -j12 -l12
[0.040s] -- Found ament_cmake: 2.5.6 (/opt/ros/jazzy/share/ament_cmake/cmake)
[0.373s] -- Configuring done (0.3s)
[0.375s] -- Generating done (0.0s)
[0.377s] -- Build files have been written to: /home/leo/acr_ws/build/acr_core
[0.401s] Invoked command in '/home/leo/acr_ws/build/acr_core' returned '0': CMAKE_PREFIX_PATH=${CMAKE_PREFIX_PATH}:/opt/ros/jazzy /usr/bin/cmake --build /home/leo/acr_ws/build/acr_core -- -j12 -l12
[0.411s] Invoking command in '/home/leo/acr_ws/build/acr_core': CMAKE_PREFIX_PATH=${CMAKE_PREFIX_PATH}:/opt/ros/jazzy /usr/bin/cmake --install /home/leo/acr_ws/build/acr_core
[0.420s] -- Install configuration: ""
[0.421s] -- Up-to-date: /home/leo/acr_ws/install/acr_core/share/acr_core/config
[0.421s] -- Up-to-date: /home/leo/acr_ws/install/acr_core/share/acr_core/config/.gitkeep
[0.421s] -- Installing: /home/leo/acr_ws/install/acr_core/share/acr_core/config/bridge.yaml
[0.421s] -- Up-to-date: /home/leo/acr_ws/install/acr_core/share/acr_core/launch
[0.421s] -- Installing: /home/leo/acr_ws/install/acr_core/share/acr_core/launch/acr_system.launch.py
[0.422s] -- Up-to-date: /home/leo/acr_ws/install/acr_core/share/acr_core/launch/.gitkeep
[0.422s] -- Up-to-date: /home/leo/acr_ws/install/acr_core/share/acr_core/launch/spawn_obstacle.launch.py
[0.422s] -- Up-to-date: /home/leo/acr_ws/install/acr_core/share/acr_core/models
[0.422s] -- Up-to-date: /home/leo/acr_ws/install/acr_core/share/acr_core/models/ev_vehicle.sdf
[0.422s] -- Up-to-date: /home/leo/acr_ws/install/acr_core/share/acr_core/models/box_obstacle.sdf
[0.422s] -- Up-to-date: /home/leo/acr_ws/install/acr_core/share/acr_core/urdf
[0.422s] -- Up-to-date: /home/leo/acr_ws/install/acr_core/share/acr_core/urdf/acr_rrbot.urdf
[0.423s] -- Up-to-date: /home/leo/acr_ws/install/acr_core/share/acr_core/worlds
[0.423s] -- Up-to-date: /home/leo/acr_ws/install/acr_core/share/acr_core/worlds/acr_empty.sdf
[0.423s] -- Installing: /home/leo/acr_ws/install/acr_core/share/ament_index/resource_index/package_run_dependencies/acr_core
[0.423s] -- Up-to-date: /home/leo/acr_ws/install/acr_core/share/ament_index/resource_index/parent_prefix_path/acr_core
[0.423s] -- Up-to-date: /home/leo/acr_ws/install/acr_core/share/acr_core/environment/ament_prefix_path.sh
[0.423s] -- Up-to-date: /home/leo/acr_ws/install/acr_core/share/acr_core/environment/ament_prefix_path.dsv
[0.423s] -- Up-to-date: /home/leo/acr_ws/install/acr_core/share/acr_core/environment/path.sh
[0.423s] -- Up-to-date: /home/leo/acr_ws/install/acr_core/share/acr_core/environment/path.dsv
[0.424s] -- Up-to-date: /home/leo/acr_ws/install/acr_core/share/acr_core/local_setup.bash
[0.424s] -- Up-to-date: /home/leo/acr_ws/install/acr_core/share/acr_core/local_setup.sh
[0.425s] -- Up-to-date: /home/leo/acr_ws/install/acr_core/share/acr_core/local_setup.zsh
[0.426s] -- Up-to-date: /home/leo/acr_ws/install/acr_core/share/acr_core/local_setup.dsv
[0.426s] -- Installing: /home/leo/acr_ws/install/acr_core/share/acr_core/package.dsv
[0.426s] -- Up-to-date: /home/leo/acr_ws/install/acr_core/share/ament_index/resource_index/packages/acr_core
[0.426s] -- Up-to-date: /home/leo/acr_ws/install/acr_core/share/acr_core/cmake/acr_coreConfig.cmake
[0.427s] -- Up-to-date: /home/leo/acr_ws/install/acr_core/share/acr_core/cmake/acr_coreConfig-version.cmake
[0.427s] -- Installing: /home/leo/acr_ws/install/acr_core/share/acr_core/package.xml
[0.427s] Invoked command in '/home/leo/acr_ws/build/acr_core' returned '0': CMAKE_PREFIX_PATH=${CMAKE_PREFIX_PATH}:/opt/ros/jazzy /usr/bin/cmake --install /home/leo/acr_ws/build/acr_core
