[0.010s] Invoking command in '/home/leo/acr_ws/build/acr_core': CMAKE_PREFIX_PATH=${CMAKE_PREFIX_PATH}:/opt/ros/jazzy /usr/bin/cmake --build /home/leo/acr_ws/build/acr_core -- -j12 -l12
[30.029s] Invoked command in '/home/leo/acr_ws/build/acr_core' returned '0': CMAKE_PREFIX_PATH=${CMAKE_PREFIX_PATH}:/opt/ros/jazzy /usr/bin/cmake --build /home/leo/acr_ws/build/acr_core -- -j12 -l12
[30.037s] Invoking command in '/home/leo/acr_ws/build/acr_core': CMAKE_PREFIX_PATH=${CMAKE_PREFIX_PATH}:/opt/ros/jazzy /usr/bin/cmake --install /home/leo/acr_ws/build/acr_core
[30.044s] -- Install configuration: ""
[30.045s] -- Up-to-date: /home/leo/acr_ws/install/acr_core/share/acr_core/config
[30.045s] -- Up-to-date: /home/leo/acr_ws/install/acr_core/share/acr_core/config/.gitkeep
[30.045s] -- Up-to-date: /home/leo/acr_ws/install/acr_core/share/acr_core/launch
[30.045s] -- Up-to-date: /home/leo/acr_ws/install/acr_core/share/acr_core/launch/acr_system.launch.py
[30.045s] -- Up-to-date: /home/leo/acr_ws/install/acr_core/share/acr_core/launch/.gitkeep
[30.045s] -- Up-to-date: /home/leo/acr_ws/install/acr_core/share/acr_core/launch/spawn_obstacle.launch.py
[30.046s] -- Up-to-date: /home/leo/acr_ws/install/acr_core/share/acr_core/models
[30.046s] -- Up-to-date: /home/leo/acr_ws/install/acr_core/share/acr_core/models/ev_vehicle.sdf
[30.046s] -- Up-to-date: /home/leo/acr_ws/install/acr_core/share/acr_core/models/box_obstacle.sdf
[30.046s] -- Up-to-date: /home/leo/acr_ws/install/acr_core/share/acr_core/urdf
[30.046s] -- Up-to-date: /home/leo/acr_ws/install/acr_core/share/acr_core/urdf/acr_rrbot.urdf
[30.046s] -- Up-to-date: /home/leo/acr_ws/install/acr_core/share/acr_core/worlds
[30.046s] -- Up-to-date: /home/leo/acr_ws/install/acr_core/share/acr_core/worlds/acr_empty.sdf
[30.047s] -- Up-to-date: /home/leo/acr_ws/install/acr_core/share/ament_index/resource_index/package_run_dependencies/acr_core
[30.047s] -- Up-to-date: /home/leo/acr_ws/install/acr_core/share/ament_index/resource_index/parent_prefix_path/acr_core
[30.047s] -- Up-to-date: /home/leo/acr_ws/install/acr_core/share/acr_core/environment/ament_prefix_path.sh
[30.047s] -- Up-to-date: /home/leo/acr_ws/install/acr_core/share/acr_core/environment/ament_prefix_path.dsv
[30.047s] -- Up-to-date: /home/leo/acr_ws/install/acr_core/share/acr_core/environment/path.sh
[30.047s] -- Up-to-date: /home/leo/acr_ws/install/acr_core/share/acr_core/environment/path.dsv
[30.047s] -- Up-to-date: /home/leo/acr_ws/install/acr_core/share/acr_core/local_setup.bash
[30.047s] -- Up-to-date: /home/leo/acr_ws/install/acr_core/share/acr_core/local_setup.sh
[30.047s] -- Up-to-date: /home/leo/acr_ws/install/acr_core/share/acr_core/local_setup.zsh
[30.048s] -- Up-to-date: /home/leo/acr_ws/install/acr_core/share/acr_core/local_setup.dsv
[30.048s] -- Installing: /home/leo/acr_ws/install/acr_core/share/acr_core/package.dsv
[30.048s] -- Up-to-date: /home/leo/acr_ws/install/acr_core/share/ament_index/resource_index/packages/acr_core
[30.048s] -- Up-to-date: /home/leo/acr_ws/install/acr_core/share/acr_core/cmake/acr_coreConfig.cmake
[30.048s] -- Up-to-date: /home/leo/acr_ws/install/acr_core/share/acr_core/cmake/acr_coreConfig-version.cmake
[30.048s] -- Up-to-date: /home/leo/acr_ws/install/acr_core/share/acr_core/package.xml
[60.057s] Invoked command in '/home/leo/acr_ws/build/acr_core' returned '0': CMAKE_PREFIX_PATH=${CMAKE_PREFIX_PATH}:/opt/ros/jazzy /usr/bin/cmake --install /home/leo/acr_ws/build/acr_core
