-- Found ament_cmake: 2.5.6 (/opt/ros/jazzy/share/ament_cmake/cmake)
-- Found acr_interfaces: 0.1.0 (/home/leo/acr_ws/install/acr_interfaces/share/acr_interfaces/cmake)
-- Found rosidl_generator_c: 4.6.9 (/opt/ros/jazzy/share/rosidl_generator_c/cmake)
-- Found rosidl_generator_cpp: 4.6.9 (/opt/ros/jazzy/share/rosidl_generator_cpp/cmake)
-- Using all available rosidl_typesupport_c: rosidl_typesupport_fastrtps_c;rosidl_typesupport_introspection_c
-- Using all available rosidl_typesupport_cpp: rosidl_typesupport_fastrtps_cpp;rosidl_typesupport_introspection_cpp
-- Found rclcpp: 28.1.21 (/opt/ros/jazzy/share/rclcpp/cmake)
-- Found rmw_implementation_cmake: 7.3.3 (/opt/ros/jazzy/share/rmw_implementation_cmake/cmake)
-- Found rmw_fastrtps_cpp: 8.4.4 (/opt/ros/jazzy/share/rmw_fastrtps_cpp/cmake)
-- Using RMW implementation 'rmw_fastrtps_cpp' as default
-- Found rclcpp_action: 28.1.21 (/opt/ros/jazzy/share/rclcpp_action/cmake)
-- Found sensor_msgs: 5.3.8 (/opt/ros/jazzy/share/sensor_msgs/cmake)
-- Found visualization_msgs: 5.3.8 (/opt/ros/jazzy/share/visualization_msgs/cmake)
-- Configuring done (0.9s)
-- Generating done (0.0s)
-- Build files have been written to: /home/leo/acr_ws/build/acr_core
[ 16%] Building CXX object CMakeFiles/acr_visualizer.dir/src/acr_visualizer.cpp.o
[ 83%] Built target car_node
[ 83%] Built target acr_node
[100%] Linking CXX executable acr_visualizer
[100%] Built target acr_visualizer
-- Install configuration: ""
-- Up-to-date: /home/leo/acr_ws/install/acr_core/lib/acr_core/acr_node
-- Up-to-date: /home/leo/acr_ws/install/acr_core/lib/acr_core/car_node
-- Installing: /home/leo/acr_ws/install/acr_core/lib/acr_core/acr_visualizer
-- Set non-toolchain portion of runtime path of "/home/leo/acr_ws/install/acr_core/lib/acr_core/acr_visualizer" to ""
-- Up-to-date: /home/leo/acr_ws/install/acr_core/share/acr_core/config
-- Up-to-date: /home/leo/acr_ws/install/acr_core/share/acr_core/config/.gitkeep
-- Installing: /home/leo/acr_ws/install/acr_core/share/acr_core/config/acr.rviz
-- Installing: /home/leo/acr_ws/install/acr_core/share/acr_core/config/bridge.yaml
-- Up-to-date: /home/leo/acr_ws/install/acr_core/share/acr_core/launch
-- Installing: /home/leo/acr_ws/install/acr_core/share/acr_core/launch/acr_system.launch.py
-- Up-to-date: /home/leo/acr_ws/install/acr_core/share/acr_core/launch/.gitkeep
-- Up-to-date: /home/leo/acr_ws/install/acr_core/share/acr_core/models
-- Up-to-date: /home/leo/acr_ws/install/acr_core/share/acr_core/models/ev_vehicle.sdf
-- Up-to-date: /home/leo/acr_ws/install/acr_core/share/acr_core/models/box_obstacle.sdf
-- Up-to-date: /home/leo/acr_ws/install/acr_core/share/acr_core/urdf
-- Up-to-date: /home/leo/acr_ws/install/acr_core/share/acr_core/urdf/acr_rrbot.urdf
-- Up-to-date: /home/leo/acr_ws/install/acr_core/share/acr_core/worlds
-- Up-to-date: /home/leo/acr_ws/install/acr_core/share/acr_core/worlds/acr_empty.sdf
-- Installing: /home/leo/acr_ws/install/acr_core/share/ament_index/resource_index/package_run_dependencies/acr_core
-- Installing: /home/leo/acr_ws/install/acr_core/share/ament_index/resource_index/parent_prefix_path/acr_core
-- Up-to-date: /home/leo/acr_ws/install/acr_core/share/acr_core/environment/ament_prefix_path.sh
-- Up-to-date: /home/leo/acr_ws/install/acr_core/share/acr_core/environment/ament_prefix_path.dsv
-- Up-to-date: /home/leo/acr_ws/install/acr_core/share/acr_core/environment/path.sh
-- Up-to-date: /home/leo/acr_ws/install/acr_core/share/acr_core/environment/path.dsv
-- Up-to-date: /home/leo/acr_ws/install/acr_core/share/acr_core/local_setup.bash
-- Up-to-date: /home/leo/acr_ws/install/acr_core/share/acr_core/local_setup.sh
-- Up-to-date: /home/leo/acr_ws/install/acr_core/share/acr_core/local_setup.zsh
-- Up-to-date: /home/leo/acr_ws/install/acr_core/share/acr_core/local_setup.dsv
-- Installing: /home/leo/acr_ws/install/acr_core/share/acr_core/package.dsv
-- Up-to-date: /home/leo/acr_ws/install/acr_core/share/ament_index/resource_index/packages/acr_core
-- Up-to-date: /home/leo/acr_ws/install/acr_core/share/acr_core/cmake/acr_coreConfig.cmake
-- Up-to-date: /home/leo/acr_ws/install/acr_core/share/acr_core/cmake/acr_coreConfig-version.cmake
-- Installing: /home/leo/acr_ws/install/acr_core/share/acr_core/package.xml
