[  2%] Built target acr_interfaces__rosidl_generator_type_description
[  4%] Built target acr_interfaces__rs
[  4%] Built target ament_cmake_python_copy_acr_interfaces
[  6%] Built target acr_interfaces__cpp
[ 24%] Built target acr_interfaces__rosidl_generator_c
[ 46%] Built target acr_interfaces__rosidl_typesupport_cpp
[ 51%] Built target acr_interfaces__rosidl_typesupport_c
[ 48%] Built target acr_interfaces__rosidl_typesupport_introspection_c
[ 60%] Built target acr_interfaces__rosidl_typesupport_fastrtps_cpp
[ 77%] Built target acr_interfaces__rosidl_typesupport_fastrtps_c
[ 77%] Built target acr_interfaces__rosidl_typesupport_introspection_cpp
[ 77%] Built target acr_interfaces
running egg_info
[ 80%] Built target acr_interfaces__py
writing acr_interfaces.egg-info/PKG-INFO
writing dependency_links to acr_interfaces.egg-info/dependency_links.txt
writing top-level names to acr_interfaces.egg-info/top_level.txt
[ 86%] Built target acr_interfaces__rosidl_generator_py
reading manifest file 'acr_interfaces.egg-info/SOURCES.txt'
writing manifest file 'acr_interfaces.egg-info/SOURCES.txt'
[ 86%] Built target ament_cmake_python_build_acr_interfaces_egg
[ 91%] Built target acr_interfaces_s__rosidl_typesupport_fastrtps_c
[ 95%] Built target acr_interfaces_s__rosidl_typesupport_introspection_c
[100%] Built target acr_interfaces_s__rosidl_typesupport_c
-- Install configuration: ""
-- Up-to-date: /home/leo/acr_ws/install/acr_interfaces/share/ament_index/resource_index/rosidl_interfaces/acr_interfaces
-- Up-to-date: /home/leo/acr_ws/install/acr_interfaces/share/acr_interfaces/srv/AuthVehicle.json
-- Up-to-date: /home/leo/acr_ws/install/acr_interfaces/share/acr_interfaces/action/ChargeRobot.json
-- Up-to-date: /home/leo/acr_ws/install/acr_interfaces/include/acr_interfaces/acr_interfaces
-- Up-to-date: /home/leo/acr_ws/install/acr_interfaces/include/acr_interfaces/acr_interfaces/action
-- Up-to-date: /home/leo/acr_ws/install/acr_interfaces/include/acr_interfaces/acr_interfaces/action/detail
-- Up-to-date: /home/leo/acr_ws/install/acr_interfaces/include/acr_interfaces/acr_interfaces/action/detail/charge_robot__functions.h
-- Up-to-date: /home/leo/acr_ws/install/acr_interfaces/include/acr_interfaces/acr_interfaces/action/detail/charge_robot__functions.c
-- Up-to-date: /home/leo/acr_ws/install/acr_interfaces/include/acr_interfaces/acr_interfaces/action/detail/charge_robot__type_support.c
-- Up-to-date: /home/leo/acr_ws/install/acr_interfaces/include/acr_interfaces/acr_interfaces/action/detail/charge_robot__type_support.h
-- Up-to-date: /home/leo/acr_ws/install/acr_interfaces/include/acr_interfaces/acr_interfaces/action/detail/charge_robot__description.c
-- Up-to-date: /home/leo/acr_ws/install/acr_interfaces/include/acr_interfaces/acr_interfaces/action/detail/charge_robot__struct.h
-- Up-to-date: /home/leo/acr_ws/install/acr_interfaces/include/acr_interfaces/acr_interfaces/action/charge_robot.h
-- Up-to-date: /home/leo/acr_ws/install/acr_interfaces/include/acr_interfaces/acr_interfaces/srv
-- Up-to-date: /home/leo/acr_ws/install/acr_interfaces/include/acr_interfaces/acr_interfaces/srv/detail
-- Up-to-date: /home/leo/acr_ws/install/acr_interfaces/include/acr_interfaces/acr_interfaces/srv/detail/auth_vehicle__type_support.h
-- Up-to-date: /home/leo/acr_ws/install/acr_interfaces/include/acr_interfaces/acr_interfaces/srv/detail/auth_vehicle__functions.h
-- Up-to-date: /home/leo/acr_ws/install/acr_interfaces/include/acr_interfaces/acr_interfaces/srv/detail/auth_vehicle__struct.h
-- Up-to-date: /home/leo/acr_ws/install/acr_interfaces/include/acr_interfaces/acr_interfaces/srv/detail/auth_vehicle__description.c
-- Up-to-date: /home/leo/acr_ws/install/acr_interfaces/include/acr_interfaces/acr_interfaces/srv/detail/auth_vehicle__functions.c
-- Up-to-date: /home/leo/acr_ws/install/acr_interfaces/include/acr_interfaces/acr_interfaces/srv/detail/auth_vehicle__type_support.c
-- Up-to-date: /home/leo/acr_ws/install/acr_interfaces/include/acr_interfaces/acr_interfaces/srv/auth_vehicle.h
-- Up-to-date: /home/leo/acr_ws/install/acr_interfaces/include/acr_interfaces/acr_interfaces/msg
-- Up-to-date: /home/leo/acr_ws/install/acr_interfaces/include/acr_interfaces/acr_interfaces/msg/rosidl_generator_c__visibility_control.h
-- Up-to-date: /home/leo/acr_ws/install/acr_interfaces/share/acr_interfaces/environment/library_path.sh
-- Up-to-date: /home/leo/acr_ws/install/acr_interfaces/share/acr_interfaces/environment/library_path.dsv
-- Up-to-date: /home/leo/acr_ws/install/acr_interfaces/lib/libacr_interfaces__rosidl_generator_c.so
-- Up-to-date: /home/leo/acr_ws/install/acr_interfaces/include/acr_interfaces/acr_interfaces
-- Up-to-date: /home/leo/acr_ws/install/acr_interfaces/include/acr_interfaces/acr_interfaces/action
-- Up-to-date: /home/leo/acr_ws/install/acr_interfaces/include/acr_interfaces/acr_interfaces/action/detail
-- Up-to-date: /home/leo/acr_ws/install/acr_interfaces/include/acr_interfaces/acr_interfaces/action/detail/charge_robot__rosidl_typesupport_fastrtps_c.h
-- Up-to-date: /home/leo/acr_ws/install/acr_interfaces/include/acr_interfaces/acr_interfaces/srv
-- Up-to-date: /home/leo/acr_ws/install/acr_interfaces/include/acr_interfaces/acr_interfaces/srv/detail
-- Up-to-date: /home/leo/acr_ws/install/acr_interfaces/include/acr_interfaces/acr_interfaces/srv/detail/auth_vehicle__rosidl_typesupport_fastrtps_c.h
-- Up-to-date: /home/leo/acr_ws/install/acr_interfaces/include/acr_interfaces/acr_interfaces/msg
-- Up-to-date: /home/leo/acr_ws/install/acr_interfaces/include/acr_interfaces/acr_interfaces/msg/rosidl_typesupport_fastrtps_c__visibility_control.h
-- Up-to-date: /home/leo/acr_ws/install/acr_interfaces/lib/libacr_interfaces__rosidl_typesupport_fastrtps_c.so
-- Up-to-date: /home/leo/acr_ws/install/acr_interfaces/include/acr_interfaces/acr_interfaces
-- Up-to-date: /home/leo/acr_ws/install/acr_interfaces/include/acr_interfaces/acr_interfaces/action
-- Up-to-date: /home/leo/acr_ws/install/acr_interfaces/include/acr_interfaces/acr_interfaces/action/detail
-- Up-to-date: /home/leo/acr_ws/install/acr_interfaces/include/acr_interfaces/acr_interfaces/action/detail/charge_robot__builder.hpp
-- Up-to-date: /home/leo/acr_ws/install/acr_interfaces/include/acr_interfaces/acr_interfaces/action/detail/charge_robot__type_support.hpp
-- Up-to-date: /home/leo/acr_ws/install/acr_interfaces/include/acr_interfaces/acr_interfaces/action/detail/charge_robot__traits.hpp
-- Up-to-date: /home/leo/acr_ws/install/acr_interfaces/include/acr_interfaces/acr_interfaces/action/detail/charge_robot__struct.hpp
-- Up-to-date: /home/leo/acr_ws/install/acr_interfaces/include/acr_interfaces/acr_interfaces/action/charge_robot.hpp
-- Up-to-date: /home/leo/acr_ws/install/acr_interfaces/include/acr_interfaces/acr_interfaces/srv
-- Up-to-date: /home/leo/acr_ws/install/acr_interfaces/include/acr_interfaces/acr_interfaces/srv/detail
-- Up-to-date: /home/leo/acr_ws/install/acr_interfaces/include/acr_interfaces/acr_interfaces/srv/detail/auth_vehicle__struct.hpp
-- Up-to-date: /home/leo/acr_ws/install/acr_interfaces/include/acr_interfaces/acr_interfaces/srv/detail/auth_vehicle__builder.hpp
-- Up-to-date: /home/leo/acr_ws/install/acr_interfaces/include/acr_interfaces/acr_interfaces/srv/detail/auth_vehicle__type_support.hpp
-- Up-to-date: /home/leo/acr_ws/install/acr_interfaces/include/acr_interfaces/acr_interfaces/srv/detail/auth_vehicle__traits.hpp
-- Up-to-date: /home/leo/acr_ws/install/acr_interfaces/include/acr_interfaces/acr_interfaces/srv/auth_vehicle.hpp
-- Up-to-date: /home/leo/acr_ws/install/acr_interfaces/include/acr_interfaces/acr_interfaces/msg
-- Up-to-date: /home/leo/acr_ws/install/acr_interfaces/include/acr_interfaces/acr_interfaces/msg/rosidl_generator_cpp__visibility_control.hpp
-- Up-to-date: /home/leo/acr_ws/install/acr_interfaces/include/acr_interfaces/acr_interfaces
-- Up-to-date: /home/leo/acr_ws/install/acr_interfaces/include/acr_interfaces/acr_interfaces/action
-- Up-to-date: /home/leo/acr_ws/install/acr_interfaces/include/acr_interfaces/acr_interfaces/action/detail
-- Up-to-date: /home/leo/acr_ws/install/acr_interfaces/include/acr_interfaces/acr_interfaces/action/detail/charge_robot__rosidl_typesupport_fastrtps_cpp.hpp
-- Up-to-date: /home/leo/acr_ws/install/acr_interfaces/include/acr_interfaces/acr_interfaces/action/detail/dds_fastrtps
-- Up-to-date: /home/leo/acr_ws/install/acr_interfaces/include/acr_interfaces/acr_interfaces/srv
-- Up-to-date: /home/leo/acr_ws/install/acr_interfaces/include/acr_interfaces/acr_interfaces/srv/detail
-- Up-to-date: /home/leo/acr_ws/install/acr_interfaces/include/acr_interfaces/acr_interfaces/srv/detail/auth_vehicle__rosidl_typesupport_fastrtps_cpp.hpp
-- Up-to-date: /home/leo/acr_ws/install/acr_interfaces/include/acr_interfaces/acr_interfaces/srv/detail/dds_fastrtps
-- Up-to-date: /home/leo/acr_ws/install/acr_interfaces/include/acr_interfaces/acr_interfaces/msg
-- Up-to-date: /home/leo/acr_ws/install/acr_interfaces/include/acr_interfaces/acr_interfaces/msg/rosidl_typesupport_fastrtps_cpp__visibility_control.h
-- Up-to-date: /home/leo/acr_ws/install/acr_interfaces/lib/libacr_interfaces__rosidl_typesupport_fastrtps_cpp.so
-- Up-to-date: /home/leo/acr_ws/install/acr_interfaces/include/acr_interfaces/acr_interfaces
-- Up-to-date: /home/leo/acr_ws/install/acr_interfaces/include/acr_interfaces/acr_interfaces/action
-- Up-to-date: /home/leo/acr_ws/install/acr_interfaces/include/acr_interfaces/acr_interfaces/action/detail
-- Up-to-date: /home/leo/acr_ws/install/acr_interfaces/include/acr_interfaces/acr_interfaces/action/detail/charge_robot__type_support.c
-- Up-to-date: /home/leo/acr_ws/install/acr_interfaces/include/acr_interfaces/acr_interfaces/action/detail/charge_robot__rosidl_typesupport_introspection_c.h
-- Up-to-date: /home/leo/acr_ws/install/acr_interfaces/include/acr_interfaces/acr_interfaces/srv
-- Up-to-date: /home/leo/acr_ws/install/acr_interfaces/include/acr_interfaces/acr_interfaces/srv/detail
-- Up-to-date: /home/leo/acr_ws/install/acr_interfaces/include/acr_interfaces/acr_interfaces/srv/detail/auth_vehicle__rosidl_typesupport_introspection_c.h
-- Up-to-date: /home/leo/acr_ws/install/acr_interfaces/include/acr_interfaces/acr_interfaces/srv/detail/auth_vehicle__type_support.c
-- Up-to-date: /home/leo/acr_ws/install/acr_interfaces/include/acr_interfaces/acr_interfaces/msg
-- Up-to-date: /home/leo/acr_ws/install/acr_interfaces/include/acr_interfaces/acr_interfaces/msg/rosidl_typesupport_introspection_c__visibility_control.h
-- Up-to-date: /home/leo/acr_ws/install/acr_interfaces/lib/libacr_interfaces__rosidl_typesupport_introspection_c.so
-- Up-to-date: /home/leo/acr_ws/install/acr_interfaces/lib/libacr_interfaces__rosidl_typesupport_c.so
-- Up-to-date: /home/leo/acr_ws/install/acr_interfaces/include/acr_interfaces/acr_interfaces
-- Up-to-date: /home/leo/acr_ws/install/acr_interfaces/include/acr_interfaces/acr_interfaces/action
-- Up-to-date: /home/leo/acr_ws/install/acr_interfaces/include/acr_interfaces/acr_interfaces/action/detail
-- Up-to-date: /home/leo/acr_ws/install/acr_interfaces/include/acr_interfaces/acr_interfaces/action/detail/charge_robot__type_support.cpp
-- Up-to-date: /home/leo/acr_ws/install/acr_interfaces/include/acr_interfaces/acr_interfaces/action/detail/charge_robot__rosidl_typesupport_introspection_cpp.hpp
-- Up-to-date: /home/leo/acr_ws/install/acr_interfaces/include/acr_interfaces/acr_interfaces/srv
-- Up-to-date: /home/leo/acr_ws/install/acr_interfaces/include/acr_interfaces/acr_interfaces/srv/detail
-- Up-to-date: /home/leo/acr_ws/install/acr_interfaces/include/acr_interfaces/acr_interfaces/srv/detail/auth_vehicle__type_support.cpp
-- Up-to-date: /home/leo/acr_ws/install/acr_interfaces/include/acr_interfaces/acr_interfaces/srv/detail/auth_vehicle__rosidl_typesupport_introspection_cpp.hpp
-- Up-to-date: /home/leo/acr_ws/install/acr_interfaces/lib/libacr_interfaces__rosidl_typesupport_introspection_cpp.so
-- Up-to-date: /home/leo/acr_ws/install/acr_interfaces/lib/libacr_interfaces__rosidl_typesupport_cpp.so
-- Up-to-date: /home/leo/acr_ws/install/acr_interfaces/share/acr_interfaces/environment/pythonpath.sh
-- Up-to-date: /home/leo/acr_ws/install/acr_interfaces/share/acr_interfaces/environment/pythonpath.dsv
-- Up-to-date: /home/leo/acr_ws/install/acr_interfaces/lib/python3.12/site-packages/acr_interfaces-0.1.0-py3.12.egg-info
-- Installing: /home/leo/acr_ws/install/acr_interfaces/lib/python3.12/site-packages/acr_interfaces-0.1.0-py3.12.egg-info/dependency_links.txt
-- Installing: /home/leo/acr_ws/install/acr_interfaces/lib/python3.12/site-packages/acr_interfaces-0.1.0-py3.12.egg-info/PKG-INFO
-- Installing: /home/leo/acr_ws/install/acr_interfaces/lib/python3.12/site-packages/acr_interfaces-0.1.0-py3.12.egg-info/SOURCES.txt
-- Installing: /home/leo/acr_ws/install/acr_interfaces/lib/python3.12/site-packages/acr_interfaces-0.1.0-py3.12.egg-info/top_level.txt
-- Up-to-date: /home/leo/acr_ws/install/acr_interfaces/lib/python3.12/site-packages/acr_interfaces
-- Up-to-date: /home/leo/acr_ws/install/acr_interfaces/lib/python3.12/site-packages/acr_interfaces/action
-- Up-to-date: /home/leo/acr_ws/install/acr_interfaces/lib/python3.12/site-packages/acr_interfaces/action/_charge_robot_s.c
-- Up-to-date: /home/leo/acr_ws/install/acr_interfaces/lib/python3.12/site-packages/acr_interfaces/action/__init__.py
-- Up-to-date: /home/leo/acr_ws/install/acr_interfaces/lib/python3.12/site-packages/acr_interfaces/action/_charge_robot.py
-- Up-to-date: /home/leo/acr_ws/install/acr_interfaces/lib/python3.12/site-packages/acr_interfaces/__init__.py
-- Up-to-date: /home/leo/acr_ws/install/acr_interfaces/lib/python3.12/site-packages/acr_interfaces/_acr_interfaces_s.ep.rosidl_typesupport_c.c
-- Up-to-date: /home/leo/acr_ws/install/acr_interfaces/lib/python3.12/site-packages/acr_interfaces/_acr_interfaces_s.ep.rosidl_typesupport_fastrtps_c.c
-- Up-to-date: /home/leo/acr_ws/install/acr_interfaces/lib/python3.12/site-packages/acr_interfaces/acr_interfaces_s__rosidl_typesupport_c.so
-- Up-to-date: /home/leo/acr_ws/install/acr_interfaces/lib/python3.12/site-packages/acr_interfaces/_acr_interfaces_s.ep.rosidl_typesupport_introspection_c.c
-- Up-to-date: /home/leo/acr_ws/install/acr_interfaces/lib/python3.12/site-packages/acr_interfaces/srv
-- Up-to-date: /home/leo/acr_ws/install/acr_interfaces/lib/python3.12/site-packages/acr_interfaces/srv/_auth_vehicle_s.c
-- Up-to-date: /home/leo/acr_ws/install/acr_interfaces/lib/python3.12/site-packages/acr_interfaces/srv/_auth_vehicle.py
-- Up-to-date: /home/leo/acr_ws/install/acr_interfaces/lib/python3.12/site-packages/acr_interfaces/srv/__init__.py
-- Up-to-date: /home/leo/acr_ws/install/acr_interfaces/lib/python3.12/site-packages/acr_interfaces/acr_interfaces_s__rosidl_typesupport_introspection_c.so
-- Up-to-date: /home/leo/acr_ws/install/acr_interfaces/lib/python3.12/site-packages/acr_interfaces/acr_interfaces_s__rosidl_typesupport_fastrtps_c.so
Listing '/home/leo/acr_ws/install/acr_interfaces/lib/python3.12/site-packages/acr_interfaces'...
Listing '/home/leo/acr_ws/install/acr_interfaces/lib/python3.12/site-packages/acr_interfaces/action'...
Listing '/home/leo/acr_ws/install/acr_interfaces/lib/python3.12/site-packages/acr_interfaces/srv'...
-- Up-to-date: /home/leo/acr_ws/install/acr_interfaces/lib/python3.12/site-packages/acr_interfaces/acr_interfaces_s__rosidl_typesupport_fastrtps_c.so
-- Up-to-date: /home/leo/acr_ws/install/acr_interfaces/lib/python3.12/site-packages/acr_interfaces/acr_interfaces_s__rosidl_typesupport_introspection_c.so
-- Up-to-date: /home/leo/acr_ws/install/acr_interfaces/lib/python3.12/site-packages/acr_interfaces/acr_interfaces_s__rosidl_typesupport_c.so
-- Up-to-date: /home/leo/acr_ws/install/acr_interfaces/lib/libacr_interfaces__rosidl_generator_py.so
-- Up-to-date: /home/leo/acr_ws/install/acr_interfaces/share/ament_index/resource_index/rust_packages/acr_interfaces
-- Up-to-date: /home/leo/acr_ws/install/acr_interfaces/share/acr_interfaces/rust
-- Up-to-date: /home/leo/acr_ws/install/acr_interfaces/share/acr_interfaces/rust/Cargo.toml
-- Up-to-date: /home/leo/acr_ws/install/acr_interfaces/share/acr_interfaces/rust/build.rs
-- Up-to-date: /home/leo/acr_ws/install/acr_interfaces/share/acr_interfaces/rust/src
-- Up-to-date: /home/leo/acr_ws/install/acr_interfaces/share/acr_interfaces/rust/src/action
-- Up-to-date: /home/leo/acr_ws/install/acr_interfaces/share/acr_interfaces/rust/src/action/rmw.rs
-- Up-to-date: /home/leo/acr_ws/install/acr_interfaces/share/acr_interfaces/rust/src/srv
-- Up-to-date: /home/leo/acr_ws/install/acr_interfaces/share/acr_interfaces/rust/src/srv/rmw.rs
-- Up-to-date: /home/leo/acr_ws/install/acr_interfaces/share/acr_interfaces/rust/src/srv.rs
-- Up-to-date: /home/leo/acr_ws/install/acr_interfaces/share/acr_interfaces/rust/src/lib.rs
-- Up-to-date: /home/leo/acr_ws/install/acr_interfaces/share/acr_interfaces/rust/src/action.rs
-- Up-to-date: /home/leo/acr_ws/install/acr_interfaces/share/acr_interfaces/srv/AuthVehicle.idl
-- Up-to-date: /home/leo/acr_ws/install/acr_interfaces/share/acr_interfaces/action/ChargeRobot.idl
-- Up-to-date: /home/leo/acr_ws/install/acr_interfaces/share/acr_interfaces/srv/AuthVehicle.srv
-- Up-to-date: /home/leo/acr_ws/install/acr_interfaces/share/acr_interfaces/action/ChargeRobot.action
-- Up-to-date: /home/leo/acr_ws/install/acr_interfaces/share/ament_index/resource_index/package_run_dependencies/acr_interfaces
-- Up-to-date: /home/leo/acr_ws/install/acr_interfaces/share/ament_index/resource_index/parent_prefix_path/acr_interfaces
-- Up-to-date: /home/leo/acr_ws/install/acr_interfaces/share/acr_interfaces/environment/ament_prefix_path.sh
-- Up-to-date: /home/leo/acr_ws/install/acr_interfaces/share/acr_interfaces/environment/ament_prefix_path.dsv
-- Up-to-date: /home/leo/acr_ws/install/acr_interfaces/share/acr_interfaces/environment/path.sh
-- Up-to-date: /home/leo/acr_ws/install/acr_interfaces/share/acr_interfaces/environment/path.dsv
-- Up-to-date: /home/leo/acr_ws/install/acr_interfaces/share/acr_interfaces/local_setup.bash
-- Up-to-date: /home/leo/acr_ws/install/acr_interfaces/share/acr_interfaces/local_setup.sh
-- Up-to-date: /home/leo/acr_ws/install/acr_interfaces/share/acr_interfaces/local_setup.zsh
-- Up-to-date: /home/leo/acr_ws/install/acr_interfaces/share/acr_interfaces/local_setup.dsv
-- Installing: /home/leo/acr_ws/install/acr_interfaces/share/acr_interfaces/package.dsv
-- Up-to-date: /home/leo/acr_ws/install/acr_interfaces/share/ament_index/resource_index/packages/acr_interfaces
-- Up-to-date: /home/leo/acr_ws/install/acr_interfaces/share/acr_interfaces/cmake/export_acr_interfaces__rosidl_generator_cExport.cmake
-- Up-to-date: /home/leo/acr_ws/install/acr_interfaces/share/acr_interfaces/cmake/export_acr_interfaces__rosidl_generator_cExport-noconfig.cmake
-- Up-to-date: /home/leo/acr_ws/install/acr_interfaces/share/acr_interfaces/cmake/export_acr_interfaces__rosidl_typesupport_fastrtps_cExport.cmake
-- Up-to-date: /home/leo/acr_ws/install/acr_interfaces/share/acr_interfaces/cmake/export_acr_interfaces__rosidl_typesupport_fastrtps_cExport-noconfig.cmake
-- Up-to-date: /home/leo/acr_ws/install/acr_interfaces/share/acr_interfaces/cmake/export_acr_interfaces__rosidl_generator_cppExport.cmake
-- Up-to-date: /home/leo/acr_ws/install/acr_interfaces/share/acr_interfaces/cmake/export_acr_interfaces__rosidl_typesupport_fastrtps_cppExport.cmake
-- Up-to-date: /home/leo/acr_ws/install/acr_interfaces/share/acr_interfaces/cmake/export_acr_interfaces__rosidl_typesupport_fastrtps_cppExport-noconfig.cmake
-- Up-to-date: /home/leo/acr_ws/install/acr_interfaces/share/acr_interfaces/cmake/acr_interfaces__rosidl_typesupport_introspection_cExport.cmake
-- Up-to-date: /home/leo/acr_ws/install/acr_interfaces/share/acr_interfaces/cmake/acr_interfaces__rosidl_typesupport_introspection_cExport-noconfig.cmake
-- Up-to-date: /home/leo/acr_ws/install/acr_interfaces/share/acr_interfaces/cmake/acr_interfaces__rosidl_typesupport_cExport.cmake
-- Up-to-date: /home/leo/acr_ws/install/acr_interfaces/share/acr_interfaces/cmake/acr_interfaces__rosidl_typesupport_cExport-noconfig.cmake
-- Up-to-date: /home/leo/acr_ws/install/acr_interfaces/share/acr_interfaces/cmake/acr_interfaces__rosidl_typesupport_introspection_cppExport.cmake
-- Up-to-date: /home/leo/acr_ws/install/acr_interfaces/share/acr_interfaces/cmake/acr_interfaces__rosidl_typesupport_introspection_cppExport-noconfig.cmake
-- Up-to-date: /home/leo/acr_ws/install/acr_interfaces/share/acr_interfaces/cmake/acr_interfaces__rosidl_typesupport_cppExport.cmake
-- Up-to-date: /home/leo/acr_ws/install/acr_interfaces/share/acr_interfaces/cmake/acr_interfaces__rosidl_typesupport_cppExport-noconfig.cmake
-- Up-to-date: /home/leo/acr_ws/install/acr_interfaces/share/acr_interfaces/cmake/export_acr_interfaces__rosidl_generator_pyExport.cmake
-- Up-to-date: /home/leo/acr_ws/install/acr_interfaces/share/acr_interfaces/cmake/export_acr_interfaces__rosidl_generator_pyExport-noconfig.cmake
-- Up-to-date: /home/leo/acr_ws/install/acr_interfaces/share/acr_interfaces/cmake/rosidl_cmake-extras.cmake
-- Up-to-date: /home/leo/acr_ws/install/acr_interfaces/share/acr_interfaces/cmake/ament_cmake_export_dependencies-extras.cmake
-- Up-to-date: /home/leo/acr_ws/install/acr_interfaces/share/acr_interfaces/cmake/ament_cmake_export_include_directories-extras.cmake
-- Up-to-date: /home/leo/acr_ws/install/acr_interfaces/share/acr_interfaces/cmake/ament_cmake_export_libraries-extras.cmake
-- Up-to-date: /home/leo/acr_ws/install/acr_interfaces/share/acr_interfaces/cmake/ament_cmake_export_targets-extras.cmake
-- Up-to-date: /home/leo/acr_ws/install/acr_interfaces/share/acr_interfaces/cmake/rosidl_cmake_export_typesupport_targets-extras.cmake
-- Up-to-date: /home/leo/acr_ws/install/acr_interfaces/share/acr_interfaces/cmake/rosidl_cmake_export_typesupport_libraries-extras.cmake
-- Up-to-date: /home/leo/acr_ws/install/acr_interfaces/share/acr_interfaces/cmake/rosidl_cmake_aggregate_target-extras.cmake
-- Up-to-date: /home/leo/acr_ws/install/acr_interfaces/share/acr_interfaces/cmake/acr_interfacesConfig.cmake
-- Up-to-date: /home/leo/acr_ws/install/acr_interfaces/share/acr_interfaces/cmake/acr_interfacesConfig-version.cmake
-- Up-to-date: /home/leo/acr_ws/install/acr_interfaces/share/acr_interfaces/package.xml
