-- The C compiler identification is GNU 13.3.0
-- The CXX compiler identification is GNU 13.3.0
-- Detecting C compiler ABI info
-- Detecting C compiler ABI info - done
-- Check for working C compiler: /usr/bin/cc - skipped
-- Detecting C compile features
-- Detecting C compile features - done
-- Detecting CXX compiler ABI info
-- Detecting CXX compiler ABI info - done
-- Check for working CXX compiler: /usr/bin/c++ - skipped
-- Detecting CXX compile features
-- Detecting CXX compile features - done
-- Found ament_cmake: 2.5.6 (/opt/ros/jazzy/share/ament_cmake/cmake)
-- Found Python3: /usr/bin/python3 (found version "3.12.3") found components: Interpreter 
-- Found action_msgs: 2.0.4 (/opt/ros/jazzy/share/action_msgs/cmake)
-- Found rosidl_generator_c: 4.6.9 (/opt/ros/jazzy/share/rosidl_generator_c/cmake)
-- Found rosidl_generator_cpp: 4.6.9 (/opt/ros/jazzy/share/rosidl_generator_cpp/cmake)
-- Using all available rosidl_typesupport_c: rosidl_typesupport_fastrtps_c;rosidl_typesupport_introspection_c
-- Using all available rosidl_typesupport_cpp: rosidl_typesupport_fastrtps_cpp;rosidl_typesupport_introspection_cpp
-- Found rosidl_default_generators: 1.6.1 (/opt/ros/jazzy/share/rosidl_default_generators/cmake)
-- Found rosidl_adapter: 4.6.9 (/opt/ros/jazzy/share/rosidl_adapter/cmake)
-- Found ament_cmake_ros: 0.12.1 (/opt/ros/jazzy/share/ament_cmake_ros/cmake)
-- Using all available rosidl_typesupport_c: rosidl_typesupport_fastrtps_c;rosidl_typesupport_introspection_c
-- Using all available rosidl_typesupport_cpp: rosidl_typesupport_fastrtps_cpp;rosidl_typesupport_introspection_cpp
-- Found python_cmake_module: 0.11.1 (/opt/ros/jazzy/share/python_cmake_module/cmake)
-- Found PythonExtra: /usr/bin/python3  
-- Found Python3: /usr/bin/python3 (found version "3.12.3") found components: Interpreter Development NumPy Development.Module Development.Embed 
-- Found Python3: /usr/bin/python3 (found version "3.12.3") found components: Interpreter 
-- Configuring done (3.3s)
-- Generating done (0.0s)
-- Build files have been written to: /home/leo/acr_ws/build/acr_interfaces
[  2%] Generating Rust code for ROS interfaces
[  4%] Generating type hashes for ROS interfaces
[  4%] Built target ament_cmake_python_copy_acr_interfaces
running egg_info
creating acr_interfaces.egg-info
[  4%] Built target acr_interfaces__rosidl_generator_type_description
[  6%] Generating C code for ROS interfaces
[  8%] Generating C++ code for ROS interfaces
writing acr_interfaces.egg-info/PKG-INFO
writing dependency_links to acr_interfaces.egg-info/dependency_links.txt
writing top-level names to acr_interfaces.egg-info/top_level.txt
writing manifest file 'acr_interfaces.egg-info/SOURCES.txt'
[  8%] Built target acr_interfaces__rs
reading manifest file 'acr_interfaces.egg-info/SOURCES.txt'
writing manifest file 'acr_interfaces.egg-info/SOURCES.txt'
[  8%] Built target ament_cmake_python_build_acr_interfaces_egg
[  8%] Built target acr_interfaces__cpp
[ 11%] Building C object CMakeFiles/acr_interfaces__rosidl_generator_c.dir/rosidl_generator_c/acr_interfaces/action/detail/charge_robot__description.c.o
[ 13%] Building C object CMakeFiles/acr_interfaces__rosidl_generator_c.dir/rosidl_generator_c/acr_interfaces/action/detail/charge_robot__type_support.c.o
[ 17%] Building C object CMakeFiles/acr_interfaces__rosidl_generator_c.dir/rosidl_generator_c/acr_interfaces/srv/detail/auth_vehicle__type_support.c.o
[ 17%] Building C object CMakeFiles/acr_interfaces__rosidl_generator_c.dir/rosidl_generator_c/acr_interfaces/srv/detail/auth_vehicle__functions.c.o
[ 20%] Building C object CMakeFiles/acr_interfaces__rosidl_generator_c.dir/rosidl_generator_c/acr_interfaces/srv/detail/auth_vehicle__description.c.o
[ 22%] Building C object CMakeFiles/acr_interfaces__rosidl_generator_c.dir/rosidl_generator_c/acr_interfaces/action/detail/charge_robot__functions.c.o
[ 24%] Linking C shared library libacr_interfaces__rosidl_generator_c.so
[ 24%] Built target acr_interfaces__rosidl_generator_c
[ 26%] Generating C++ type support dispatch for ROS interfaces
[ 28%] Generating C type support dispatch for ROS interfaces
[ 31%] Generating C introspection for ROS interfaces
[ 33%] Generating C type support for eProsima Fast-RTPS
[ 35%] Generating C++ type support for eProsima Fast-RTPS
[ 37%] Generating C++ introspection for ROS interfaces
[ 42%] Building CXX object CMakeFiles/acr_interfaces__rosidl_typesupport_c.dir/rosidl_typesupport_c/acr_interfaces/action/charge_robot__type_support.cpp.o
[ 42%] Building CXX object CMakeFiles/acr_interfaces__rosidl_typesupport_c.dir/rosidl_typesupport_c/acr_interfaces/srv/auth_vehicle__type_support.cpp.o
[ 44%] Building CXX object CMakeFiles/acr_interfaces__rosidl_typesupport_cpp.dir/rosidl_typesupport_cpp/acr_interfaces/srv/auth_vehicle__type_support.cpp.o
[ 46%] Building CXX object CMakeFiles/acr_interfaces__rosidl_typesupport_cpp.dir/rosidl_typesupport_cpp/acr_interfaces/action/charge_robot__type_support.cpp.o
[ 51%] Building CXX object CMakeFiles/acr_interfaces__rosidl_typesupport_introspection_cpp.dir/rosidl_typesupport_introspection_cpp/acr_interfaces/action/detail/charge_robot__type_support.cpp.o
[ 51%] Building CXX object CMakeFiles/acr_interfaces__rosidl_typesupport_introspection_cpp.dir/rosidl_typesupport_introspection_cpp/acr_interfaces/srv/detail/auth_vehicle__type_support.cpp.o
[ 53%] Linking CXX shared library libacr_interfaces__rosidl_typesupport_c.so
[ 55%] Building C object CMakeFiles/acr_interfaces__rosidl_typesupport_introspection_c.dir/rosidl_typesupport_introspection_c/acr_interfaces/action/detail/charge_robot__type_support.c.o
[ 57%] Building C object CMakeFiles/acr_interfaces__rosidl_typesupport_introspection_c.dir/rosidl_typesupport_introspection_c/acr_interfaces/srv/detail/auth_vehicle__type_support.c.o
[ 57%] Built target acr_interfaces__rosidl_typesupport_c
[ 60%] Linking C shared library libacr_interfaces__rosidl_typesupport_introspection_c.so
[ 60%] Built target acr_interfaces__rosidl_typesupport_introspection_c
[ 64%] Building CXX object CMakeFiles/acr_interfaces__rosidl_typesupport_fastrtps_cpp.dir/rosidl_typesupport_fastrtps_cpp/acr_interfaces/srv/detail/dds_fastrtps/auth_vehicle__type_support.cpp.o
[ 64%] Building CXX object CMakeFiles/acr_interfaces__rosidl_typesupport_fastrtps_cpp.dir/rosidl_typesupport_fastrtps_cpp/acr_interfaces/action/detail/dds_fastrtps/charge_robot__type_support.cpp.o
[ 66%] Building CXX object CMakeFiles/acr_interfaces__rosidl_typesupport_fastrtps_c.dir/rosidl_typesupport_fastrtps_c/acr_interfaces/action/detail/charge_robot__type_support_c.cpp.o
[ 68%] Building CXX object CMakeFiles/acr_interfaces__rosidl_typesupport_fastrtps_c.dir/rosidl_typesupport_fastrtps_c/acr_interfaces/srv/detail/auth_vehicle__type_support_c.cpp.o
[ 71%] Linking CXX shared library libacr_interfaces__rosidl_typesupport_cpp.so
[ 73%] Linking CXX shared library libacr_interfaces__rosidl_typesupport_fastrtps_c.so
[ 75%] Linking CXX shared library libacr_interfaces__rosidl_typesupport_introspection_cpp.so
[ 75%] Built target acr_interfaces__rosidl_typesupport_cpp
[ 75%] Built target acr_interfaces__rosidl_typesupport_fastrtps_c
[ 75%] Built target acr_interfaces__rosidl_typesupport_introspection_cpp
[ 77%] Linking CXX shared library libacr_interfaces__rosidl_typesupport_fastrtps_cpp.so
[ 77%] Built target acr_interfaces__rosidl_typesupport_fastrtps_cpp
[ 77%] Built target acr_interfaces
[ 80%] Generating Python code for ROS interfaces
[ 80%] Built target acr_interfaces__py
[ 84%] Building C object CMakeFiles/acr_interfaces__rosidl_generator_py.dir/rosidl_generator_py/acr_interfaces/action/_charge_robot_s.c.o
[ 84%] Building C object CMakeFiles/acr_interfaces__rosidl_generator_py.dir/rosidl_generator_py/acr_interfaces/srv/_auth_vehicle_s.c.o
[ 86%] Linking C shared library libacr_interfaces__rosidl_generator_py.so
[ 86%] Built target acr_interfaces__rosidl_generator_py
[ 88%] Building C object CMakeFiles/acr_interfaces_s__rosidl_typesupport_fastrtps_c.dir/rosidl_generator_py/acr_interfaces/_acr_interfaces_s.ep.rosidl_typesupport_fastrtps_c.c.o
[ 91%] Building C object CMakeFiles/acr_interfaces_s__rosidl_typesupport_c.dir/rosidl_generator_py/acr_interfaces/_acr_interfaces_s.ep.rosidl_typesupport_c.c.o
[ 93%] Building C object CMakeFiles/acr_interfaces_s__rosidl_typesupport_introspection_c.dir/rosidl_generator_py/acr_interfaces/_acr_interfaces_s.ep.rosidl_typesupport_introspection_c.c.o
[ 95%] Linking C shared module rosidl_generator_py/acr_interfaces/acr_interfaces_s__rosidl_typesupport_c.so
[ 97%] Linking C shared module rosidl_generator_py/acr_interfaces/acr_interfaces_s__rosidl_typesupport_introspection_c.so
[100%] Linking C shared module rosidl_generator_py/acr_interfaces/acr_interfaces_s__rosidl_typesupport_fastrtps_c.so
[100%] Built target acr_interfaces_s__rosidl_typesupport_c
[100%] Built target acr_interfaces_s__rosidl_typesupport_introspection_c
[100%] Built target acr_interfaces_s__rosidl_typesupport_fastrtps_c
-- Install configuration: ""
-- Installing: /home/leo/acr_ws/install/acr_interfaces/share/ament_index/resource_index/rosidl_interfaces/acr_interfaces
-- Installing: /home/leo/acr_ws/install/acr_interfaces/share/acr_interfaces/srv/AuthVehicle.json
-- Installing: /home/leo/acr_ws/install/acr_interfaces/share/acr_interfaces/action/ChargeRobot.json
-- Installing: /home/leo/acr_ws/install/acr_interfaces/include/acr_interfaces/acr_interfaces
-- Installing: /home/leo/acr_ws/install/acr_interfaces/include/acr_interfaces/acr_interfaces/action
-- Installing: /home/leo/acr_ws/install/acr_interfaces/include/acr_interfaces/acr_interfaces/action/detail
-- Installing: /home/leo/acr_ws/install/acr_interfaces/include/acr_interfaces/acr_interfaces/action/detail/charge_robot__functions.h
-- Installing: /home/leo/acr_ws/install/acr_interfaces/include/acr_interfaces/acr_interfaces/action/detail/charge_robot__functions.c
-- Installing: /home/leo/acr_ws/install/acr_interfaces/include/acr_interfaces/acr_interfaces/action/detail/charge_robot__type_support.c
-- Installing: /home/leo/acr_ws/install/acr_interfaces/include/acr_interfaces/acr_interfaces/action/detail/charge_robot__type_support.h
-- Installing: /home/leo/acr_ws/install/acr_interfaces/include/acr_interfaces/acr_interfaces/action/detail/charge_robot__description.c
-- Installing: /home/leo/acr_ws/install/acr_interfaces/include/acr_interfaces/acr_interfaces/action/detail/charge_robot__struct.h
-- Installing: /home/leo/acr_ws/install/acr_interfaces/include/acr_interfaces/acr_interfaces/action/charge_robot.h
-- Installing: /home/leo/acr_ws/install/acr_interfaces/include/acr_interfaces/acr_interfaces/srv
-- Installing: /home/leo/acr_ws/install/acr_interfaces/include/acr_interfaces/acr_interfaces/srv/detail
-- Installing: /home/leo/acr_ws/install/acr_interfaces/include/acr_interfaces/acr_interfaces/srv/detail/auth_vehicle__type_support.h
-- Installing: /home/leo/acr_ws/install/acr_interfaces/include/acr_interfaces/acr_interfaces/srv/detail/auth_vehicle__functions.h
-- Installing: /home/leo/acr_ws/install/acr_interfaces/include/acr_interfaces/acr_interfaces/srv/detail/auth_vehicle__struct.h
-- Installing: /home/leo/acr_ws/install/acr_interfaces/include/acr_interfaces/acr_interfaces/srv/detail/auth_vehicle__description.c
-- Installing: /home/leo/acr_ws/install/acr_interfaces/include/acr_interfaces/acr_interfaces/srv/detail/auth_vehicle__functions.c
-- Installing: /home/leo/acr_ws/install/acr_interfaces/include/acr_interfaces/acr_interfaces/srv/detail/auth_vehicle__type_support.c
-- Installing: /home/leo/acr_ws/install/acr_interfaces/include/acr_interfaces/acr_interfaces/srv/auth_vehicle.h
-- Installing: /home/leo/acr_ws/install/acr_interfaces/include/acr_interfaces/acr_interfaces/msg
-- Installing: /home/leo/acr_ws/install/acr_interfaces/include/acr_interfaces/acr_interfaces/msg/rosidl_generator_c__visibility_control.h
-- Installing: /home/leo/acr_ws/install/acr_interfaces/share/acr_interfaces/environment/library_path.sh
-- Installing: /home/leo/acr_ws/install/acr_interfaces/share/acr_interfaces/environment/library_path.dsv
-- Installing: /home/leo/acr_ws/install/acr_interfaces/lib/libacr_interfaces__rosidl_generator_c.so
-- Set non-toolchain portion of runtime path of "/home/leo/acr_ws/install/acr_interfaces/lib/libacr_interfaces__rosidl_generator_c.so" to ""
-- Up-to-date: /home/leo/acr_ws/install/acr_interfaces/include/acr_interfaces/acr_interfaces
-- Up-to-date: /home/leo/acr_ws/install/acr_interfaces/include/acr_interfaces/acr_interfaces/action
-- Up-to-date: /home/leo/acr_ws/install/acr_interfaces/include/acr_interfaces/acr_interfaces/action/detail
-- Installing: /home/leo/acr_ws/install/acr_interfaces/include/acr_interfaces/acr_interfaces/action/detail/charge_robot__rosidl_typesupport_fastrtps_c.h
-- Up-to-date: /home/leo/acr_ws/install/acr_interfaces/include/acr_interfaces/acr_interfaces/srv
-- Up-to-date: /home/leo/acr_ws/install/acr_interfaces/include/acr_interfaces/acr_interfaces/srv/detail
-- Installing: /home/leo/acr_ws/install/acr_interfaces/include/acr_interfaces/acr_interfaces/srv/detail/auth_vehicle__rosidl_typesupport_fastrtps_c.h
-- Up-to-date: /home/leo/acr_ws/install/acr_interfaces/include/acr_interfaces/acr_interfaces/msg
-- Installing: /home/leo/acr_ws/install/acr_interfaces/include/acr_interfaces/acr_interfaces/msg/rosidl_typesupport_fastrtps_c__visibility_control.h
-- Installing: /home/leo/acr_ws/install/acr_interfaces/lib/libacr_interfaces__rosidl_typesupport_fastrtps_c.so
-- Set non-toolchain portion of runtime path of "/home/leo/acr_ws/install/acr_interfaces/lib/libacr_interfaces__rosidl_typesupport_fastrtps_c.so" to ""
-- Up-to-date: /home/leo/acr_ws/install/acr_interfaces/include/acr_interfaces/acr_interfaces
-- Up-to-date: /home/leo/acr_ws/install/acr_interfaces/include/acr_interfaces/acr_interfaces/action
-- Up-to-date: /home/leo/acr_ws/install/acr_interfaces/include/acr_interfaces/acr_interfaces/action/detail
-- Installing: /home/leo/acr_ws/install/acr_interfaces/include/acr_interfaces/acr_interfaces/action/detail/charge_robot__builder.hpp
-- Installing: /home/leo/acr_ws/install/acr_interfaces/include/acr_interfaces/acr_interfaces/action/detail/charge_robot__type_support.hpp
-- Installing: /home/leo/acr_ws/install/acr_interfaces/include/acr_interfaces/acr_interfaces/action/detail/charge_robot__traits.hpp
-- Installing: /home/leo/acr_ws/install/acr_interfaces/include/acr_interfaces/acr_interfaces/action/detail/charge_robot__struct.hpp
-- Installing: /home/leo/acr_ws/install/acr_interfaces/include/acr_interfaces/acr_interfaces/action/charge_robot.hpp
-- Up-to-date: /home/leo/acr_ws/install/acr_interfaces/include/acr_interfaces/acr_interfaces/srv
-- Up-to-date: /home/leo/acr_ws/install/acr_interfaces/include/acr_interfaces/acr_interfaces/srv/detail
-- Installing: /home/leo/acr_ws/install/acr_interfaces/include/acr_interfaces/acr_interfaces/srv/detail/auth_vehicle__struct.hpp
-- Installing: /home/leo/acr_ws/install/acr_interfaces/include/acr_interfaces/acr_interfaces/srv/detail/auth_vehicle__builder.hpp
-- Installing: /home/leo/acr_ws/install/acr_interfaces/include/acr_interfaces/acr_interfaces/srv/detail/auth_vehicle__type_support.hpp
-- Installing: /home/leo/acr_ws/install/acr_interfaces/include/acr_interfaces/acr_interfaces/srv/detail/auth_vehicle__traits.hpp
-- Installing: /home/leo/acr_ws/install/acr_interfaces/include/acr_interfaces/acr_interfaces/srv/auth_vehicle.hpp
-- Up-to-date: /home/leo/acr_ws/install/acr_interfaces/include/acr_interfaces/acr_interfaces/msg
-- Installing: /home/leo/acr_ws/install/acr_interfaces/include/acr_interfaces/acr_interfaces/msg/rosidl_generator_cpp__visibility_control.hpp
-- Up-to-date: /home/leo/acr_ws/install/acr_interfaces/include/acr_interfaces/acr_interfaces
-- Up-to-date: /home/leo/acr_ws/install/acr_interfaces/include/acr_interfaces/acr_interfaces/action
-- Up-to-date: /home/leo/acr_ws/install/acr_interfaces/include/acr_interfaces/acr_interfaces/action/detail
-- Installing: /home/leo/acr_ws/install/acr_interfaces/include/acr_interfaces/acr_interfaces/action/detail/charge_robot__rosidl_typesupport_fastrtps_cpp.hpp
-- Installing: /home/leo/acr_ws/install/acr_interfaces/include/acr_interfaces/acr_interfaces/action/detail/dds_fastrtps
-- Up-to-date: /home/leo/acr_ws/install/acr_interfaces/include/acr_interfaces/acr_interfaces/srv
-- Up-to-date: /home/leo/acr_ws/install/acr_interfaces/include/acr_interfaces/acr_interfaces/srv/detail
-- Installing: /home/leo/acr_ws/install/acr_interfaces/include/acr_interfaces/acr_interfaces/srv/detail/auth_vehicle__rosidl_typesupport_fastrtps_cpp.hpp
-- Installing: /home/leo/acr_ws/install/acr_interfaces/include/acr_interfaces/acr_interfaces/srv/detail/dds_fastrtps
-- Up-to-date: /home/leo/acr_ws/install/acr_interfaces/include/acr_interfaces/acr_interfaces/msg
-- Installing: /home/leo/acr_ws/install/acr_interfaces/include/acr_interfaces/acr_interfaces/msg/rosidl_typesupport_fastrtps_cpp__visibility_control.h
-- Installing: /home/leo/acr_ws/install/acr_interfaces/lib/libacr_interfaces__rosidl_typesupport_fastrtps_cpp.so
-- Set non-toolchain portion of runtime path of "/home/leo/acr_ws/install/acr_interfaces/lib/libacr_interfaces__rosidl_typesupport_fastrtps_cpp.so" to ""
-- Up-to-date: /home/leo/acr_ws/install/acr_interfaces/include/acr_interfaces/acr_interfaces
-- Up-to-date: /home/leo/acr_ws/install/acr_interfaces/include/acr_interfaces/acr_interfaces/action
-- Up-to-date: /home/leo/acr_ws/install/acr_interfaces/include/acr_interfaces/acr_interfaces/action/detail
-- Installing: /home/leo/acr_ws/install/acr_interfaces/include/acr_interfaces/acr_interfaces/action/detail/charge_robot__type_support.c
-- Installing: /home/leo/acr_ws/install/acr_interfaces/include/acr_interfaces/acr_interfaces/action/detail/charge_robot__rosidl_typesupport_introspection_c.h
-- Up-to-date: /home/leo/acr_ws/install/acr_interfaces/include/acr_interfaces/acr_interfaces/srv
-- Up-to-date: /home/leo/acr_ws/install/acr_interfaces/include/acr_interfaces/acr_interfaces/srv/detail
-- Installing: /home/leo/acr_ws/install/acr_interfaces/include/acr_interfaces/acr_interfaces/srv/detail/auth_vehicle__rosidl_typesupport_introspection_c.h
-- Installing: /home/leo/acr_ws/install/acr_interfaces/include/acr_interfaces/acr_interfaces/srv/detail/auth_vehicle__type_support.c
-- Up-to-date: /home/leo/acr_ws/install/acr_interfaces/include/acr_interfaces/acr_interfaces/msg
-- Installing: /home/leo/acr_ws/install/acr_interfaces/include/acr_interfaces/acr_interfaces/msg/rosidl_typesupport_introspection_c__visibility_control.h
-- Installing: /home/leo/acr_ws/install/acr_interfaces/lib/libacr_interfaces__rosidl_typesupport_introspection_c.so
-- Set non-toolchain portion of runtime path of "/home/leo/acr_ws/install/acr_interfaces/lib/libacr_interfaces__rosidl_typesupport_introspection_c.so" to ""
-- Installing: /home/leo/acr_ws/install/acr_interfaces/lib/libacr_interfaces__rosidl_typesupport_c.so
-- Set non-toolchain portion of runtime path of "/home/leo/acr_ws/install/acr_interfaces/lib/libacr_interfaces__rosidl_typesupport_c.so" to ""
-- Up-to-date: /home/leo/acr_ws/install/acr_interfaces/include/acr_interfaces/acr_interfaces
-- Up-to-date: /home/leo/acr_ws/install/acr_interfaces/include/acr_interfaces/acr_interfaces/action
-- Up-to-date: /home/leo/acr_ws/install/acr_interfaces/include/acr_interfaces/acr_interfaces/action/detail
-- Installing: /home/leo/acr_ws/install/acr_interfaces/include/acr_interfaces/acr_interfaces/action/detail/charge_robot__type_support.cpp
-- Installing: /home/leo/acr_ws/install/acr_interfaces/include/acr_interfaces/acr_interfaces/action/detail/charge_robot__rosidl_typesupport_introspection_cpp.hpp
-- Up-to-date: /home/leo/acr_ws/install/acr_interfaces/include/acr_interfaces/acr_interfaces/srv
-- Up-to-date: /home/leo/acr_ws/install/acr_interfaces/include/acr_interfaces/acr_interfaces/srv/detail
-- Installing: /home/leo/acr_ws/install/acr_interfaces/include/acr_interfaces/acr_interfaces/srv/detail/auth_vehicle__type_support.cpp
-- Installing: /home/leo/acr_ws/install/acr_interfaces/include/acr_interfaces/acr_interfaces/srv/detail/auth_vehicle__rosidl_typesupport_introspection_cpp.hpp
-- Installing: /home/leo/acr_ws/install/acr_interfaces/lib/libacr_interfaces__rosidl_typesupport_introspection_cpp.so
-- Set non-toolchain portion of runtime path of "/home/leo/acr_ws/install/acr_interfaces/lib/libacr_interfaces__rosidl_typesupport_introspection_cpp.so" to ""
-- Installing: /home/leo/acr_ws/install/acr_interfaces/lib/libacr_interfaces__rosidl_typesupport_cpp.so
-- Set non-toolchain portion of runtime path of "/home/leo/acr_ws/install/acr_interfaces/lib/libacr_interfaces__rosidl_typesupport_cpp.so" to ""
-- Installing: /home/leo/acr_ws/install/acr_interfaces/share/acr_interfaces/environment/pythonpath.sh
-- Installing: /home/leo/acr_ws/install/acr_interfaces/share/acr_interfaces/environment/pythonpath.dsv
-- Installing: /home/leo/acr_ws/install/acr_interfaces/lib/python3.12/site-packages/acr_interfaces-0.1.0-py3.12.egg-info
-- Installing: /home/leo/acr_ws/install/acr_interfaces/lib/python3.12/site-packages/acr_interfaces-0.1.0-py3.12.egg-info/dependency_links.txt
-- Installing: /home/leo/acr_ws/install/acr_interfaces/lib/python3.12/site-packages/acr_interfaces-0.1.0-py3.12.egg-info/PKG-INFO
-- Installing: /home/leo/acr_ws/install/acr_interfaces/lib/python3.12/site-packages/acr_interfaces-0.1.0-py3.12.egg-info/SOURCES.txt
-- Installing: /home/leo/acr_ws/install/acr_interfaces/lib/python3.12/site-packages/acr_interfaces-0.1.0-py3.12.egg-info/top_level.txt
-- Installing: /home/leo/acr_ws/install/acr_interfaces/lib/python3.12/site-packages/acr_interfaces
-- Installing: /home/leo/acr_ws/install/acr_interfaces/lib/python3.12/site-packages/acr_interfaces/action
-- Installing: /home/leo/acr_ws/install/acr_interfaces/lib/python3.12/site-packages/acr_interfaces/action/_charge_robot_s.c
-- Installing: /home/leo/acr_ws/install/acr_interfaces/lib/python3.12/site-packages/acr_interfaces/action/__init__.py
-- Installing: /home/leo/acr_ws/install/acr_interfaces/lib/python3.12/site-packages/acr_interfaces/action/_charge_robot.py
-- Installing: /home/leo/acr_ws/install/acr_interfaces/lib/python3.12/site-packages/acr_interfaces/__init__.py
-- Installing: /home/leo/acr_ws/install/acr_interfaces/lib/python3.12/site-packages/acr_interfaces/_acr_interfaces_s.ep.rosidl_typesupport_c.c
-- Installing: /home/leo/acr_ws/install/acr_interfaces/lib/python3.12/site-packages/acr_interfaces/_acr_interfaces_s.ep.rosidl_typesupport_fastrtps_c.c
-- Installing: /home/leo/acr_ws/install/acr_interfaces/lib/python3.12/site-packages/acr_interfaces/acr_interfaces_s__rosidl_typesupport_c.so
-- Installing: /home/leo/acr_ws/install/acr_interfaces/lib/python3.12/site-packages/acr_interfaces/_acr_interfaces_s.ep.rosidl_typesupport_introspection_c.c
-- Installing: /home/leo/acr_ws/install/acr_interfaces/lib/python3.12/site-packages/acr_interfaces/srv
-- Installing: /home/leo/acr_ws/install/acr_interfaces/lib/python3.12/site-packages/acr_interfaces/srv/_auth_vehicle_s.c
-- Installing: /home/leo/acr_ws/install/acr_interfaces/lib/python3.12/site-packages/acr_interfaces/srv/_auth_vehicle.py
-- Installing: /home/leo/acr_ws/install/acr_interfaces/lib/python3.12/site-packages/acr_interfaces/srv/__init__.py
-- Installing: /home/leo/acr_ws/install/acr_interfaces/lib/python3.12/site-packages/acr_interfaces/acr_interfaces_s__rosidl_typesupport_introspection_c.so
-- Installing: /home/leo/acr_ws/install/acr_interfaces/lib/python3.12/site-packages/acr_interfaces/acr_interfaces_s__rosidl_typesupport_fastrtps_c.so
Listing '/home/leo/acr_ws/install/acr_interfaces/lib/python3.12/site-packages/acr_interfaces'...
Compiling '/home/leo/acr_ws/install/acr_interfaces/lib/python3.12/site-packages/acr_interfaces/__init__.py'...
Listing '/home/leo/acr_ws/install/acr_interfaces/lib/python3.12/site-packages/acr_interfaces/action'...
Compiling '/home/leo/acr_ws/install/acr_interfaces/lib/python3.12/site-packages/acr_interfaces/action/__init__.py'...
Compiling '/home/leo/acr_ws/install/acr_interfaces/lib/python3.12/site-packages/acr_interfaces/action/_charge_robot.py'...
Listing '/home/leo/acr_ws/install/acr_interfaces/lib/python3.12/site-packages/acr_interfaces/srv'...
Compiling '/home/leo/acr_ws/install/acr_interfaces/lib/python3.12/site-packages/acr_interfaces/srv/__init__.py'...
Compiling '/home/leo/acr_ws/install/acr_interfaces/lib/python3.12/site-packages/acr_interfaces/srv/_auth_vehicle.py'...
-- Installing: /home/leo/acr_ws/install/acr_interfaces/lib/python3.12/site-packages/acr_interfaces/acr_interfaces_s__rosidl_typesupport_fastrtps_c.so
-- Set non-toolchain portion of runtime path of "/home/leo/acr_ws/install/acr_interfaces/lib/python3.12/site-packages/acr_interfaces/acr_interfaces_s__rosidl_typesupport_fastrtps_c.so" to ""
-- Installing: /home/leo/acr_ws/install/acr_interfaces/lib/python3.12/site-packages/acr_interfaces/acr_interfaces_s__rosidl_typesupport_introspection_c.so
-- Set non-toolchain portion of runtime path of "/home/leo/acr_ws/install/acr_interfaces/lib/python3.12/site-packages/acr_interfaces/acr_interfaces_s__rosidl_typesupport_introspection_c.so" to ""
-- Installing: /home/leo/acr_ws/install/acr_interfaces/lib/python3.12/site-packages/acr_interfaces/acr_interfaces_s__rosidl_typesupport_c.so
-- Set non-toolchain portion of runtime path of "/home/leo/acr_ws/install/acr_interfaces/lib/python3.12/site-packages/acr_interfaces/acr_interfaces_s__rosidl_typesupport_c.so" to ""
-- Installing: /home/leo/acr_ws/install/acr_interfaces/lib/libacr_interfaces__rosidl_generator_py.so
-- Set non-toolchain portion of runtime path of "/home/leo/acr_ws/install/acr_interfaces/lib/libacr_interfaces__rosidl_generator_py.so" to ""
-- Installing: /home/leo/acr_ws/install/acr_interfaces/share/ament_index/resource_index/rust_packages/acr_interfaces
-- Installing: /home/leo/acr_ws/install/acr_interfaces/share/acr_interfaces/rust
-- Installing: /home/leo/acr_ws/install/acr_interfaces/share/acr_interfaces/rust/Cargo.toml
-- Installing: /home/leo/acr_ws/install/acr_interfaces/share/acr_interfaces/rust/build.rs
-- Installing: /home/leo/acr_ws/install/acr_interfaces/share/acr_interfaces/rust/src
-- Installing: /home/leo/acr_ws/install/acr_interfaces/share/acr_interfaces/rust/src/action
-- Installing: /home/leo/acr_ws/install/acr_interfaces/share/acr_interfaces/rust/src/action/rmw.rs
-- Installing: /home/leo/acr_ws/install/acr_interfaces/share/acr_interfaces/rust/src/srv
-- Installing: /home/leo/acr_ws/install/acr_interfaces/share/acr_interfaces/rust/src/srv/rmw.rs
-- Installing: /home/leo/acr_ws/install/acr_interfaces/share/acr_interfaces/rust/src/srv.rs
-- Installing: /home/leo/acr_ws/install/acr_interfaces/share/acr_interfaces/rust/src/lib.rs
-- Installing: /home/leo/acr_ws/install/acr_interfaces/share/acr_interfaces/rust/src/action.rs
-- Installing: /home/leo/acr_ws/install/acr_interfaces/share/acr_interfaces/srv/AuthVehicle.idl
-- Installing: /home/leo/acr_ws/install/acr_interfaces/share/acr_interfaces/action/ChargeRobot.idl
-- Installing: /home/leo/acr_ws/install/acr_interfaces/share/acr_interfaces/srv/AuthVehicle.srv
-- Installing: /home/leo/acr_ws/install/acr_interfaces/share/acr_interfaces/action/ChargeRobot.action
-- Installing: /home/leo/acr_ws/install/acr_interfaces/share/ament_index/resource_index/package_run_dependencies/acr_interfaces
-- Installing: /home/leo/acr_ws/install/acr_interfaces/share/ament_index/resource_index/parent_prefix_path/acr_interfaces
-- Installing: /home/leo/acr_ws/install/acr_interfaces/share/acr_interfaces/environment/ament_prefix_path.sh
-- Installing: /home/leo/acr_ws/install/acr_interfaces/share/acr_interfaces/environment/ament_prefix_path.dsv
-- Installing: /home/leo/acr_ws/install/acr_interfaces/share/acr_interfaces/environment/path.sh
-- Installing: /home/leo/acr_ws/install/acr_interfaces/share/acr_interfaces/environment/path.dsv
-- Installing: /home/leo/acr_ws/install/acr_interfaces/share/acr_interfaces/local_setup.bash
-- Installing: /home/leo/acr_ws/install/acr_interfaces/share/acr_interfaces/local_setup.sh
-- Installing: /home/leo/acr_ws/install/acr_interfaces/share/acr_interfaces/local_setup.zsh
-- Installing: /home/leo/acr_ws/install/acr_interfaces/share/acr_interfaces/local_setup.dsv
-- Installing: /home/leo/acr_ws/install/acr_interfaces/share/acr_interfaces/package.dsv
-- Installing: /home/leo/acr_ws/install/acr_interfaces/share/ament_index/resource_index/packages/acr_interfaces
-- Installing: /home/leo/acr_ws/install/acr_interfaces/share/acr_interfaces/cmake/export_acr_interfaces__rosidl_generator_cExport.cmake
-- Installing: /home/leo/acr_ws/install/acr_interfaces/share/acr_interfaces/cmake/export_acr_interfaces__rosidl_generator_cExport-noconfig.cmake
-- Installing: /home/leo/acr_ws/install/acr_interfaces/share/acr_interfaces/cmake/export_acr_interfaces__rosidl_typesupport_fastrtps_cExport.cmake
-- Installing: /home/leo/acr_ws/install/acr_interfaces/share/acr_interfaces/cmake/export_acr_interfaces__rosidl_typesupport_fastrtps_cExport-noconfig.cmake
-- Installing: /home/leo/acr_ws/install/acr_interfaces/share/acr_interfaces/cmake/export_acr_interfaces__rosidl_generator_cppExport.cmake
-- Installing: /home/leo/acr_ws/install/acr_interfaces/share/acr_interfaces/cmake/export_acr_interfaces__rosidl_typesupport_fastrtps_cppExport.cmake
-- Installing: /home/leo/acr_ws/install/acr_interfaces/share/acr_interfaces/cmake/export_acr_interfaces__rosidl_typesupport_fastrtps_cppExport-noconfig.cmake
-- Installing: /home/leo/acr_ws/install/acr_interfaces/share/acr_interfaces/cmake/acr_interfaces__rosidl_typesupport_introspection_cExport.cmake
-- Installing: /home/leo/acr_ws/install/acr_interfaces/share/acr_interfaces/cmake/acr_interfaces__rosidl_typesupport_introspection_cExport-noconfig.cmake
-- Installing: /home/leo/acr_ws/install/acr_interfaces/share/acr_interfaces/cmake/acr_interfaces__rosidl_typesupport_cExport.cmake
-- Installing: /home/leo/acr_ws/install/acr_interfaces/share/acr_interfaces/cmake/acr_interfaces__rosidl_typesupport_cExport-noconfig.cmake
-- Installing: /home/leo/acr_ws/install/acr_interfaces/share/acr_interfaces/cmake/acr_interfaces__rosidl_typesupport_introspection_cppExport.cmake
-- Installing: /home/leo/acr_ws/install/acr_interfaces/share/acr_interfaces/cmake/acr_interfaces__rosidl_typesupport_introspection_cppExport-noconfig.cmake
-- Installing: /home/leo/acr_ws/install/acr_interfaces/share/acr_interfaces/cmake/acr_interfaces__rosidl_typesupport_cppExport.cmake
-- Installing: /home/leo/acr_ws/install/acr_interfaces/share/acr_interfaces/cmake/acr_interfaces__rosidl_typesupport_cppExport-noconfig.cmake
-- Installing: /home/leo/acr_ws/install/acr_interfaces/share/acr_interfaces/cmake/export_acr_interfaces__rosidl_generator_pyExport.cmake
-- Installing: /home/leo/acr_ws/install/acr_interfaces/share/acr_interfaces/cmake/export_acr_interfaces__rosidl_generator_pyExport-noconfig.cmake
-- Installing: /home/leo/acr_ws/install/acr_interfaces/share/acr_interfaces/cmake/rosidl_cmake-extras.cmake
-- Installing: /home/leo/acr_ws/install/acr_interfaces/share/acr_interfaces/cmake/ament_cmake_export_dependencies-extras.cmake
-- Installing: /home/leo/acr_ws/install/acr_interfaces/share/acr_interfaces/cmake/ament_cmake_export_include_directories-extras.cmake
-- Installing: /home/leo/acr_ws/install/acr_interfaces/share/acr_interfaces/cmake/ament_cmake_export_libraries-extras.cmake
-- Installing: /home/leo/acr_ws/install/acr_interfaces/share/acr_interfaces/cmake/ament_cmake_export_targets-extras.cmake
-- Installing: /home/leo/acr_ws/install/acr_interfaces/share/acr_interfaces/cmake/rosidl_cmake_export_typesupport_targets-extras.cmake
-- Installing: /home/leo/acr_ws/install/acr_interfaces/share/acr_interfaces/cmake/rosidl_cmake_export_typesupport_libraries-extras.cmake
-- Installing: /home/leo/acr_ws/install/acr_interfaces/share/acr_interfaces/cmake/rosidl_cmake_aggregate_target-extras.cmake
-- Installing: /home/leo/acr_ws/install/acr_interfaces/share/acr_interfaces/cmake/acr_interfacesConfig.cmake
-- Installing: /home/leo/acr_ws/install/acr_interfaces/share/acr_interfaces/cmake/acr_interfacesConfig-version.cmake
-- Installing: /home/leo/acr_ws/install/acr_interfaces/share/acr_interfaces/package.xml
