[0.014s] Invoking command in '/home/leo/acr_ws/build/acr_interfaces': CMAKE_PREFIX_PATH=${CMAKE_PREFIX_PATH}:/opt/ros/jazzy /usr/bin/cmake /home/leo/acr_ws/src/acr_interfaces -DCMAKE_INSTALL_PREFIX=/home/leo/acr_ws/install/acr_interfaces
[0.308s] -- The C compiler identification is GNU 13.3.0
[0.529s] -- The CXX compiler identification is GNU 13.3.0
[0.620s] -- Detecting C compiler ABI info
[0.711s] -- Detecting C compiler ABI info - done
[0.718s] -- Check for working C compiler: /usr/bin/cc - skipped
[0.719s] -- Detecting C compile features
[0.719s] -- Detecting C compile features - done
[0.739s] -- Detecting CXX compiler ABI info
[0.836s] -- Detecting CXX compiler ABI info - done
[0.843s] -- Check for working CXX compiler: /usr/bin/c++ - skipped
[0.843s] -- Detecting CXX compile features
[0.844s] -- Detecting CXX compile features - done
[0.877s] -- Found ament_cmake: 2.5.6 (/opt/ros/jazzy/share/ament_cmake/cmake)
[1.005s] -- Found Python3: /usr/bin/python3 (found version "3.12.3") found components: Interpreter 
[1.146s] -- Found action_msgs: 2.0.4 (/opt/ros/jazzy/share/action_msgs/cmake)
[1.254s] -- Found rosidl_generator_c: 4.6.9 (/opt/ros/jazzy/share/rosidl_generator_c/cmake)
[1.273s] -- Found rosidl_generator_cpp: 4.6.9 (/opt/ros/jazzy/share/rosidl_generator_cpp/cmake)
[1.301s] -- Using all available rosidl_typesupport_c: rosidl_typesupport_fastrtps_c;rosidl_typesupport_introspection_c
[1.327s] -- Using all available rosidl_typesupport_cpp: rosidl_typesupport_fastrtps_cpp;rosidl_typesupport_introspection_cpp
[1.409s] -- Found rosidl_default_generators: 1.6.1 (/opt/ros/jazzy/share/rosidl_default_generators/cmake)
[1.440s] -- Found rosidl_adapter: 4.6.9 (/opt/ros/jazzy/share/rosidl_adapter/cmake)
[1.934s] -- Found ament_cmake_ros: 0.12.1 (/opt/ros/jazzy/share/ament_cmake_ros/cmake)
[2.513s] -- Using all available rosidl_typesupport_c: rosidl_typesupport_fastrtps_c;rosidl_typesupport_introspection_c
[2.733s] -- Using all available rosidl_typesupport_cpp: rosidl_typesupport_fastrtps_cpp;rosidl_typesupport_introspection_cpp
[2.738s] -- Found python_cmake_module: 0.11.1 (/opt/ros/jazzy/share/python_cmake_module/cmake)
[2.852s] -- Found PythonExtra: /usr/bin/python3  
[3.332s] -- Found Python3: /usr/bin/python3 (found version "3.12.3") found components: Interpreter Development NumPy Development.Module Development.Embed 
[3.393s] -- Found Python3: /usr/bin/python3 (found version "3.12.3") found components: Interpreter 
[3.408s] -- Configuring done (3.3s)
[3.447s] -- Generating done (0.0s)
[3.456s] -- Build files have been written to: /home/leo/acr_ws/build/acr_interfaces
[3.465s] Invoked command in '/home/leo/acr_ws/build/acr_interfaces' returned '0': CMAKE_PREFIX_PATH=${CMAKE_PREFIX_PATH}:/opt/ros/jazzy /usr/bin/cmake /home/leo/acr_ws/src/acr_interfaces -DCMAKE_INSTALL_PREFIX=/home/leo/acr_ws/install/acr_interfaces
[3.466s] Invoking command in '/home/leo/acr_ws/build/acr_interfaces': CMAKE_PREFIX_PATH=${CMAKE_PREFIX_PATH}:/opt/ros/jazzy /usr/bin/cmake --build /home/leo/acr_ws/build/acr_interfaces -- -j12 -l12
[3.506s] [  2%] Generating Rust code for ROS interfaces
[3.507s] [  4%] Generating type hashes for ROS interfaces
[3.514s] [  4%] Built target ament_cmake_python_copy_acr_interfaces
[3.713s] running egg_info
[3.714s] creating acr_interfaces.egg-info
[3.714s] [  4%] Built target acr_interfaces__rosidl_generator_type_description
[3.723s] [  6%] Generating C code for ROS interfaces
[3.732s] [  8%] Generating C++ code for ROS interfaces
[3.733s] writing acr_interfaces.egg-info/PKG-INFO
[3.733s] writing dependency_links to acr_interfaces.egg-info/dependency_links.txt
[3.733s] writing top-level names to acr_interfaces.egg-info/top_level.txt
[3.733s] writing manifest file 'acr_interfaces.egg-info/SOURCES.txt'
[3.740s] [  8%] Built target acr_interfaces__rs
[3.783s] reading manifest file 'acr_interfaces.egg-info/SOURCES.txt'
[3.783s] writing manifest file 'acr_interfaces.egg-info/SOURCES.txt'
[3.808s] [  8%] Built target ament_cmake_python_build_acr_interfaces_egg
[4.079s] [  8%] Built target acr_interfaces__cpp
[4.124s] [ 11%] Building C object CMakeFiles/acr_interfaces__rosidl_generator_c.dir/rosidl_generator_c/acr_interfaces/action/detail/charge_robot__description.c.o
[4.124s] [ 13%] Building C object CMakeFiles/acr_interfaces__rosidl_generator_c.dir/rosidl_generator_c/acr_interfaces/action/detail/charge_robot__type_support.c.o
[4.125s] [ 17%] Building C object CMakeFiles/acr_interfaces__rosidl_generator_c.dir/rosidl_generator_c/acr_interfaces/srv/detail/auth_vehicle__type_support.c.o
[4.125s] [ 17%] Building C object CMakeFiles/acr_interfaces__rosidl_generator_c.dir/rosidl_generator_c/acr_interfaces/srv/detail/auth_vehicle__functions.c.o
[4.125s] [ 20%] Building C object CMakeFiles/acr_interfaces__rosidl_generator_c.dir/rosidl_generator_c/acr_interfaces/srv/detail/auth_vehicle__description.c.o
[4.126s] [ 22%] Building C object CMakeFiles/acr_interfaces__rosidl_generator_c.dir/rosidl_generator_c/acr_interfaces/action/detail/charge_robot__functions.c.o
[4.267s] [ 24%] Linking C shared library libacr_interfaces__rosidl_generator_c.so
[4.317s] [ 24%] Built target acr_interfaces__rosidl_generator_c
[4.326s] [ 26%] Generating C++ type support dispatch for ROS interfaces
[4.326s] [ 28%] Generating C type support dispatch for ROS interfaces
[4.326s] [ 31%] Generating C introspection for ROS interfaces
[4.327s] [ 33%] Generating C type support for eProsima Fast-RTPS
[4.331s] [ 35%] Generating C++ type support for eProsima Fast-RTPS
[4.331s] [ 37%] Generating C++ introspection for ROS interfaces
[4.609s] [ 42%] Building CXX object CMakeFiles/acr_interfaces__rosidl_typesupport_c.dir/rosidl_typesupport_c/acr_interfaces/action/charge_robot__type_support.cpp.o
[4.609s] [ 42%] Building CXX object CMakeFiles/acr_interfaces__rosidl_typesupport_c.dir/rosidl_typesupport_c/acr_interfaces/srv/auth_vehicle__type_support.cpp.o
[4.639s] [ 44%] Building CXX object CMakeFiles/acr_interfaces__rosidl_typesupport_cpp.dir/rosidl_typesupport_cpp/acr_interfaces/srv/auth_vehicle__type_support.cpp.o
[4.639s] [ 46%] Building CXX object CMakeFiles/acr_interfaces__rosidl_typesupport_cpp.dir/rosidl_typesupport_cpp/acr_interfaces/action/charge_robot__type_support.cpp.o
[4.661s] [ 51%] Building CXX object CMakeFiles/acr_interfaces__rosidl_typesupport_introspection_cpp.dir/rosidl_typesupport_introspection_cpp/acr_interfaces/action/detail/charge_robot__type_support.cpp.o
[4.661s] [ 51%] Building CXX object CMakeFiles/acr_interfaces__rosidl_typesupport_introspection_cpp.dir/rosidl_typesupport_introspection_cpp/acr_interfaces/srv/detail/auth_vehicle__type_support.cpp.o
[4.677s] [ 53%] Linking CXX shared library libacr_interfaces__rosidl_typesupport_c.so
[4.707s] [ 55%] Building C object CMakeFiles/acr_interfaces__rosidl_typesupport_introspection_c.dir/rosidl_typesupport_introspection_c/acr_interfaces/action/detail/charge_robot__type_support.c.o
[4.707s] [ 57%] Building C object CMakeFiles/acr_interfaces__rosidl_typesupport_introspection_c.dir/rosidl_typesupport_introspection_c/acr_interfaces/srv/detail/auth_vehicle__type_support.c.o
[4.748s] [ 57%] Built target acr_interfaces__rosidl_typesupport_c
[4.779s] [ 60%] Linking C shared library libacr_interfaces__rosidl_typesupport_introspection_c.so
[4.825s] [ 60%] Built target acr_interfaces__rosidl_typesupport_introspection_c
[4.881s] [ 64%] Building CXX object CMakeFiles/acr_interfaces__rosidl_typesupport_fastrtps_cpp.dir/rosidl_typesupport_fastrtps_cpp/acr_interfaces/srv/detail/dds_fastrtps/auth_vehicle__type_support.cpp.o
[4.881s] [ 64%] Building CXX object CMakeFiles/acr_interfaces__rosidl_typesupport_fastrtps_cpp.dir/rosidl_typesupport_fastrtps_cpp/acr_interfaces/action/detail/dds_fastrtps/charge_robot__type_support.cpp.o
[4.913s] [ 66%] Building CXX object CMakeFiles/acr_interfaces__rosidl_typesupport_fastrtps_c.dir/rosidl_typesupport_fastrtps_c/acr_interfaces/action/detail/charge_robot__type_support_c.cpp.o
[4.914s] [ 68%] Building CXX object CMakeFiles/acr_interfaces__rosidl_typesupport_fastrtps_c.dir/rosidl_typesupport_fastrtps_c/acr_interfaces/srv/detail/auth_vehicle__type_support_c.cpp.o
[5.391s] [ 71%] Linking CXX shared library libacr_interfaces__rosidl_typesupport_cpp.so
[5.465s] [ 73%] Linking CXX shared library libacr_interfaces__rosidl_typesupport_fastrtps_c.so
[5.468s] [ 75%] Linking CXX shared library libacr_interfaces__rosidl_typesupport_introspection_cpp.so
[5.470s] [ 75%] Built target acr_interfaces__rosidl_typesupport_cpp
[5.546s] [ 75%] Built target acr_interfaces__rosidl_typesupport_fastrtps_c
[5.551s] [ 75%] Built target acr_interfaces__rosidl_typesupport_introspection_cpp
[5.777s] [ 77%] Linking CXX shared library libacr_interfaces__rosidl_typesupport_fastrtps_cpp.so
[5.849s] [ 77%] Built target acr_interfaces__rosidl_typesupport_fastrtps_cpp
[5.865s] [ 77%] Built target acr_interfaces
[5.881s] [ 80%] Generating Python code for ROS interfaces
[6.429s] [ 80%] Built target acr_interfaces__py
[6.445s] [ 84%] Building C object CMakeFiles/acr_interfaces__rosidl_generator_py.dir/rosidl_generator_py/acr_interfaces/action/_charge_robot_s.c.o
[6.445s] [ 84%] Building C object CMakeFiles/acr_interfaces__rosidl_generator_py.dir/rosidl_generator_py/acr_interfaces/srv/_auth_vehicle_s.c.o
[6.634s] [ 86%] Linking C shared library libacr_interfaces__rosidl_generator_py.so
[6.680s] [ 86%] Built target acr_interfaces__rosidl_generator_py
[6.697s] [ 88%] Building C object CMakeFiles/acr_interfaces_s__rosidl_typesupport_fastrtps_c.dir/rosidl_generator_py/acr_interfaces/_acr_interfaces_s.ep.rosidl_typesupport_fastrtps_c.c.o
[6.698s] [ 91%] Building C object CMakeFiles/acr_interfaces_s__rosidl_typesupport_c.dir/rosidl_generator_py/acr_interfaces/_acr_interfaces_s.ep.rosidl_typesupport_c.c.o
[6.698s] [ 93%] Building C object CMakeFiles/acr_interfaces_s__rosidl_typesupport_introspection_c.dir/rosidl_generator_py/acr_interfaces/_acr_interfaces_s.ep.rosidl_typesupport_introspection_c.c.o
[6.806s] [ 95%] Linking C shared module rosidl_generator_py/acr_interfaces/acr_interfaces_s__rosidl_typesupport_c.so
[6.806s] [ 97%] Linking C shared module rosidl_generator_py/acr_interfaces/acr_interfaces_s__rosidl_typesupport_introspection_c.so
[6.817s] [100%] Linking C shared module rosidl_generator_py/acr_interfaces/acr_interfaces_s__rosidl_typesupport_fastrtps_c.so
[6.846s] [100%] Built target acr_interfaces_s__rosidl_typesupport_c
[6.846s] [100%] Built target acr_interfaces_s__rosidl_typesupport_introspection_c
[6.854s] [100%] Built target acr_interfaces_s__rosidl_typesupport_fastrtps_c
[6.863s] Invoked command in '/home/leo/acr_ws/build/acr_interfaces' returned '0': CMAKE_PREFIX_PATH=${CMAKE_PREFIX_PATH}:/opt/ros/jazzy /usr/bin/cmake --build /home/leo/acr_ws/build/acr_interfaces -- -j12 -l12
[6.870s] Invoking command in '/home/leo/acr_ws/build/acr_interfaces': CMAKE_PREFIX_PATH=${CMAKE_PREFIX_PATH}:/opt/ros/jazzy /usr/bin/cmake --install /home/leo/acr_ws/build/acr_interfaces
[6.876s] -- Install configuration: ""
[6.877s] -- Installing: /home/leo/acr_ws/install/acr_interfaces/share/ament_index/resource_index/rosidl_interfaces/acr_interfaces
[6.877s] -- Installing: /home/leo/acr_ws/install/acr_interfaces/share/acr_interfaces/srv/AuthVehicle.json
[6.877s] -- Installing: /home/leo/acr_ws/install/acr_interfaces/share/acr_interfaces/action/ChargeRobot.json
[6.877s] -- Installing: /home/leo/acr_ws/install/acr_interfaces/include/acr_interfaces/acr_interfaces
[6.878s] -- Installing: /home/leo/acr_ws/install/acr_interfaces/include/acr_interfaces/acr_interfaces/action
[6.878s] -- Installing: /home/leo/acr_ws/install/acr_interfaces/include/acr_interfaces/acr_interfaces/action/detail
[6.878s] -- Installing: /home/leo/acr_ws/install/acr_interfaces/include/acr_interfaces/acr_interfaces/action/detail/charge_robot__functions.h
[6.878s] -- Installing: /home/leo/acr_ws/install/acr_interfaces/include/acr_interfaces/acr_interfaces/action/detail/charge_robot__functions.c
[6.878s] -- Installing: /home/leo/acr_ws/install/acr_interfaces/include/acr_interfaces/acr_interfaces/action/detail/charge_robot__type_support.c
[6.878s] -- Installing: /home/leo/acr_ws/install/acr_interfaces/include/acr_interfaces/acr_interfaces/action/detail/charge_robot__type_support.h
[6.879s] -- Installing: /home/leo/acr_ws/install/acr_interfaces/include/acr_interfaces/acr_interfaces/action/detail/charge_robot__description.c
[6.879s] -- Installing: /home/leo/acr_ws/install/acr_interfaces/include/acr_interfaces/acr_interfaces/action/detail/charge_robot__struct.h
[6.879s] -- Installing: /home/leo/acr_ws/install/acr_interfaces/include/acr_interfaces/acr_interfaces/action/charge_robot.h
[6.879s] -- Installing: /home/leo/acr_ws/install/acr_interfaces/include/acr_interfaces/acr_interfaces/srv
[6.879s] -- Installing: /home/leo/acr_ws/install/acr_interfaces/include/acr_interfaces/acr_interfaces/srv/detail
[6.880s] -- Installing: /home/leo/acr_ws/install/acr_interfaces/include/acr_interfaces/acr_interfaces/srv/detail/auth_vehicle__type_support.h
[6.880s] -- Installing: /home/leo/acr_ws/install/acr_interfaces/include/acr_interfaces/acr_interfaces/srv/detail/auth_vehicle__functions.h
[6.880s] -- Installing: /home/leo/acr_ws/install/acr_interfaces/include/acr_interfaces/acr_interfaces/srv/detail/auth_vehicle__struct.h
[6.880s] -- Installing: /home/leo/acr_ws/install/acr_interfaces/include/acr_interfaces/acr_interfaces/srv/detail/auth_vehicle__description.c
[6.880s] -- Installing: /home/leo/acr_ws/install/acr_interfaces/include/acr_interfaces/acr_interfaces/srv/detail/auth_vehicle__functions.c
[6.880s] -- Installing: /home/leo/acr_ws/install/acr_interfaces/include/acr_interfaces/acr_interfaces/srv/detail/auth_vehicle__type_support.c
[6.880s] -- Installing: /home/leo/acr_ws/install/acr_interfaces/include/acr_interfaces/acr_interfaces/srv/auth_vehicle.h
[6.881s] -- Installing: /home/leo/acr_ws/install/acr_interfaces/include/acr_interfaces/acr_interfaces/msg
[6.881s] -- Installing: /home/leo/acr_ws/install/acr_interfaces/include/acr_interfaces/acr_interfaces/msg/rosidl_generator_c__visibility_control.h
[6.881s] -- Installing: /home/leo/acr_ws/install/acr_interfaces/share/acr_interfaces/environment/library_path.sh
[6.881s] -- Installing: /home/leo/acr_ws/install/acr_interfaces/share/acr_interfaces/environment/library_path.dsv
[6.881s] -- Installing: /home/leo/acr_ws/install/acr_interfaces/lib/libacr_interfaces__rosidl_generator_c.so
[6.882s] -- Set non-toolchain portion of runtime path of "/home/leo/acr_ws/install/acr_interfaces/lib/libacr_interfaces__rosidl_generator_c.so" to ""
[6.882s] -- Up-to-date: /home/leo/acr_ws/install/acr_interfaces/include/acr_interfaces/acr_interfaces
[6.882s] -- Up-to-date: /home/leo/acr_ws/install/acr_interfaces/include/acr_interfaces/acr_interfaces/action
[6.882s] -- Up-to-date: /home/leo/acr_ws/install/acr_interfaces/include/acr_interfaces/acr_interfaces/action/detail
[6.882s] -- Installing: /home/leo/acr_ws/install/acr_interfaces/include/acr_interfaces/acr_interfaces/action/detail/charge_robot__rosidl_typesupport_fastrtps_c.h
[6.882s] -- Up-to-date: /home/leo/acr_ws/install/acr_interfaces/include/acr_interfaces/acr_interfaces/srv
[6.882s] -- Up-to-date: /home/leo/acr_ws/install/acr_interfaces/include/acr_interfaces/acr_interfaces/srv/detail
[6.883s] -- Installing: /home/leo/acr_ws/install/acr_interfaces/include/acr_interfaces/acr_interfaces/srv/detail/auth_vehicle__rosidl_typesupport_fastrtps_c.h
[6.883s] -- Up-to-date: /home/leo/acr_ws/install/acr_interfaces/include/acr_interfaces/acr_interfaces/msg
[6.883s] -- Installing: /home/leo/acr_ws/install/acr_interfaces/include/acr_interfaces/acr_interfaces/msg/rosidl_typesupport_fastrtps_c__visibility_control.h
[6.883s] -- Installing: /home/leo/acr_ws/install/acr_interfaces/lib/libacr_interfaces__rosidl_typesupport_fastrtps_c.so
[6.883s] -- Set non-toolchain portion of runtime path of "/home/leo/acr_ws/install/acr_interfaces/lib/libacr_interfaces__rosidl_typesupport_fastrtps_c.so" to ""
[6.883s] -- Up-to-date: /home/leo/acr_ws/install/acr_interfaces/include/acr_interfaces/acr_interfaces
[6.883s] -- Up-to-date: /home/leo/acr_ws/install/acr_interfaces/include/acr_interfaces/acr_interfaces/action
[6.883s] -- Up-to-date: /home/leo/acr_ws/install/acr_interfaces/include/acr_interfaces/acr_interfaces/action/detail
[6.884s] -- Installing: /home/leo/acr_ws/install/acr_interfaces/include/acr_interfaces/acr_interfaces/action/detail/charge_robot__builder.hpp
[6.884s] -- Installing: /home/leo/acr_ws/install/acr_interfaces/include/acr_interfaces/acr_interfaces/action/detail/charge_robot__type_support.hpp
[6.884s] -- Installing: /home/leo/acr_ws/install/acr_interfaces/include/acr_interfaces/acr_interfaces/action/detail/charge_robot__traits.hpp
[6.884s] -- Installing: /home/leo/acr_ws/install/acr_interfaces/include/acr_interfaces/acr_interfaces/action/detail/charge_robot__struct.hpp
[6.884s] -- Installing: /home/leo/acr_ws/install/acr_interfaces/include/acr_interfaces/acr_interfaces/action/charge_robot.hpp
[6.884s] -- Up-to-date: /home/leo/acr_ws/install/acr_interfaces/include/acr_interfaces/acr_interfaces/srv
[6.884s] -- Up-to-date: /home/leo/acr_ws/install/acr_interfaces/include/acr_interfaces/acr_interfaces/srv/detail
[6.884s] -- Installing: /home/leo/acr_ws/install/acr_interfaces/include/acr_interfaces/acr_interfaces/srv/detail/auth_vehicle__struct.hpp
[6.884s] -- Installing: /home/leo/acr_ws/install/acr_interfaces/include/acr_interfaces/acr_interfaces/srv/detail/auth_vehicle__builder.hpp
[6.885s] -- Installing: /home/leo/acr_ws/install/acr_interfaces/include/acr_interfaces/acr_interfaces/srv/detail/auth_vehicle__type_support.hpp
[6.885s] -- Installing: /home/leo/acr_ws/install/acr_interfaces/include/acr_interfaces/acr_interfaces/srv/detail/auth_vehicle__traits.hpp
[6.885s] -- Installing: /home/leo/acr_ws/install/acr_interfaces/include/acr_interfaces/acr_interfaces/srv/auth_vehicle.hpp
[6.885s] -- Up-to-date: /home/leo/acr_ws/install/acr_interfaces/include/acr_interfaces/acr_interfaces/msg
[6.885s] -- Installing: /home/leo/acr_ws/install/acr_interfaces/include/acr_interfaces/acr_interfaces/msg/rosidl_generator_cpp__visibility_control.hpp
[6.885s] -- Up-to-date: /home/leo/acr_ws/install/acr_interfaces/include/acr_interfaces/acr_interfaces
[6.886s] -- Up-to-date: /home/leo/acr_ws/install/acr_interfaces/include/acr_interfaces/acr_interfaces/action
[6.886s] -- Up-to-date: /home/leo/acr_ws/install/acr_interfaces/include/acr_interfaces/acr_interfaces/action/detail
[6.886s] -- Installing: /home/leo/acr_ws/install/acr_interfaces/include/acr_interfaces/acr_interfaces/action/detail/charge_robot__rosidl_typesupport_fastrtps_cpp.hpp
[6.886s] -- Installing: /home/leo/acr_ws/install/acr_interfaces/include/acr_interfaces/acr_interfaces/action/detail/dds_fastrtps
[6.886s] -- Up-to-date: /home/leo/acr_ws/install/acr_interfaces/include/acr_interfaces/acr_interfaces/srv
[6.887s] -- Up-to-date: /home/leo/acr_ws/install/acr_interfaces/include/acr_interfaces/acr_interfaces/srv/detail
[6.887s] -- Installing: /home/leo/acr_ws/install/acr_interfaces/include/acr_interfaces/acr_interfaces/srv/detail/auth_vehicle__rosidl_typesupport_fastrtps_cpp.hpp
[6.887s] -- Installing: /home/leo/acr_ws/install/acr_interfaces/include/acr_interfaces/acr_interfaces/srv/detail/dds_fastrtps
[6.887s] -- Up-to-date: /home/leo/acr_ws/install/acr_interfaces/include/acr_interfaces/acr_interfaces/msg
[6.887s] -- Installing: /home/leo/acr_ws/install/acr_interfaces/include/acr_interfaces/acr_interfaces/msg/rosidl_typesupport_fastrtps_cpp__visibility_control.h
[6.887s] -- Installing: /home/leo/acr_ws/install/acr_interfaces/lib/libacr_interfaces__rosidl_typesupport_fastrtps_cpp.so
[6.887s] -- Set non-toolchain portion of runtime path of "/home/leo/acr_ws/install/acr_interfaces/lib/libacr_interfaces__rosidl_typesupport_fastrtps_cpp.so" to ""
[6.887s] -- Up-to-date: /home/leo/acr_ws/install/acr_interfaces/include/acr_interfaces/acr_interfaces
[6.888s] -- Up-to-date: /home/leo/acr_ws/install/acr_interfaces/include/acr_interfaces/acr_interfaces/action
[6.888s] -- Up-to-date: /home/leo/acr_ws/install/acr_interfaces/include/acr_interfaces/acr_interfaces/action/detail
[6.888s] -- Installing: /home/leo/acr_ws/install/acr_interfaces/include/acr_interfaces/acr_interfaces/action/detail/charge_robot__type_support.c
[6.888s] -- Installing: /home/leo/acr_ws/install/acr_interfaces/include/acr_interfaces/acr_interfaces/action/detail/charge_robot__rosidl_typesupport_introspection_c.h
[6.888s] -- Up-to-date: /home/leo/acr_ws/install/acr_interfaces/include/acr_interfaces/acr_interfaces/srv
[6.888s] -- Up-to-date: /home/leo/acr_ws/install/acr_interfaces/include/acr_interfaces/acr_interfaces/srv/detail
[6.888s] -- Installing: /home/leo/acr_ws/install/acr_interfaces/include/acr_interfaces/acr_interfaces/srv/detail/auth_vehicle__rosidl_typesupport_introspection_c.h
[6.888s] -- Installing: /home/leo/acr_ws/install/acr_interfaces/include/acr_interfaces/acr_interfaces/srv/detail/auth_vehicle__type_support.c
[6.888s] -- Up-to-date: /home/leo/acr_ws/install/acr_interfaces/include/acr_interfaces/acr_interfaces/msg
[6.888s] -- Installing: /home/leo/acr_ws/install/acr_interfaces/include/acr_interfaces/acr_interfaces/msg/rosidl_typesupport_introspection_c__visibility_control.h
[6.888s] -- Installing: /home/leo/acr_ws/install/acr_interfaces/lib/libacr_interfaces__rosidl_typesupport_introspection_c.so
[6.888s] -- Set non-toolchain portion of runtime path of "/home/leo/acr_ws/install/acr_interfaces/lib/libacr_interfaces__rosidl_typesupport_introspection_c.so" to ""
[6.888s] -- Installing: /home/leo/acr_ws/install/acr_interfaces/lib/libacr_interfaces__rosidl_typesupport_c.so
[6.888s] -- Set non-toolchain portion of runtime path of "/home/leo/acr_ws/install/acr_interfaces/lib/libacr_interfaces__rosidl_typesupport_c.so" to ""
[6.888s] -- Up-to-date: /home/leo/acr_ws/install/acr_interfaces/include/acr_interfaces/acr_interfaces
[6.888s] -- Up-to-date: /home/leo/acr_ws/install/acr_interfaces/include/acr_interfaces/acr_interfaces/action
[6.888s] -- Up-to-date: /home/leo/acr_ws/install/acr_interfaces/include/acr_interfaces/acr_interfaces/action/detail
[6.888s] -- Installing: /home/leo/acr_ws/install/acr_interfaces/include/acr_interfaces/acr_interfaces/action/detail/charge_robot__type_support.cpp
[6.888s] -- Installing: /home/leo/acr_ws/install/acr_interfaces/include/acr_interfaces/acr_interfaces/action/detail/charge_robot__rosidl_typesupport_introspection_cpp.hpp
[6.888s] -- Up-to-date: /home/leo/acr_ws/install/acr_interfaces/include/acr_interfaces/acr_interfaces/srv
[6.888s] -- Up-to-date: /home/leo/acr_ws/install/acr_interfaces/include/acr_interfaces/acr_interfaces/srv/detail
[6.888s] -- Installing: /home/leo/acr_ws/install/acr_interfaces/include/acr_interfaces/acr_interfaces/srv/detail/auth_vehicle__type_support.cpp
[6.888s] -- Installing: /home/leo/acr_ws/install/acr_interfaces/include/acr_interfaces/acr_interfaces/srv/detail/auth_vehicle__rosidl_typesupport_introspection_cpp.hpp
[6.888s] -- Installing: /home/leo/acr_ws/install/acr_interfaces/lib/libacr_interfaces__rosidl_typesupport_introspection_cpp.so
[6.888s] -- Set non-toolchain portion of runtime path of "/home/leo/acr_ws/install/acr_interfaces/lib/libacr_interfaces__rosidl_typesupport_introspection_cpp.so" to ""
[6.888s] -- Installing: /home/leo/acr_ws/install/acr_interfaces/lib/libacr_interfaces__rosidl_typesupport_cpp.so
[6.888s] -- Set non-toolchain portion of runtime path of "/home/leo/acr_ws/install/acr_interfaces/lib/libacr_interfaces__rosidl_typesupport_cpp.so" to ""
[6.888s] -- Installing: /home/leo/acr_ws/install/acr_interfaces/share/acr_interfaces/environment/pythonpath.sh
[6.888s] -- Installing: /home/leo/acr_ws/install/acr_interfaces/share/acr_interfaces/environment/pythonpath.dsv
[6.888s] -- Installing: /home/leo/acr_ws/install/acr_interfaces/lib/python3.12/site-packages/acr_interfaces-0.1.0-py3.12.egg-info
[6.889s] -- Installing: /home/leo/acr_ws/install/acr_interfaces/lib/python3.12/site-packages/acr_interfaces-0.1.0-py3.12.egg-info/dependency_links.txt
[6.889s] -- Installing: /home/leo/acr_ws/install/acr_interfaces/lib/python3.12/site-packages/acr_interfaces-0.1.0-py3.12.egg-info/PKG-INFO
[6.889s] -- Installing: /home/leo/acr_ws/install/acr_interfaces/lib/python3.12/site-packages/acr_interfaces-0.1.0-py3.12.egg-info/SOURCES.txt
[6.889s] -- Installing: /home/leo/acr_ws/install/acr_interfaces/lib/python3.12/site-packages/acr_interfaces-0.1.0-py3.12.egg-info/top_level.txt
[6.889s] -- Installing: /home/leo/acr_ws/install/acr_interfaces/lib/python3.12/site-packages/acr_interfaces
[6.889s] -- Installing: /home/leo/acr_ws/install/acr_interfaces/lib/python3.12/site-packages/acr_interfaces/action
[6.889s] -- Installing: /home/leo/acr_ws/install/acr_interfaces/lib/python3.12/site-packages/acr_interfaces/action/_charge_robot_s.c
[6.889s] -- Installing: /home/leo/acr_ws/install/acr_interfaces/lib/python3.12/site-packages/acr_interfaces/action/__init__.py
[6.889s] -- Installing: /home/leo/acr_ws/install/acr_interfaces/lib/python3.12/site-packages/acr_interfaces/action/_charge_robot.py
[6.889s] -- Installing: /home/leo/acr_ws/install/acr_interfaces/lib/python3.12/site-packages/acr_interfaces/__init__.py
[6.889s] -- Installing: /home/leo/acr_ws/install/acr_interfaces/lib/python3.12/site-packages/acr_interfaces/_acr_interfaces_s.ep.rosidl_typesupport_c.c
[6.889s] -- Installing: /home/leo/acr_ws/install/acr_interfaces/lib/python3.12/site-packages/acr_interfaces/_acr_interfaces_s.ep.rosidl_typesupport_fastrtps_c.c
[6.889s] -- Installing: /home/leo/acr_ws/install/acr_interfaces/lib/python3.12/site-packages/acr_interfaces/acr_interfaces_s__rosidl_typesupport_c.so
[6.889s] -- Installing: /home/leo/acr_ws/install/acr_interfaces/lib/python3.12/site-packages/acr_interfaces/_acr_interfaces_s.ep.rosidl_typesupport_introspection_c.c
[6.889s] -- Installing: /home/leo/acr_ws/install/acr_interfaces/lib/python3.12/site-packages/acr_interfaces/srv
[6.889s] -- Installing: /home/leo/acr_ws/install/acr_interfaces/lib/python3.12/site-packages/acr_interfaces/srv/_auth_vehicle_s.c
[6.889s] -- Installing: /home/leo/acr_ws/install/acr_interfaces/lib/python3.12/site-packages/acr_interfaces/srv/_auth_vehicle.py
[6.889s] -- Installing: /home/leo/acr_ws/install/acr_interfaces/lib/python3.12/site-packages/acr_interfaces/srv/__init__.py
[6.889s] -- Installing: /home/leo/acr_ws/install/acr_interfaces/lib/python3.12/site-packages/acr_interfaces/acr_interfaces_s__rosidl_typesupport_introspection_c.so
[6.889s] -- Installing: /home/leo/acr_ws/install/acr_interfaces/lib/python3.12/site-packages/acr_interfaces/acr_interfaces_s__rosidl_typesupport_fastrtps_c.so
[6.931s] Listing '/home/leo/acr_ws/install/acr_interfaces/lib/python3.12/site-packages/acr_interfaces'...
[6.931s] Compiling '/home/leo/acr_ws/install/acr_interfaces/lib/python3.12/site-packages/acr_interfaces/__init__.py'...
[6.931s] Listing '/home/leo/acr_ws/install/acr_interfaces/lib/python3.12/site-packages/acr_interfaces/action'...
[6.931s] Compiling '/home/leo/acr_ws/install/acr_interfaces/lib/python3.12/site-packages/acr_interfaces/action/__init__.py'...
[6.931s] Compiling '/home/leo/acr_ws/install/acr_interfaces/lib/python3.12/site-packages/acr_interfaces/action/_charge_robot.py'...
[6.931s] Listing '/home/leo/acr_ws/install/acr_interfaces/lib/python3.12/site-packages/acr_interfaces/srv'...
[6.931s] Compiling '/home/leo/acr_ws/install/acr_interfaces/lib/python3.12/site-packages/acr_interfaces/srv/__init__.py'...
[6.931s] Compiling '/home/leo/acr_ws/install/acr_interfaces/lib/python3.12/site-packages/acr_interfaces/srv/_auth_vehicle.py'...
[6.937s] -- Installing: /home/leo/acr_ws/install/acr_interfaces/lib/python3.12/site-packages/acr_interfaces/acr_interfaces_s__rosidl_typesupport_fastrtps_c.so
[6.937s] -- Set non-toolchain portion of runtime path of "/home/leo/acr_ws/install/acr_interfaces/lib/python3.12/site-packages/acr_interfaces/acr_interfaces_s__rosidl_typesupport_fastrtps_c.so" to ""
[6.937s] -- Installing: /home/leo/acr_ws/install/acr_interfaces/lib/python3.12/site-packages/acr_interfaces/acr_interfaces_s__rosidl_typesupport_introspection_c.so
[6.937s] -- Set non-toolchain portion of runtime path of "/home/leo/acr_ws/install/acr_interfaces/lib/python3.12/site-packages/acr_interfaces/acr_interfaces_s__rosidl_typesupport_introspection_c.so" to ""
[6.938s] -- Installing: /home/leo/acr_ws/install/acr_interfaces/lib/python3.12/site-packages/acr_interfaces/acr_interfaces_s__rosidl_typesupport_c.so
[6.938s] -- Set non-toolchain portion of runtime path of "/home/leo/acr_ws/install/acr_interfaces/lib/python3.12/site-packages/acr_interfaces/acr_interfaces_s__rosidl_typesupport_c.so" to ""
[6.938s] -- Installing: /home/leo/acr_ws/install/acr_interfaces/lib/libacr_interfaces__rosidl_generator_py.so
[6.938s] -- Set non-toolchain portion of runtime path of "/home/leo/acr_ws/install/acr_interfaces/lib/libacr_interfaces__rosidl_generator_py.so" to ""
[6.938s] -- Installing: /home/leo/acr_ws/install/acr_interfaces/share/ament_index/resource_index/rust_packages/acr_interfaces
[6.938s] -- Installing: /home/leo/acr_ws/install/acr_interfaces/share/acr_interfaces/rust
[6.939s] -- Installing: /home/leo/acr_ws/install/acr_interfaces/share/acr_interfaces/rust/Cargo.toml
[6.939s] -- Installing: /home/leo/acr_ws/install/acr_interfaces/share/acr_interfaces/rust/build.rs
[6.939s] -- Installing: /home/leo/acr_ws/install/acr_interfaces/share/acr_interfaces/rust/src
[6.939s] -- Installing: /home/leo/acr_ws/install/acr_interfaces/share/acr_interfaces/rust/src/action
[6.939s] -- Installing: /home/leo/acr_ws/install/acr_interfaces/share/acr_interfaces/rust/src/action/rmw.rs
[6.939s] -- Installing: /home/leo/acr_ws/install/acr_interfaces/share/acr_interfaces/rust/src/srv
[6.939s] -- Installing: /home/leo/acr_ws/install/acr_interfaces/share/acr_interfaces/rust/src/srv/rmw.rs
[6.940s] -- Installing: /home/leo/acr_ws/install/acr_interfaces/share/acr_interfaces/rust/src/srv.rs
[6.940s] -- Installing: /home/leo/acr_ws/install/acr_interfaces/share/acr_interfaces/rust/src/lib.rs
[6.940s] -- Installing: /home/leo/acr_ws/install/acr_interfaces/share/acr_interfaces/rust/src/action.rs
[6.940s] -- Installing: /home/leo/acr_ws/install/acr_interfaces/share/acr_interfaces/srv/AuthVehicle.idl
[6.940s] -- Installing: /home/leo/acr_ws/install/acr_interfaces/share/acr_interfaces/action/ChargeRobot.idl
[6.941s] -- Installing: /home/leo/acr_ws/install/acr_interfaces/share/acr_interfaces/srv/AuthVehicle.srv
[6.941s] -- Installing: /home/leo/acr_ws/install/acr_interfaces/share/acr_interfaces/action/ChargeRobot.action
[6.941s] -- Installing: /home/leo/acr_ws/install/acr_interfaces/share/ament_index/resource_index/package_run_dependencies/acr_interfaces
[6.941s] -- Installing: /home/leo/acr_ws/install/acr_interfaces/share/ament_index/resource_index/parent_prefix_path/acr_interfaces
[6.941s] -- Installing: /home/leo/acr_ws/install/acr_interfaces/share/acr_interfaces/environment/ament_prefix_path.sh
[6.941s] -- Installing: /home/leo/acr_ws/install/acr_interfaces/share/acr_interfaces/environment/ament_prefix_path.dsv
[6.941s] -- Installing: /home/leo/acr_ws/install/acr_interfaces/share/acr_interfaces/environment/path.sh
[6.941s] -- Installing: /home/leo/acr_ws/install/acr_interfaces/share/acr_interfaces/environment/path.dsv
[6.941s] -- Installing: /home/leo/acr_ws/install/acr_interfaces/share/acr_interfaces/local_setup.bash
[6.941s] -- Installing: /home/leo/acr_ws/install/acr_interfaces/share/acr_interfaces/local_setup.sh
[6.942s] -- Installing: /home/leo/acr_ws/install/acr_interfaces/share/acr_interfaces/local_setup.zsh
[6.942s] -- Installing: /home/leo/acr_ws/install/acr_interfaces/share/acr_interfaces/local_setup.dsv
[6.942s] -- Installing: /home/leo/acr_ws/install/acr_interfaces/share/acr_interfaces/package.dsv
[6.942s] -- Installing: /home/leo/acr_ws/install/acr_interfaces/share/ament_index/resource_index/packages/acr_interfaces
[6.942s] -- Installing: /home/leo/acr_ws/install/acr_interfaces/share/acr_interfaces/cmake/export_acr_interfaces__rosidl_generator_cExport.cmake
[6.942s] -- Installing: /home/leo/acr_ws/install/acr_interfaces/share/acr_interfaces/cmake/export_acr_interfaces__rosidl_generator_cExport-noconfig.cmake
[6.942s] -- Installing: /home/leo/acr_ws/install/acr_interfaces/share/acr_interfaces/cmake/export_acr_interfaces__rosidl_typesupport_fastrtps_cExport.cmake
[6.942s] -- Installing: /home/leo/acr_ws/install/acr_interfaces/share/acr_interfaces/cmake/export_acr_interfaces__rosidl_typesupport_fastrtps_cExport-noconfig.cmake
[6.943s] -- Installing: /home/leo/acr_ws/install/acr_interfaces/share/acr_interfaces/cmake/export_acr_interfaces__rosidl_generator_cppExport.cmake
[6.943s] -- Installing: /home/leo/acr_ws/install/acr_interfaces/share/acr_interfaces/cmake/export_acr_interfaces__rosidl_typesupport_fastrtps_cppExport.cmake
[6.943s] -- Installing: /home/leo/acr_ws/install/acr_interfaces/share/acr_interfaces/cmake/export_acr_interfaces__rosidl_typesupport_fastrtps_cppExport-noconfig.cmake
[6.943s] -- Installing: /home/leo/acr_ws/install/acr_interfaces/share/acr_interfaces/cmake/acr_interfaces__rosidl_typesupport_introspection_cExport.cmake
[6.943s] -- Installing: /home/leo/acr_ws/install/acr_interfaces/share/acr_interfaces/cmake/acr_interfaces__rosidl_typesupport_introspection_cExport-noconfig.cmake
[6.943s] -- Installing: /home/leo/acr_ws/install/acr_interfaces/share/acr_interfaces/cmake/acr_interfaces__rosidl_typesupport_cExport.cmake
[6.943s] -- Installing: /home/leo/acr_ws/install/acr_interfaces/share/acr_interfaces/cmake/acr_interfaces__rosidl_typesupport_cExport-noconfig.cmake
[6.943s] -- Installing: /home/leo/acr_ws/install/acr_interfaces/share/acr_interfaces/cmake/acr_interfaces__rosidl_typesupport_introspection_cppExport.cmake
[6.944s] -- Installing: /home/leo/acr_ws/install/acr_interfaces/share/acr_interfaces/cmake/acr_interfaces__rosidl_typesupport_introspection_cppExport-noconfig.cmake
[6.944s] -- Installing: /home/leo/acr_ws/install/acr_interfaces/share/acr_interfaces/cmake/acr_interfaces__rosidl_typesupport_cppExport.cmake
[6.944s] -- Installing: /home/leo/acr_ws/install/acr_interfaces/share/acr_interfaces/cmake/acr_interfaces__rosidl_typesupport_cppExport-noconfig.cmake
[6.944s] -- Installing: /home/leo/acr_ws/install/acr_interfaces/share/acr_interfaces/cmake/export_acr_interfaces__rosidl_generator_pyExport.cmake
[6.944s] -- Installing: /home/leo/acr_ws/install/acr_interfaces/share/acr_interfaces/cmake/export_acr_interfaces__rosidl_generator_pyExport-noconfig.cmake
[6.945s] -- Installing: /home/leo/acr_ws/install/acr_interfaces/share/acr_interfaces/cmake/rosidl_cmake-extras.cmake
[6.945s] -- Installing: /home/leo/acr_ws/install/acr_interfaces/share/acr_interfaces/cmake/ament_cmake_export_dependencies-extras.cmake
[6.945s] -- Installing: /home/leo/acr_ws/install/acr_interfaces/share/acr_interfaces/cmake/ament_cmake_export_include_directories-extras.cmake
[6.945s] -- Installing: /home/leo/acr_ws/install/acr_interfaces/share/acr_interfaces/cmake/ament_cmake_export_libraries-extras.cmake
[6.945s] -- Installing: /home/leo/acr_ws/install/acr_interfaces/share/acr_interfaces/cmake/ament_cmake_export_targets-extras.cmake
[6.945s] -- Installing: /home/leo/acr_ws/install/acr_interfaces/share/acr_interfaces/cmake/rosidl_cmake_export_typesupport_targets-extras.cmake
[6.945s] -- Installing: /home/leo/acr_ws/install/acr_interfaces/share/acr_interfaces/cmake/rosidl_cmake_export_typesupport_libraries-extras.cmake
[6.945s] -- Installing: /home/leo/acr_ws/install/acr_interfaces/share/acr_interfaces/cmake/rosidl_cmake_aggregate_target-extras.cmake
[6.946s] -- Installing: /home/leo/acr_ws/install/acr_interfaces/share/acr_interfaces/cmake/acr_interfacesConfig.cmake
[6.946s] -- Installing: /home/leo/acr_ws/install/acr_interfaces/share/acr_interfaces/cmake/acr_interfacesConfig-version.cmake
[6.946s] -- Installing: /home/leo/acr_ws/install/acr_interfaces/share/acr_interfaces/package.xml
[6.946s] Invoked command in '/home/leo/acr_ws/build/acr_interfaces' returned '0': CMAKE_PREFIX_PATH=${CMAKE_PREFIX_PATH}:/opt/ros/jazzy /usr/bin/cmake --install /home/leo/acr_ws/build/acr_interfaces
