[0.009s] Invoking command in '/home/leo/acr_ws/build/acr_interfaces': CMAKE_PREFIX_PATH=${CMAKE_PREFIX_PATH}:/opt/ros/jazzy /usr/bin/cmake --build /home/leo/acr_ws/build/acr_interfaces -- -j12 -l12
[0.085s] [  2%] Built target acr_interfaces__rosidl_generator_type_description
[0.090s] [  4%] Built target acr_interfaces__rs
[0.101s] [  4%] Built target ament_cmake_python_copy_acr_interfaces
[0.104s] [  6%] Built target acr_interfaces__cpp
[0.110s] [ 24%] Built target acr_interfaces__rosidl_generator_c
[0.134s] [ 42%] Built target acr_interfaces__rosidl_typesupport_introspection_c
[0.134s] [ 40%] Built target acr_interfaces__rosidl_typesupport_c
[0.135s] [ 51%] Built target acr_interfaces__rosidl_typesupport_fastrtps_c
[0.135s] [ 60%] Built target acr_interfaces__rosidl_typesupport_introspection_cpp
[0.137s] [ 68%] Built target acr_interfaces__rosidl_typesupport_cpp
[0.138s] [ 77%] Built target acr_interfaces__rosidl_typesupport_fastrtps_cpp
[0.155s] [ 77%] Built target acr_interfaces
[0.174s] [ 80%] Built target acr_interfaces__py
[0.195s] [ 86%] Built target acr_interfaces__rosidl_generator_py
[0.214s] [100%] Built target acr_interfaces_s__rosidl_typesupport_fastrtps_c
[0.215s] [100%] Built target acr_interfaces_s__rosidl_typesupport_c
[0.215s] [100%] Built target acr_interfaces_s__rosidl_typesupport_introspection_c
[0.274s] running egg_info
[0.288s] writing acr_interfaces.egg-info/PKG-INFO
[0.289s] writing dependency_links to acr_interfaces.egg-info/dependency_links.txt
[0.289s] writing top-level names to acr_interfaces.egg-info/top_level.txt
[0.332s] reading manifest file 'acr_interfaces.egg-info/SOURCES.txt'
[0.333s] writing manifest file 'acr_interfaces.egg-info/SOURCES.txt'
[0.365s] [100%] Built target ament_cmake_python_build_acr_interfaces_egg
[0.377s] Invoked command in '/home/leo/acr_ws/build/acr_interfaces' returned '0': CMAKE_PREFIX_PATH=${CMAKE_PREFIX_PATH}:/opt/ros/jazzy /usr/bin/cmake --build /home/leo/acr_ws/build/acr_interfaces -- -j12 -l12
[0.385s] Invoking command in '/home/leo/acr_ws/build/acr_interfaces': CMAKE_PREFIX_PATH=${CMAKE_PREFIX_PATH}:/opt/ros/jazzy /usr/bin/cmake --install /home/leo/acr_ws/build/acr_interfaces
[0.395s] -- Install configuration: ""
[0.395s] -- Up-to-date: /home/leo/acr_ws/install/acr_interfaces/share/ament_index/resource_index/rosidl_interfaces/acr_interfaces
[0.395s] -- Up-to-date: /home/leo/acr_ws/install/acr_interfaces/share/acr_interfaces/srv/AuthVehicle.json
[0.396s] -- Up-to-date: /home/leo/acr_ws/install/acr_interfaces/share/acr_interfaces/action/ChargeRobot.json
[0.396s] -- Up-to-date: /home/leo/acr_ws/install/acr_interfaces/include/acr_interfaces/acr_interfaces
[0.396s] -- Up-to-date: /home/leo/acr_ws/install/acr_interfaces/include/acr_interfaces/acr_interfaces/action
[0.396s] -- Up-to-date: /home/leo/acr_ws/install/acr_interfaces/include/acr_interfaces/acr_interfaces/action/detail
[0.397s] -- Up-to-date: /home/leo/acr_ws/install/acr_interfaces/include/acr_interfaces/acr_interfaces/action/detail/charge_robot__functions.h
[0.397s] -- Up-to-date: /home/leo/acr_ws/install/acr_interfaces/include/acr_interfaces/acr_interfaces/action/detail/charge_robot__functions.c
[0.397s] -- Up-to-date: /home/leo/acr_ws/install/acr_interfaces/include/acr_interfaces/acr_interfaces/action/detail/charge_robot__type_support.c
[0.397s] -- Up-to-date: /home/leo/acr_ws/install/acr_interfaces/include/acr_interfaces/acr_interfaces/action/detail/charge_robot__type_support.h
[0.398s] -- Up-to-date: /home/leo/acr_ws/install/acr_interfaces/include/acr_interfaces/acr_interfaces/action/detail/charge_robot__description.c
[0.398s] -- Up-to-date: /home/leo/acr_ws/install/acr_interfaces/include/acr_interfaces/acr_interfaces/action/detail/charge_robot__struct.h
[0.399s] -- Up-to-date: /home/leo/acr_ws/install/acr_interfaces/include/acr_interfaces/acr_interfaces/action/charge_robot.h
[0.399s] -- Up-to-date: /home/leo/acr_ws/install/acr_interfaces/include/acr_interfaces/acr_interfaces/srv
[0.399s] -- Up-to-date: /home/leo/acr_ws/install/acr_interfaces/include/acr_interfaces/acr_interfaces/srv/detail
[0.399s] -- Up-to-date: /home/leo/acr_ws/install/acr_interfaces/include/acr_interfaces/acr_interfaces/srv/detail/auth_vehicle__type_support.h
[0.400s] -- Up-to-date: /home/leo/acr_ws/install/acr_interfaces/include/acr_interfaces/acr_interfaces/srv/detail/auth_vehicle__functions.h
[0.400s] -- Up-to-date: /home/leo/acr_ws/install/acr_interfaces/include/acr_interfaces/acr_interfaces/srv/detail/auth_vehicle__struct.h
[0.400s] -- Up-to-date: /home/leo/acr_ws/install/acr_interfaces/include/acr_interfaces/acr_interfaces/srv/detail/auth_vehicle__description.c
[0.401s] -- Up-to-date: /home/leo/acr_ws/install/acr_interfaces/include/acr_interfaces/acr_interfaces/srv/detail/auth_vehicle__functions.c
[0.401s] -- Up-to-date: /home/leo/acr_ws/install/acr_interfaces/include/acr_interfaces/acr_interfaces/srv/detail/auth_vehicle__type_support.c
[0.401s] -- Up-to-date: /home/leo/acr_ws/install/acr_interfaces/include/acr_interfaces/acr_interfaces/srv/auth_vehicle.h
[0.401s] -- Up-to-date: /home/leo/acr_ws/install/acr_interfaces/include/acr_interfaces/acr_interfaces/msg
[0.401s] -- Up-to-date: /home/leo/acr_ws/install/acr_interfaces/include/acr_interfaces/acr_interfaces/msg/rosidl_generator_c__visibility_control.h
[0.401s] -- Up-to-date: /home/leo/acr_ws/install/acr_interfaces/share/acr_interfaces/environment/library_path.sh
[0.401s] -- Up-to-date: /home/leo/acr_ws/install/acr_interfaces/share/acr_interfaces/environment/library_path.dsv
[0.401s] -- Up-to-date: /home/leo/acr_ws/install/acr_interfaces/lib/libacr_interfaces__rosidl_generator_c.so
[0.402s] -- Up-to-date: /home/leo/acr_ws/install/acr_interfaces/include/acr_interfaces/acr_interfaces
[0.402s] -- Up-to-date: /home/leo/acr_ws/install/acr_interfaces/include/acr_interfaces/acr_interfaces/action
[0.402s] -- Up-to-date: /home/leo/acr_ws/install/acr_interfaces/include/acr_interfaces/acr_interfaces/action/detail
[0.402s] -- Up-to-date: /home/leo/acr_ws/install/acr_interfaces/include/acr_interfaces/acr_interfaces/action/detail/charge_robot__rosidl_typesupport_fastrtps_c.h
[0.402s] -- Up-to-date: /home/leo/acr_ws/install/acr_interfaces/include/acr_interfaces/acr_interfaces/srv
[0.402s] -- Up-to-date: /home/leo/acr_ws/install/acr_interfaces/include/acr_interfaces/acr_interfaces/srv/detail
[0.402s] -- Up-to-date: /home/leo/acr_ws/install/acr_interfaces/include/acr_interfaces/acr_interfaces/srv/detail/auth_vehicle__rosidl_typesupport_fastrtps_c.h
[0.402s] -- Up-to-date: /home/leo/acr_ws/install/acr_interfaces/include/acr_interfaces/acr_interfaces/msg
[0.402s] -- Up-to-date: /home/leo/acr_ws/install/acr_interfaces/include/acr_interfaces/acr_interfaces/msg/rosidl_typesupport_fastrtps_c__visibility_control.h
[0.403s] -- Up-to-date: /home/leo/acr_ws/install/acr_interfaces/lib/libacr_interfaces__rosidl_typesupport_fastrtps_c.so
[0.403s] -- Up-to-date: /home/leo/acr_ws/install/acr_interfaces/include/acr_interfaces/acr_interfaces
[0.403s] -- Up-to-date: /home/leo/acr_ws/install/acr_interfaces/include/acr_interfaces/acr_interfaces/action
[0.403s] -- Up-to-date: /home/leo/acr_ws/install/acr_interfaces/include/acr_interfaces/acr_interfaces/action/detail
[0.403s] -- Up-to-date: /home/leo/acr_ws/install/acr_interfaces/include/acr_interfaces/acr_interfaces/action/detail/charge_robot__builder.hpp
[0.403s] -- Up-to-date: /home/leo/acr_ws/install/acr_interfaces/include/acr_interfaces/acr_interfaces/action/detail/charge_robot__type_support.hpp
[0.403s] -- Up-to-date: /home/leo/acr_ws/install/acr_interfaces/include/acr_interfaces/acr_interfaces/action/detail/charge_robot__traits.hpp
[0.403s] -- Up-to-date: /home/leo/acr_ws/install/acr_interfaces/include/acr_interfaces/acr_interfaces/action/detail/charge_robot__struct.hpp
[0.404s] -- Up-to-date: /home/leo/acr_ws/install/acr_interfaces/include/acr_interfaces/acr_interfaces/action/charge_robot.hpp
[0.404s] -- Up-to-date: /home/leo/acr_ws/install/acr_interfaces/include/acr_interfaces/acr_interfaces/srv
[0.404s] -- Up-to-date: /home/leo/acr_ws/install/acr_interfaces/include/acr_interfaces/acr_interfaces/srv/detail
[0.404s] -- Up-to-date: /home/leo/acr_ws/install/acr_interfaces/include/acr_interfaces/acr_interfaces/srv/detail/auth_vehicle__struct.hpp
[0.404s] -- Up-to-date: /home/leo/acr_ws/install/acr_interfaces/include/acr_interfaces/acr_interfaces/srv/detail/auth_vehicle__builder.hpp
[0.405s] -- Up-to-date: /home/leo/acr_ws/install/acr_interfaces/include/acr_interfaces/acr_interfaces/srv/detail/auth_vehicle__type_support.hpp
[0.405s] -- Up-to-date: /home/leo/acr_ws/install/acr_interfaces/include/acr_interfaces/acr_interfaces/srv/detail/auth_vehicle__traits.hpp
[0.405s] -- Up-to-date: /home/leo/acr_ws/install/acr_interfaces/include/acr_interfaces/acr_interfaces/srv/auth_vehicle.hpp
[0.405s] -- Up-to-date: /home/leo/acr_ws/install/acr_interfaces/include/acr_interfaces/acr_interfaces/msg
[0.405s] -- Up-to-date: /home/leo/acr_ws/install/acr_interfaces/include/acr_interfaces/acr_interfaces/msg/rosidl_generator_cpp__visibility_control.hpp
[0.405s] -- Up-to-date: /home/leo/acr_ws/install/acr_interfaces/include/acr_interfaces/acr_interfaces
[0.405s] -- Up-to-date: /home/leo/acr_ws/install/acr_interfaces/include/acr_interfaces/acr_interfaces/action
[0.406s] -- Up-to-date: /home/leo/acr_ws/install/acr_interfaces/include/acr_interfaces/acr_interfaces/action/detail
[0.406s] -- Up-to-date: /home/leo/acr_ws/install/acr_interfaces/include/acr_interfaces/acr_interfaces/action/detail/charge_robot__rosidl_typesupport_fastrtps_cpp.hpp
[0.406s] -- Up-to-date: /home/leo/acr_ws/install/acr_interfaces/include/acr_interfaces/acr_interfaces/action/detail/dds_fastrtps
[0.406s] -- Up-to-date: /home/leo/acr_ws/install/acr_interfaces/include/acr_interfaces/acr_interfaces/srv
[0.406s] -- Up-to-date: /home/leo/acr_ws/install/acr_interfaces/include/acr_interfaces/acr_interfaces/srv/detail
[0.406s] -- Up-to-date: /home/leo/acr_ws/install/acr_interfaces/include/acr_interfaces/acr_interfaces/srv/detail/auth_vehicle__rosidl_typesupport_fastrtps_cpp.hpp
[0.406s] -- Up-to-date: /home/leo/acr_ws/install/acr_interfaces/include/acr_interfaces/acr_interfaces/srv/detail/dds_fastrtps
[0.407s] -- Up-to-date: /home/leo/acr_ws/install/acr_interfaces/include/acr_interfaces/acr_interfaces/msg
[0.407s] -- Up-to-date: /home/leo/acr_ws/install/acr_interfaces/include/acr_interfaces/acr_interfaces/msg/rosidl_typesupport_fastrtps_cpp__visibility_control.h
[0.407s] -- Up-to-date: /home/leo/acr_ws/install/acr_interfaces/lib/libacr_interfaces__rosidl_typesupport_fastrtps_cpp.so
[0.407s] -- Up-to-date: /home/leo/acr_ws/install/acr_interfaces/include/acr_interfaces/acr_interfaces
[0.408s] -- Up-to-date: /home/leo/acr_ws/install/acr_interfaces/include/acr_interfaces/acr_interfaces/action
[0.408s] -- Up-to-date: /home/leo/acr_ws/install/acr_interfaces/include/acr_interfaces/acr_interfaces/action/detail
[0.408s] -- Up-to-date: /home/leo/acr_ws/install/acr_interfaces/include/acr_interfaces/acr_interfaces/action/detail/charge_robot__type_support.c
[0.408s] -- Up-to-date: /home/leo/acr_ws/install/acr_interfaces/include/acr_interfaces/acr_interfaces/action/detail/charge_robot__rosidl_typesupport_introspection_c.h
[0.408s] -- Up-to-date: /home/leo/acr_ws/install/acr_interfaces/include/acr_interfaces/acr_interfaces/srv
[0.408s] -- Up-to-date: /home/leo/acr_ws/install/acr_interfaces/include/acr_interfaces/acr_interfaces/srv/detail
[0.408s] -- Up-to-date: /home/leo/acr_ws/install/acr_interfaces/include/acr_interfaces/acr_interfaces/srv/detail/auth_vehicle__rosidl_typesupport_introspection_c.h
[0.409s] -- Up-to-date: /home/leo/acr_ws/install/acr_interfaces/include/acr_interfaces/acr_interfaces/srv/detail/auth_vehicle__type_support.c
[0.409s] -- Up-to-date: /home/leo/acr_ws/install/acr_interfaces/include/acr_interfaces/acr_interfaces/msg
[0.409s] -- Up-to-date: /home/leo/acr_ws/install/acr_interfaces/include/acr_interfaces/acr_interfaces/msg/rosidl_typesupport_introspection_c__visibility_control.h
[0.409s] -- Up-to-date: /home/leo/acr_ws/install/acr_interfaces/lib/libacr_interfaces__rosidl_typesupport_introspection_c.so
[0.409s] -- Up-to-date: /home/leo/acr_ws/install/acr_interfaces/lib/libacr_interfaces__rosidl_typesupport_c.so
[0.409s] -- Up-to-date: /home/leo/acr_ws/install/acr_interfaces/include/acr_interfaces/acr_interfaces
[0.409s] -- Up-to-date: /home/leo/acr_ws/install/acr_interfaces/include/acr_interfaces/acr_interfaces/action
[0.410s] -- Up-to-date: /home/leo/acr_ws/install/acr_interfaces/include/acr_interfaces/acr_interfaces/action/detail
[0.410s] -- Up-to-date: /home/leo/acr_ws/install/acr_interfaces/include/acr_interfaces/acr_interfaces/action/detail/charge_robot__type_support.cpp
[0.410s] -- Up-to-date: /home/leo/acr_ws/install/acr_interfaces/include/acr_interfaces/acr_interfaces/action/detail/charge_robot__rosidl_typesupport_introspection_cpp.hpp
[0.410s] -- Up-to-date: /home/leo/acr_ws/install/acr_interfaces/include/acr_interfaces/acr_interfaces/srv
[0.411s] -- Up-to-date: /home/leo/acr_ws/install/acr_interfaces/include/acr_interfaces/acr_interfaces/srv/detail
[0.411s] -- Up-to-date: /home/leo/acr_ws/install/acr_interfaces/include/acr_interfaces/acr_interfaces/srv/detail/auth_vehicle__type_support.cpp
[0.411s] -- Up-to-date: /home/leo/acr_ws/install/acr_interfaces/include/acr_interfaces/acr_interfaces/srv/detail/auth_vehicle__rosidl_typesupport_introspection_cpp.hpp
[0.411s] -- Up-to-date: /home/leo/acr_ws/install/acr_interfaces/lib/libacr_interfaces__rosidl_typesupport_introspection_cpp.so
[0.411s] -- Up-to-date: /home/leo/acr_ws/install/acr_interfaces/lib/libacr_interfaces__rosidl_typesupport_cpp.so
[0.411s] -- Up-to-date: /home/leo/acr_ws/install/acr_interfaces/share/acr_interfaces/environment/pythonpath.sh
[0.411s] -- Up-to-date: /home/leo/acr_ws/install/acr_interfaces/share/acr_interfaces/environment/pythonpath.dsv
[0.412s] -- Up-to-date: /home/leo/acr_ws/install/acr_interfaces/lib/python3.12/site-packages/acr_interfaces-0.1.0-py3.12.egg-info
[0.412s] -- Installing: /home/leo/acr_ws/install/acr_interfaces/lib/python3.12/site-packages/acr_interfaces-0.1.0-py3.12.egg-info/dependency_links.txt
[0.412s] -- Installing: /home/leo/acr_ws/install/acr_interfaces/lib/python3.12/site-packages/acr_interfaces-0.1.0-py3.12.egg-info/PKG-INFO
[0.412s] -- Installing: /home/leo/acr_ws/install/acr_interfaces/lib/python3.12/site-packages/acr_interfaces-0.1.0-py3.12.egg-info/SOURCES.txt
[0.412s] -- Installing: /home/leo/acr_ws/install/acr_interfaces/lib/python3.12/site-packages/acr_interfaces-0.1.0-py3.12.egg-info/top_level.txt
[0.412s] -- Up-to-date: /home/leo/acr_ws/install/acr_interfaces/lib/python3.12/site-packages/acr_interfaces
[0.413s] -- Up-to-date: /home/leo/acr_ws/install/acr_interfaces/lib/python3.12/site-packages/acr_interfaces/action
[0.413s] -- Up-to-date: /home/leo/acr_ws/install/acr_interfaces/lib/python3.12/site-packages/acr_interfaces/action/_charge_robot_s.c
[0.413s] -- Up-to-date: /home/leo/acr_ws/install/acr_interfaces/lib/python3.12/site-packages/acr_interfaces/action/__init__.py
[0.413s] -- Up-to-date: /home/leo/acr_ws/install/acr_interfaces/lib/python3.12/site-packages/acr_interfaces/action/_charge_robot.py
[0.413s] -- Up-to-date: /home/leo/acr_ws/install/acr_interfaces/lib/python3.12/site-packages/acr_interfaces/__init__.py
[0.413s] -- Up-to-date: /home/leo/acr_ws/install/acr_interfaces/lib/python3.12/site-packages/acr_interfaces/_acr_interfaces_s.ep.rosidl_typesupport_c.c
[0.413s] -- Up-to-date: /home/leo/acr_ws/install/acr_interfaces/lib/python3.12/site-packages/acr_interfaces/_acr_interfaces_s.ep.rosidl_typesupport_fastrtps_c.c
[0.414s] -- Up-to-date: /home/leo/acr_ws/install/acr_interfaces/lib/python3.12/site-packages/acr_interfaces/acr_interfaces_s__rosidl_typesupport_c.so
[0.414s] -- Up-to-date: /home/leo/acr_ws/install/acr_interfaces/lib/python3.12/site-packages/acr_interfaces/_acr_interfaces_s.ep.rosidl_typesupport_introspection_c.c
[0.414s] -- Up-to-date: /home/leo/acr_ws/install/acr_interfaces/lib/python3.12/site-packages/acr_interfaces/srv
[0.414s] -- Up-to-date: /home/leo/acr_ws/install/acr_interfaces/lib/python3.12/site-packages/acr_interfaces/srv/_auth_vehicle_s.c
[0.414s] -- Up-to-date: /home/leo/acr_ws/install/acr_interfaces/lib/python3.12/site-packages/acr_interfaces/srv/_auth_vehicle.py
[0.414s] -- Up-to-date: /home/leo/acr_ws/install/acr_interfaces/lib/python3.12/site-packages/acr_interfaces/srv/__init__.py
[0.415s] -- Up-to-date: /home/leo/acr_ws/install/acr_interfaces/lib/python3.12/site-packages/acr_interfaces/acr_interfaces_s__rosidl_typesupport_introspection_c.so
[0.415s] -- Up-to-date: /home/leo/acr_ws/install/acr_interfaces/lib/python3.12/site-packages/acr_interfaces/acr_interfaces_s__rosidl_typesupport_fastrtps_c.so
[0.442s] Listing '/home/leo/acr_ws/install/acr_interfaces/lib/python3.12/site-packages/acr_interfaces'...
[0.442s] Listing '/home/leo/acr_ws/install/acr_interfaces/lib/python3.12/site-packages/acr_interfaces/action'...
[0.442s] Listing '/home/leo/acr_ws/install/acr_interfaces/lib/python3.12/site-packages/acr_interfaces/srv'...
[0.448s] -- Up-to-date: /home/leo/acr_ws/install/acr_interfaces/lib/python3.12/site-packages/acr_interfaces/acr_interfaces_s__rosidl_typesupport_fastrtps_c.so
[0.449s] -- Up-to-date: /home/leo/acr_ws/install/acr_interfaces/lib/python3.12/site-packages/acr_interfaces/acr_interfaces_s__rosidl_typesupport_introspection_c.so
[0.450s] -- Up-to-date: /home/leo/acr_ws/install/acr_interfaces/lib/python3.12/site-packages/acr_interfaces/acr_interfaces_s__rosidl_typesupport_c.so
[0.451s] -- Up-to-date: /home/leo/acr_ws/install/acr_interfaces/lib/libacr_interfaces__rosidl_generator_py.so
[0.451s] -- Up-to-date: /home/leo/acr_ws/install/acr_interfaces/share/ament_index/resource_index/rust_packages/acr_interfaces
[0.452s] -- Up-to-date: /home/leo/acr_ws/install/acr_interfaces/share/acr_interfaces/rust
[0.452s] -- Up-to-date: /home/leo/acr_ws/install/acr_interfaces/share/acr_interfaces/rust/Cargo.toml
[0.452s] -- Up-to-date: /home/leo/acr_ws/install/acr_interfaces/share/acr_interfaces/rust/build.rs
[0.452s] -- Up-to-date: /home/leo/acr_ws/install/acr_interfaces/share/acr_interfaces/rust/src
[0.452s] -- Up-to-date: /home/leo/acr_ws/install/acr_interfaces/share/acr_interfaces/rust/src/action
[0.452s] -- Up-to-date: /home/leo/acr_ws/install/acr_interfaces/share/acr_interfaces/rust/src/action/rmw.rs
[0.452s] -- Up-to-date: /home/leo/acr_ws/install/acr_interfaces/share/acr_interfaces/rust/src/srv
[0.452s] -- Up-to-date: /home/leo/acr_ws/install/acr_interfaces/share/acr_interfaces/rust/src/srv/rmw.rs
[0.453s] -- Up-to-date: /home/leo/acr_ws/install/acr_interfaces/share/acr_interfaces/rust/src/srv.rs
[0.453s] -- Up-to-date: /home/leo/acr_ws/install/acr_interfaces/share/acr_interfaces/rust/src/lib.rs
[0.453s] -- Up-to-date: /home/leo/acr_ws/install/acr_interfaces/share/acr_interfaces/rust/src/action.rs
[0.453s] -- Up-to-date: /home/leo/acr_ws/install/acr_interfaces/share/acr_interfaces/srv/AuthVehicle.idl
[0.453s] -- Up-to-date: /home/leo/acr_ws/install/acr_interfaces/share/acr_interfaces/action/ChargeRobot.idl
[0.454s] -- Up-to-date: /home/leo/acr_ws/install/acr_interfaces/share/acr_interfaces/srv/AuthVehicle.srv
[0.454s] -- Up-to-date: /home/leo/acr_ws/install/acr_interfaces/share/acr_interfaces/action/ChargeRobot.action
[0.454s] -- Up-to-date: /home/leo/acr_ws/install/acr_interfaces/share/ament_index/resource_index/package_run_dependencies/acr_interfaces
[0.454s] -- Up-to-date: /home/leo/acr_ws/install/acr_interfaces/share/ament_index/resource_index/parent_prefix_path/acr_interfaces
[0.454s] -- Up-to-date: /home/leo/acr_ws/install/acr_interfaces/share/acr_interfaces/environment/ament_prefix_path.sh
[0.454s] -- Up-to-date: /home/leo/acr_ws/install/acr_interfaces/share/acr_interfaces/environment/ament_prefix_path.dsv
[0.454s] -- Up-to-date: /home/leo/acr_ws/install/acr_interfaces/share/acr_interfaces/environment/path.sh
[0.455s] -- Up-to-date: /home/leo/acr_ws/install/acr_interfaces/share/acr_interfaces/environment/path.dsv
[0.455s] -- Up-to-date: /home/leo/acr_ws/install/acr_interfaces/share/acr_interfaces/local_setup.bash
[0.455s] -- Up-to-date: /home/leo/acr_ws/install/acr_interfaces/share/acr_interfaces/local_setup.sh
[0.455s] -- Up-to-date: /home/leo/acr_ws/install/acr_interfaces/share/acr_interfaces/local_setup.zsh
[0.455s] -- Up-to-date: /home/leo/acr_ws/install/acr_interfaces/share/acr_interfaces/local_setup.dsv
[0.455s] -- Installing: /home/leo/acr_ws/install/acr_interfaces/share/acr_interfaces/package.dsv
[0.456s] -- Up-to-date: /home/leo/acr_ws/install/acr_interfaces/share/ament_index/resource_index/packages/acr_interfaces
[0.456s] -- Up-to-date: /home/leo/acr_ws/install/acr_interfaces/share/acr_interfaces/cmake/export_acr_interfaces__rosidl_generator_cExport.cmake
[0.456s] -- Up-to-date: /home/leo/acr_ws/install/acr_interfaces/share/acr_interfaces/cmake/export_acr_interfaces__rosidl_generator_cExport-noconfig.cmake
[0.456s] -- Up-to-date: /home/leo/acr_ws/install/acr_interfaces/share/acr_interfaces/cmake/export_acr_interfaces__rosidl_typesupport_fastrtps_cExport.cmake
[0.456s] -- Up-to-date: /home/leo/acr_ws/install/acr_interfaces/share/acr_interfaces/cmake/export_acr_interfaces__rosidl_typesupport_fastrtps_cExport-noconfig.cmake
[0.456s] -- Up-to-date: /home/leo/acr_ws/install/acr_interfaces/share/acr_interfaces/cmake/export_acr_interfaces__rosidl_generator_cppExport.cmake
[0.456s] -- Up-to-date: /home/leo/acr_ws/install/acr_interfaces/share/acr_interfaces/cmake/export_acr_interfaces__rosidl_typesupport_fastrtps_cppExport.cmake
[0.457s] -- Up-to-date: /home/leo/acr_ws/install/acr_interfaces/share/acr_interfaces/cmake/export_acr_interfaces__rosidl_typesupport_fastrtps_cppExport-noconfig.cmake
[0.457s] -- Up-to-date: /home/leo/acr_ws/install/acr_interfaces/share/acr_interfaces/cmake/acr_interfaces__rosidl_typesupport_introspection_cExport.cmake
[0.457s] -- Up-to-date: /home/leo/acr_ws/install/acr_interfaces/share/acr_interfaces/cmake/acr_interfaces__rosidl_typesupport_introspection_cExport-noconfig.cmake
[0.457s] -- Up-to-date: /home/leo/acr_ws/install/acr_interfaces/share/acr_interfaces/cmake/acr_interfaces__rosidl_typesupport_cExport.cmake
[0.457s] -- Up-to-date: /home/leo/acr_ws/install/acr_interfaces/share/acr_interfaces/cmake/acr_interfaces__rosidl_typesupport_cExport-noconfig.cmake
[0.458s] -- Up-to-date: /home/leo/acr_ws/install/acr_interfaces/share/acr_interfaces/cmake/acr_interfaces__rosidl_typesupport_introspection_cppExport.cmake
[0.458s] -- Up-to-date: /home/leo/acr_ws/install/acr_interfaces/share/acr_interfaces/cmake/acr_interfaces__rosidl_typesupport_introspection_cppExport-noconfig.cmake
[0.459s] -- Up-to-date: /home/leo/acr_ws/install/acr_interfaces/share/acr_interfaces/cmake/acr_interfaces__rosidl_typesupport_cppExport.cmake
[0.459s] -- Up-to-date: /home/leo/acr_ws/install/acr_interfaces/share/acr_interfaces/cmake/acr_interfaces__rosidl_typesupport_cppExport-noconfig.cmake
[0.460s] -- Up-to-date: /home/leo/acr_ws/install/acr_interfaces/share/acr_interfaces/cmake/export_acr_interfaces__rosidl_generator_pyExport.cmake
[0.460s] -- Up-to-date: /home/leo/acr_ws/install/acr_interfaces/share/acr_interfaces/cmake/export_acr_interfaces__rosidl_generator_pyExport-noconfig.cmake
[0.460s] -- Up-to-date: /home/leo/acr_ws/install/acr_interfaces/share/acr_interfaces/cmake/rosidl_cmake-extras.cmake
[0.460s] -- Up-to-date: /home/leo/acr_ws/install/acr_interfaces/share/acr_interfaces/cmake/ament_cmake_export_dependencies-extras.cmake
[0.460s] -- Up-to-date: /home/leo/acr_ws/install/acr_interfaces/share/acr_interfaces/cmake/ament_cmake_export_include_directories-extras.cmake
[0.460s] -- Up-to-date: /home/leo/acr_ws/install/acr_interfaces/share/acr_interfaces/cmake/ament_cmake_export_libraries-extras.cmake
[0.461s] -- Up-to-date: /home/leo/acr_ws/install/acr_interfaces/share/acr_interfaces/cmake/ament_cmake_export_targets-extras.cmake
[0.461s] -- Up-to-date: /home/leo/acr_ws/install/acr_interfaces/share/acr_interfaces/cmake/rosidl_cmake_export_typesupport_targets-extras.cmake
[0.461s] -- Up-to-date: /home/leo/acr_ws/install/acr_interfaces/share/acr_interfaces/cmake/rosidl_cmake_export_typesupport_libraries-extras.cmake
[0.461s] -- Up-to-date: /home/leo/acr_ws/install/acr_interfaces/share/acr_interfaces/cmake/rosidl_cmake_aggregate_target-extras.cmake
[0.461s] -- Up-to-date: /home/leo/acr_ws/install/acr_interfaces/share/acr_interfaces/cmake/acr_interfacesConfig.cmake
[0.461s] -- Up-to-date: /home/leo/acr_ws/install/acr_interfaces/share/acr_interfaces/cmake/acr_interfacesConfig-version.cmake
[0.461s] -- Up-to-date: /home/leo/acr_ws/install/acr_interfaces/share/acr_interfaces/package.xml
[0.463s] Invoked command in '/home/leo/acr_ws/build/acr_interfaces' returned '0': CMAKE_PREFIX_PATH=${CMAKE_PREFIX_PATH}:/opt/ros/jazzy /usr/bin/cmake --install /home/leo/acr_ws/build/acr_interfaces
