[0.007s] Invoking command in '/home/leo/acr_ws/build/acr_core': CMAKE_PREFIX_PATH=${CMAKE_PREFIX_PATH}:/opt/ros/jazzy /usr/bin/cmake /home/leo/acr_ws/src/acr_core -DCMAKE_INSTALL_PREFIX=/home/leo/acr_ws/install/acr_core
[0.060s] -- The C compiler identification is GNU 13.3.0
[0.180s] -- The CXX compiler identification is GNU 13.3.0
[0.262s] -- Detecting C compiler ABI info
[0.350s] -- Detecting C compiler ABI info - done
[0.358s] -- Check for working C compiler: /usr/bin/cc - skipped
[0.358s] -- Detecting C compile features
[0.359s] -- Detecting C compile features - done
[0.376s] -- Detecting CXX compiler ABI info
[0.473s] -- Detecting CXX compiler ABI info - done
[0.479s] -- Check for working CXX compiler: /usr/bin/c++ - skipped
[0.480s] -- Detecting CXX compile features
[0.480s] -- Detecting CXX compile features - done
[0.483s] -- Found ament_cmake: 2.5.6 (/opt/ros/jazzy/share/ament_cmake/cmake)
[0.599s] -- Found Python3: /usr/bin/python3 (found version "3.12.3") found components: Interpreter 
[0.777s] -- Configuring done (0.8s)
[0.780s] -- Generating done (0.0s)
[0.782s] -- Build files have been written to: /home/leo/acr_ws/build/acr_core
[0.786s] Invoked command in '/home/leo/acr_ws/build/acr_core' returned '0': CMAKE_PREFIX_PATH=${CMAKE_PREFIX_PATH}:/opt/ros/jazzy /usr/bin/cmake /home/leo/acr_ws/src/acr_core -DCMAKE_INSTALL_PREFIX=/home/leo/acr_ws/install/acr_core
[0.787s] Invoking command in '/home/leo/acr_ws/build/acr_core': CMAKE_PREFIX_PATH=${CMAKE_PREFIX_PATH}:/opt/ros/jazzy /usr/bin/cmake --build /home/leo/acr_ws/build/acr_core -- -j12 -l12
[0.818s] Invoked command in '/home/leo/acr_ws/build/acr_core' returned '0': CMAKE_PREFIX_PATH=${CMAKE_PREFIX_PATH}:/opt/ros/jazzy /usr/bin/cmake --build /home/leo/acr_ws/build/acr_core -- -j12 -l12
[0.827s] Invoking command in '/home/leo/acr_ws/build/acr_core': CMAKE_PREFIX_PATH=${CMAKE_PREFIX_PATH}:/opt/ros/jazzy /usr/bin/cmake --install /home/leo/acr_ws/build/acr_core
[0.832s] -- Install configuration: ""
[0.832s] -- Installing: /home/leo/acr_ws/install/acr_core/share/acr_core/config
[0.833s] -- Installing: /home/leo/acr_ws/install/acr_core/share/acr_core/config/.gitkeep
[0.833s] -- Installing: /home/leo/acr_ws/install/acr_core/share/acr_core/launch
[0.834s] -- Installing: /home/leo/acr_ws/install/acr_core/share/acr_core/launch/.gitkeep
[0.834s] -- Installing: /home/leo/acr_ws/install/acr_core/share/acr_core/models
[0.834s] -- Installing: /home/leo/acr_ws/install/acr_core/share/acr_core/models/ev_vehicle.sdf
[0.834s] -- Installing: /home/leo/acr_ws/install/acr_core/share/acr_core/models/box_obstacle.sdf
[0.834s] -- Installing: /home/leo/acr_ws/install/acr_core/share/acr_core/urdf
[0.835s] -- Installing: /home/leo/acr_ws/install/acr_core/share/acr_core/urdf/acr_rrbot.urdf
[0.835s] -- Installing: /home/leo/acr_ws/install/acr_core/share/acr_core/worlds
[0.835s] -- Installing: /home/leo/acr_ws/install/acr_core/share/acr_core/worlds/acr_empty.sdf
[0.835s] -- Installing: /home/leo/acr_ws/install/acr_core/share/ament_index/resource_index/package_run_dependencies/acr_core
[0.835s] -- Installing: /home/leo/acr_ws/install/acr_core/share/ament_index/resource_index/parent_prefix_path/acr_core
[0.835s] -- Installing: /home/leo/acr_ws/install/acr_core/share/acr_core/environment/ament_prefix_path.sh
[0.836s] -- Installing: /home/leo/acr_ws/install/acr_core/share/acr_core/environment/ament_prefix_path.dsv
[0.836s] -- Installing: /home/leo/acr_ws/install/acr_core/share/acr_core/environment/path.sh
[0.836s] -- Installing: /home/leo/acr_ws/install/acr_core/share/acr_core/environment/path.dsv
[0.836s] -- Installing: /home/leo/acr_ws/install/acr_core/share/acr_core/local_setup.bash
[0.836s] -- Installing: /home/leo/acr_ws/install/acr_core/share/acr_core/local_setup.sh
[0.836s] -- Installing: /home/leo/acr_ws/install/acr_core/share/acr_core/local_setup.zsh
[0.837s] -- Installing: /home/leo/acr_ws/install/acr_core/share/acr_core/local_setup.dsv
[0.837s] -- Installing: /home/leo/acr_ws/install/acr_core/share/acr_core/package.dsv
[0.837s] -- Installing: /home/leo/acr_ws/install/acr_core/share/ament_index/resource_index/packages/acr_core
[0.838s] -- Installing: /home/leo/acr_ws/install/acr_core/share/acr_core/cmake/acr_coreConfig.cmake
[0.838s] -- Installing: /home/leo/acr_ws/install/acr_core/share/acr_core/cmake/acr_coreConfig-version.cmake
[0.838s] -- Installing: /home/leo/acr_ws/install/acr_core/share/acr_core/package.xml
[0.839s] Invoked command in '/home/leo/acr_ws/build/acr_core' returned '0': CMAKE_PREFIX_PATH=${CMAKE_PREFIX_PATH}:/opt/ros/jazzy /usr/bin/cmake --install /home/leo/acr_ws/build/acr_core
