[0.027s] Invoking command in '/home/leo/acr_ws/build/acr_core': AMENT_PREFIX_PATH=/home/leo/acr_ws/install/acr_interfaces:${AMENT_PREFIX_PATH} CMAKE_PREFIX_PATH=/home/leo/acr_ws/install/acr_interfaces:/opt/ros/jazzy/opt/gz_sim_vendor:/opt/ros/jazzy/opt/gz_sensors_vendor:/opt/ros/jazzy/opt/gz_physics_vendor:/opt/ros/jazzy/opt/sdformat_vendor:/opt/ros/jazzy/opt/gz_gui_vendor:/opt/ros/jazzy/opt/gz_transport_vendor:/opt/ros/jazzy/opt/gz_rendering_vendor:/opt/ros/jazzy/opt/gz_plugin_vendor:/opt/ros/jazzy/opt/gz_fuel_tools_vendor:/opt/ros/jazzy/opt/gz_msgs_vendor:/opt/ros/jazzy/opt/gz_common_vendor:/opt/ros/jazzy/opt/gz_math_vendor:/opt/ros/jazzy/opt/gz_utils_vendor:/opt/ros/jazzy/opt/gz_tools_vendor:/opt/ros/jazzy/opt/gz_ogre_next_vendor:/opt/ros/jazzy/opt/gz_dartsim_vendor:/opt/ros/jazzy/opt/gz_cmake_vendor:/opt/ros/jazzy LD_LIBRARY_PATH=/home/leo/acr_ws/install/acr_interfaces/lib:${LD_LIBRARY_PATH} PYTHONPATH=/home/leo/acr_ws/install/acr_interfaces/lib/python3.12/site-packages:${PYTHONPATH} /usr/bin/cmake --build /home/leo/acr_ws/build/acr_core -- -j12 -l12
[0.073s] [ 66%] Built target car_node
[0.073s] [ 66%] Building CXX object CMakeFiles/acr_node.dir/src/acr_node.cpp.o
[0.073s] [ 66%] Building CXX object CMakeFiles/acr_visualizer.dir/src/acr_visualizer.cpp.o
[24.708s] [ 83%] Linking CXX executable acr_visualizer
[25.024s] [ 83%] Built target acr_visualizer
[25.578s] [100%] Linking CXX executable acr_node
[25.972s] [100%] Built target acr_node
[25.981s] Invoked command in '/home/leo/acr_ws/build/acr_core' returned '0': AMENT_PREFIX_PATH=/home/leo/acr_ws/install/acr_interfaces:${AMENT_PREFIX_PATH} CMAKE_PREFIX_PATH=/home/leo/acr_ws/install/acr_interfaces:/opt/ros/jazzy/opt/gz_sim_vendor:/opt/ros/jazzy/opt/gz_sensors_vendor:/opt/ros/jazzy/opt/gz_physics_vendor:/opt/ros/jazzy/opt/sdformat_vendor:/opt/ros/jazzy/opt/gz_gui_vendor:/opt/ros/jazzy/opt/gz_transport_vendor:/opt/ros/jazzy/opt/gz_rendering_vendor:/opt/ros/jazzy/opt/gz_plugin_vendor:/opt/ros/jazzy/opt/gz_fuel_tools_vendor:/opt/ros/jazzy/opt/gz_msgs_vendor:/opt/ros/jazzy/opt/gz_common_vendor:/opt/ros/jazzy/opt/gz_math_vendor:/opt/ros/jazzy/opt/gz_utils_vendor:/opt/ros/jazzy/opt/gz_tools_vendor:/opt/ros/jazzy/opt/gz_ogre_next_vendor:/opt/ros/jazzy/opt/gz_dartsim_vendor:/opt/ros/jazzy/opt/gz_cmake_vendor:/opt/ros/jazzy LD_LIBRARY_PATH=/home/leo/acr_ws/install/acr_interfaces/lib:${LD_LIBRARY_PATH} PYTHONPATH=/home/leo/acr_ws/install/acr_interfaces/lib/python3.12/site-packages:${PYTHONPATH} /usr/bin/cmake --build /home/leo/acr_ws/build/acr_core -- -j12 -l12
[25.994s] Invoking command in '/home/leo/acr_ws/build/acr_core': AMENT_PREFIX_PATH=/home/leo/acr_ws/install/acr_interfaces:${AMENT_PREFIX_PATH} CMAKE_PREFIX_PATH=/home/leo/acr_ws/install/acr_interfaces:/opt/ros/jazzy/opt/gz_sim_vendor:/opt/ros/jazzy/opt/gz_sensors_vendor:/opt/ros/jazzy/opt/gz_physics_vendor:/opt/ros/jazzy/opt/sdformat_vendor:/opt/ros/jazzy/opt/gz_gui_vendor:/opt/ros/jazzy/opt/gz_transport_vendor:/opt/ros/jazzy/opt/gz_rendering_vendor:/opt/ros/jazzy/opt/gz_plugin_vendor:/opt/ros/jazzy/opt/gz_fuel_tools_vendor:/opt/ros/jazzy/opt/gz_msgs_vendor:/opt/ros/jazzy/opt/gz_common_vendor:/opt/ros/jazzy/opt/gz_math_vendor:/opt/ros/jazzy/opt/gz_utils_vendor:/opt/ros/jazzy/opt/gz_tools_vendor:/opt/ros/jazzy/opt/gz_ogre_next_vendor:/opt/ros/jazzy/opt/gz_dartsim_vendor:/opt/ros/jazzy/opt/gz_cmake_vendor:/opt/ros/jazzy LD_LIBRARY_PATH=/home/leo/acr_ws/install/acr_interfaces/lib:${LD_LIBRARY_PATH} PYTHONPATH=/home/leo/acr_ws/install/acr_interfaces/lib/python3.12/site-packages:${PYTHONPATH} /usr/bin/cmake --install /home/leo/acr_ws/build/acr_core
[26.002s] -- Install configuration: ""
[26.002s] -- Installing: /home/leo/acr_ws/install/acr_core/lib/acr_core/acr_node
[26.010s] -- Set non-toolchain portion of runtime path of "/home/leo/acr_ws/install/acr_core/lib/acr_core/acr_node" to ""
[26.010s] -- Up-to-date: /home/leo/acr_ws/install/acr_core/lib/acr_core/car_node
[26.010s] -- Installing: /home/leo/acr_ws/install/acr_core/lib/acr_core/acr_visualizer
[26.017s] -- Set non-toolchain portion of runtime path of "/home/leo/acr_ws/install/acr_core/lib/acr_core/acr_visualizer" to ""
[26.018s] -- Up-to-date: /home/leo/acr_ws/install/acr_core/share/acr_core/config
[26.018s] -- Up-to-date: /home/leo/acr_ws/install/acr_core/share/acr_core/config/.gitkeep
[26.018s] -- Up-to-date: /home/leo/acr_ws/install/acr_core/share/acr_core/config/acr.rviz
[26.018s] -- Up-to-date: /home/leo/acr_ws/install/acr_core/share/acr_core/config/bridge.yaml
[26.018s] -- Up-to-date: /home/leo/acr_ws/install/acr_core/share/acr_core/launch
[26.019s] -- Up-to-date: /home/leo/acr_ws/install/acr_core/share/acr_core/launch/acr_system.launch.py
[26.019s] -- Up-to-date: /home/leo/acr_ws/install/acr_core/share/acr_core/launch/.gitkeep
[26.019s] -- Up-to-date: /home/leo/acr_ws/install/acr_core/share/acr_core/models
[26.019s] -- Installing: /home/leo/acr_ws/install/acr_core/share/acr_core/models/ev_vehicle.sdf
[26.020s] -- Up-to-date: /home/leo/acr_ws/install/acr_core/share/acr_core/models/box_obstacle.sdf
[26.020s] -- Up-to-date: /home/leo/acr_ws/install/acr_core/share/acr_core/urdf
[26.021s] -- Up-to-date: /home/leo/acr_ws/install/acr_core/share/acr_core/urdf/acr_rrbot.urdf
[26.021s] -- Up-to-date: /home/leo/acr_ws/install/acr_core/share/acr_core/worlds
[26.022s] -- Up-to-date: /home/leo/acr_ws/install/acr_core/share/acr_core/worlds/acr_empty.sdf
[26.022s] -- Up-to-date: /home/leo/acr_ws/install/acr_core/share/ament_index/resource_index/package_run_dependencies/acr_core
[26.023s] -- Up-to-date: /home/leo/acr_ws/install/acr_core/share/ament_index/resource_index/parent_prefix_path/acr_core
[26.023s] -- Up-to-date: /home/leo/acr_ws/install/acr_core/share/acr_core/environment/ament_prefix_path.sh
[26.023s] -- Up-to-date: /home/leo/acr_ws/install/acr_core/share/acr_core/environment/ament_prefix_path.dsv
[26.024s] -- Up-to-date: /home/leo/acr_ws/install/acr_core/share/acr_core/environment/path.sh
[26.025s] -- Up-to-date: /home/leo/acr_ws/install/acr_core/share/acr_core/environment/path.dsv
[26.025s] -- Up-to-date: /home/leo/acr_ws/install/acr_core/share/acr_core/local_setup.bash
[26.026s] -- Up-to-date: /home/leo/acr_ws/install/acr_core/share/acr_core/local_setup.sh
[26.026s] -- Up-to-date: /home/leo/acr_ws/install/acr_core/share/acr_core/local_setup.zsh
[26.027s] -- Up-to-date: /home/leo/acr_ws/install/acr_core/share/acr_core/local_setup.dsv
[26.027s] -- Installing: /home/leo/acr_ws/install/acr_core/share/acr_core/package.dsv
[26.027s] -- Up-to-date: /home/leo/acr_ws/install/acr_core/share/ament_index/resource_index/packages/acr_core
[26.028s] -- Up-to-date: /home/leo/acr_ws/install/acr_core/share/acr_core/cmake/acr_coreConfig.cmake
[26.028s] -- Up-to-date: /home/leo/acr_ws/install/acr_core/share/acr_core/cmake/acr_coreConfig-version.cmake
[26.029s] -- Up-to-date: /home/leo/acr_ws/install/acr_core/share/acr_core/package.xml
[26.029s] Invoked command in '/home/leo/acr_ws/build/acr_core' returned '0': AMENT_PREFIX_PATH=/home/leo/acr_ws/install/acr_interfaces:${AMENT_PREFIX_PATH} CMAKE_PREFIX_PATH=/home/leo/acr_ws/install/acr_interfaces:/opt/ros/jazzy/opt/gz_sim_vendor:/opt/ros/jazzy/opt/gz_sensors_vendor:/opt/ros/jazzy/opt/gz_physics_vendor:/opt/ros/jazzy/opt/sdformat_vendor:/opt/ros/jazzy/opt/gz_gui_vendor:/opt/ros/jazzy/opt/gz_transport_vendor:/opt/ros/jazzy/opt/gz_rendering_vendor:/opt/ros/jazzy/opt/gz_plugin_vendor:/opt/ros/jazzy/opt/gz_fuel_tools_vendor:/opt/ros/jazzy/opt/gz_msgs_vendor:/opt/ros/jazzy/opt/gz_common_vendor:/opt/ros/jazzy/opt/gz_math_vendor:/opt/ros/jazzy/opt/gz_utils_vendor:/opt/ros/jazzy/opt/gz_tools_vendor:/opt/ros/jazzy/opt/gz_ogre_next_vendor:/opt/ros/jazzy/opt/gz_dartsim_vendor:/opt/ros/jazzy/opt/gz_cmake_vendor:/opt/ros/jazzy LD_LIBRARY_PATH=/home/leo/acr_ws/install/acr_interfaces/lib:${LD_LIBRARY_PATH} PYTHONPATH=/home/leo/acr_ws/install/acr_interfaces/lib/python3.12/site-packages:${PYTHONPATH} /usr/bin/cmake --install /home/leo/acr_ws/build/acr_core
