[0.096s] DEBUG:colcon:Command line arguments: ['/usr/bin/colcon', 'build', '--packages-select', 'acr_core', '--event-handlers', 'console_direct+']
[0.096s] DEBUG:colcon:Parsed command line arguments: Namespace(log_base=None, log_level=None, verb_name='build', build_base='build', install_base='install', merge_install=False, symlink_install=False, test_result_base=None, continue_on_error=False, executor='parallel', parallel_workers=12, event_handlers=['console_direct+'], ignore_user_meta=False, metas=['./colcon.meta'], base_paths=['.'], packages_ignore=None, packages_ignore_regex=None, paths=None, packages_up_to=None, packages_up_to_regex=None, packages_above=None, packages_above_and_dependencies=None, packages_above_depth=None, packages_select_by_dep=None, packages_skip_by_dep=None, packages_skip_up_to=None, packages_select_build_failed=False, packages_skip_build_finished=False, packages_select_test_failures=False, packages_skip_test_passed=False, packages_select=['acr_core'], packages_skip=None, packages_select_regex=None, packages_skip_regex=None, packages_start=None, packages_end=None, allow_overriding=[], cmake_args=None, cmake_target=None, cmake_target_skip_unavailable=False, cmake_clean_cache=False, cmake_clean_first=False, cmake_force_configure=False, ament_cmake_args=None, catkin_cmake_args=None, catkin_skip_building_tests=False, mixin_files=None, mixin=None, verb_parser=<colcon_mixin.mixin.mixin_argument.MixinArgumentDecorator object at 0x7d932cc85d60>, verb_extension=<colcon_core.verb.build.BuildVerb object at 0x7d932d73a240>, main=<bound method BuildVerb.main of <colcon_core.verb.build.BuildVerb object at 0x7d932d73a240>>, mixin_verb=('build',))
[0.127s] Level 1:colcon.colcon_core.package_discovery:discover_packages(colcon_meta) check parameters
[0.127s] Level 1:colcon.colcon_core.package_discovery:discover_packages(recursive) check parameters
[0.127s] Level 1:colcon.colcon_core.package_discovery:discover_packages(ignore) check parameters
[0.127s] Level 1:colcon.colcon_core.package_discovery:discover_packages(path) check parameters
[0.127s] Level 1:colcon.colcon_core.package_discovery:discover_packages(colcon_meta) discover
[0.127s] Level 1:colcon.colcon_core.package_discovery:discover_packages(recursive) discover
[0.127s] INFO:colcon.colcon_core.package_discovery:Crawling recursively for packages in '/home/leo/acr_ws'
[0.127s] Level 1:colcon.colcon_core.package_identification:_identify(.) by extensions ['ignore', 'ignore_ament_install']
[0.127s] Level 1:colcon.colcon_core.package_identification:_identify(.) by extension 'ignore'
[0.127s] Level 1:colcon.colcon_core.package_identification:_identify(.) by extension 'ignore_ament_install'
[0.127s] Level 1:colcon.colcon_core.package_identification:_identify(.) by extensions ['colcon_pkg']
[0.127s] Level 1:colcon.colcon_core.package_identification:_identify(.) by extension 'colcon_pkg'
[0.127s] Level 1:colcon.colcon_core.package_identification:_identify(.) by extensions ['colcon_meta']
[0.127s] Level 1:colcon.colcon_core.package_identification:_identify(.) by extension 'colcon_meta'
[0.127s] Level 1:colcon.colcon_core.package_identification:_identify(.) by extensions ['ros']
[0.127s] Level 1:colcon.colcon_core.package_identification:_identify(.) by extension 'ros'
[0.149s] Level 1:colcon.colcon_core.package_identification:_identify(.) by extensions ['cmake', 'python']
[0.149s] Level 1:colcon.colcon_core.package_identification:_identify(.) by extension 'cmake'
[0.149s] Level 1:colcon.colcon_core.package_identification:_identify(.) by extension 'python'
[0.149s] Level 1:colcon.colcon_core.package_identification:_identify(.) by extensions ['python_setup_py']
[0.149s] Level 1:colcon.colcon_core.package_identification:_identify(.) by extension 'python_setup_py'
[0.149s] Level 1:colcon.colcon_core.package_identification:_identify(build) by extensions ['ignore', 'ignore_ament_install']
[0.149s] Level 1:colcon.colcon_core.package_identification:_identify(build) by extension 'ignore'
[0.149s] Level 1:colcon.colcon_core.package_identification:_identify(build) ignored
[0.149s] Level 1:colcon.colcon_core.package_identification:_identify(install) by extensions ['ignore', 'ignore_ament_install']
[0.149s] Level 1:colcon.colcon_core.package_identification:_identify(install) by extension 'ignore'
[0.149s] Level 1:colcon.colcon_core.package_identification:_identify(install) ignored
[0.150s] Level 1:colcon.colcon_core.package_identification:_identify(log) by extensions ['ignore', 'ignore_ament_install']
[0.150s] Level 1:colcon.colcon_core.package_identification:_identify(log) by extension 'ignore'
[0.150s] Level 1:colcon.colcon_core.package_identification:_identify(log) ignored
[0.150s] Level 1:colcon.colcon_core.package_identification:_identify(src) by extensions ['ignore', 'ignore_ament_install']
[0.150s] Level 1:colcon.colcon_core.package_identification:_identify(src) by extension 'ignore'
[0.150s] Level 1:colcon.colcon_core.package_identification:_identify(src) by extension 'ignore_ament_install'
[0.150s] Level 1:colcon.colcon_core.package_identification:_identify(src) by extensions ['colcon_pkg']
[0.150s] Level 1:colcon.colcon_core.package_identification:_identify(src) by extension 'colcon_pkg'
[0.150s] Level 1:colcon.colcon_core.package_identification:_identify(src) by extensions ['colcon_meta']
[0.150s] Level 1:colcon.colcon_core.package_identification:_identify(src) by extension 'colcon_meta'
[0.150s] Level 1:colcon.colcon_core.package_identification:_identify(src) by extensions ['ros']
[0.150s] Level 1:colcon.colcon_core.package_identification:_identify(src) by extension 'ros'
[0.150s] Level 1:colcon.colcon_core.package_identification:_identify(src) by extensions ['cmake', 'python']
[0.150s] Level 1:colcon.colcon_core.package_identification:_identify(src) by extension 'cmake'
[0.150s] Level 1:colcon.colcon_core.package_identification:_identify(src) by extension 'python'
[0.150s] Level 1:colcon.colcon_core.package_identification:_identify(src) by extensions ['python_setup_py']
[0.150s] Level 1:colcon.colcon_core.package_identification:_identify(src) by extension 'python_setup_py'
[0.150s] Level 1:colcon.colcon_core.package_identification:_identify(src/acr_core) by extensions ['ignore', 'ignore_ament_install']
[0.150s] Level 1:colcon.colcon_core.package_identification:_identify(src/acr_core) by extension 'ignore'
[0.150s] Level 1:colcon.colcon_core.package_identification:_identify(src/acr_core) by extension 'ignore_ament_install'
[0.150s] Level 1:colcon.colcon_core.package_identification:_identify(src/acr_core) by extensions ['colcon_pkg']
[0.150s] Level 1:colcon.colcon_core.package_identification:_identify(src/acr_core) by extension 'colcon_pkg'
[0.150s] Level 1:colcon.colcon_core.package_identification:_identify(src/acr_core) by extensions ['colcon_meta']
[0.150s] Level 1:colcon.colcon_core.package_identification:_identify(src/acr_core) by extension 'colcon_meta'
[0.150s] Level 1:colcon.colcon_core.package_identification:_identify(src/acr_core) by extensions ['ros']
[0.150s] Level 1:colcon.colcon_core.package_identification:_identify(src/acr_core) by extension 'ros'
[0.153s] DEBUG:colcon.colcon_core.package_identification:Package 'src/acr_core' with type 'ros.ament_cmake' and name 'acr_core'
[0.153s] Level 1:colcon.colcon_core.package_identification:_identify(src/acr_interfaces) by extensions ['ignore', 'ignore_ament_install']
[0.153s] Level 1:colcon.colcon_core.package_identification:_identify(src/acr_interfaces) by extension 'ignore'
[0.153s] Level 1:colcon.colcon_core.package_identification:_identify(src/acr_interfaces) by extension 'ignore_ament_install'
[0.153s] Level 1:colcon.colcon_core.package_identification:_identify(src/acr_interfaces) by extensions ['colcon_pkg']
[0.153s] Level 1:colcon.colcon_core.package_identification:_identify(src/acr_interfaces) by extension 'colcon_pkg'
[0.153s] Level 1:colcon.colcon_core.package_identification:_identify(src/acr_interfaces) by extensions ['colcon_meta']
[0.153s] Level 1:colcon.colcon_core.package_identification:_identify(src/acr_interfaces) by extension 'colcon_meta'
[0.153s] Level 1:colcon.colcon_core.package_identification:_identify(src/acr_interfaces) by extensions ['ros']
[0.153s] Level 1:colcon.colcon_core.package_identification:_identify(src/acr_interfaces) by extension 'ros'
[0.154s] DEBUG:colcon.colcon_core.package_identification:Package 'src/acr_interfaces' with type 'ros.ament_cmake' and name 'acr_interfaces'
[0.154s] Level 1:colcon.colcon_core.package_discovery:discover_packages(recursive) using defaults
[0.154s] Level 1:colcon.colcon_core.package_discovery:discover_packages(ignore) discover
[0.154s] Level 1:colcon.colcon_core.package_discovery:discover_packages(ignore) using defaults
[0.154s] Level 1:colcon.colcon_core.package_discovery:discover_packages(path) discover
[0.154s] Level 1:colcon.colcon_core.package_discovery:discover_packages(path) using defaults
[0.168s] INFO:colcon.colcon_core.package_selection:Skipping not selected package 'acr_interfaces' in 'src/acr_interfaces'
[0.168s] Level 1:colcon.colcon_core.package_discovery:discover_packages(prefix_path) check parameters
[0.168s] Level 1:colcon.colcon_core.package_discovery:discover_packages(prefix_path) discover
[0.171s] DEBUG:colcon.colcon_installed_package_information.package_discovery:Found 322 installed packages in /opt/ros/jazzy
[0.172s] Level 1:colcon.colcon_core.package_discovery:discover_packages(prefix_path) using defaults
[0.205s] Level 5:colcon.colcon_core.verb:set package 'acr_core' build argument 'cmake_args' from command line to 'None'
[0.205s] Level 5:colcon.colcon_core.verb:set package 'acr_core' build argument 'cmake_target' from command line to 'None'
[0.205s] Level 5:colcon.colcon_core.verb:set package 'acr_core' build argument 'cmake_target_skip_unavailable' from command line to 'False'
[0.205s] Level 5:colcon.colcon_core.verb:set package 'acr_core' build argument 'cmake_clean_cache' from command line to 'False'
[0.205s] Level 5:colcon.colcon_core.verb:set package 'acr_core' build argument 'cmake_clean_first' from command line to 'False'
[0.205s] Level 5:colcon.colcon_core.verb:set package 'acr_core' build argument 'cmake_force_configure' from command line to 'False'
[0.205s] Level 5:colcon.colcon_core.verb:set package 'acr_core' build argument 'ament_cmake_args' from command line to 'None'
[0.205s] Level 5:colcon.colcon_core.verb:set package 'acr_core' build argument 'catkin_cmake_args' from command line to 'None'
[0.205s] Level 5:colcon.colcon_core.verb:set package 'acr_core' build argument 'catkin_skip_building_tests' from command line to 'False'
[0.205s] DEBUG:colcon.colcon_core.verb:Building package 'acr_core' with the following arguments: {'ament_cmake_args': None, 'build_base': '/home/leo/acr_ws/build/acr_core', 'catkin_cmake_args': None, 'catkin_skip_building_tests': False, 'cmake_args': None, 'cmake_clean_cache': False, 'cmake_clean_first': False, 'cmake_force_configure': False, 'cmake_target': None, 'cmake_target_skip_unavailable': False, 'install_base': '/home/leo/acr_ws/install/acr_core', 'merge_install': False, 'path': '/home/leo/acr_ws/src/acr_core', 'symlink_install': False, 'test_result_base': None}
[0.205s] INFO:colcon.colcon_core.executor:Executing jobs using 'parallel' executor
[0.206s] DEBUG:colcon.colcon_parallel_executor.executor.parallel:run_until_complete
[0.206s] INFO:colcon.colcon_ros.task.ament_cmake.build:Building ROS package in '/home/leo/acr_ws/src/acr_core' with build type 'ament_cmake'
[0.206s] INFO:colcon.colcon_cmake.task.cmake.build:Building CMake package in '/home/leo/acr_ws/src/acr_core'
[0.208s] INFO:colcon.colcon_core.plugin_system:Skipping extension 'colcon_core.shell.bat': Not used on non-Windows systems
[0.208s] INFO:colcon.colcon_core.shell:Skip shell extension 'powershell' for command environment: Not usable outside of PowerShell
[0.208s] DEBUG:colcon.colcon_core.shell:Skip shell extension 'dsv' for command environment
[0.213s] DEBUG:colcon.colcon_core.event_handler.log_command:Invoking command in '/home/leo/acr_ws/build/acr_core': CMAKE_PREFIX_PATH=${CMAKE_PREFIX_PATH}:/opt/ros/jazzy /usr/bin/cmake --build /home/leo/acr_ws/build/acr_core -- -j12 -l12
[0.245s] DEBUG:colcon.colcon_core.event_handler.log_command:Invoked command in '/home/leo/acr_ws/build/acr_core' returned '0': CMAKE_PREFIX_PATH=${CMAKE_PREFIX_PATH}:/opt/ros/jazzy /usr/bin/cmake --build /home/leo/acr_ws/build/acr_core -- -j12 -l12
[0.252s] DEBUG:colcon.colcon_core.event_handler.log_command:Invoking command in '/home/leo/acr_ws/build/acr_core': CMAKE_PREFIX_PATH=${CMAKE_PREFIX_PATH}:/opt/ros/jazzy /usr/bin/cmake --install /home/leo/acr_ws/build/acr_core
[0.263s] Level 1:colcon.colcon_core.environment:create_environment_scripts_only(acr_core)
[0.264s] DEBUG:colcon.colcon_core.event_handler.log_command:Invoked command in '/home/leo/acr_ws/build/acr_core' returned '0': CMAKE_PREFIX_PATH=${CMAKE_PREFIX_PATH}:/opt/ros/jazzy /usr/bin/cmake --install /home/leo/acr_ws/build/acr_core
[0.265s] Level 1:colcon.colcon_core.environment:checking '/home/leo/acr_ws/install/acr_core' for CMake module files
[0.266s] Level 1:colcon.colcon_core.environment:checking '/home/leo/acr_ws/install/acr_core' for CMake config files
[0.266s] Level 1:colcon.colcon_core.shell:create_environment_hook('acr_core', 'cmake_prefix_path')
[0.266s] INFO:colcon.colcon_core.shell:Creating environment hook '/home/leo/acr_ws/install/acr_core/share/acr_core/hook/cmake_prefix_path.ps1'
[0.267s] INFO:colcon.colcon_core.shell:Creating environment descriptor '/home/leo/acr_ws/install/acr_core/share/acr_core/hook/cmake_prefix_path.dsv'
[0.267s] INFO:colcon.colcon_core.shell:Creating environment hook '/home/leo/acr_ws/install/acr_core/share/acr_core/hook/cmake_prefix_path.sh'
[0.268s] Level 1:colcon.colcon_core.environment:checking '/home/leo/acr_ws/install/acr_core/bin'
[0.268s] Level 1:colcon.colcon_core.environment:checking '/home/leo/acr_ws/install/acr_core/lib/pkgconfig/acr_core.pc'
[0.268s] Level 1:colcon.colcon_core.environment:checking '/home/leo/acr_ws/install/acr_core/lib/python3.12/site-packages'
[0.269s] Level 1:colcon.colcon_core.environment:checking '/home/leo/acr_ws/install/acr_core/bin'
[0.269s] INFO:colcon.colcon_core.shell:Creating package script '/home/leo/acr_ws/install/acr_core/share/acr_core/package.ps1'
[0.270s] INFO:colcon.colcon_core.shell:Creating package descriptor '/home/leo/acr_ws/install/acr_core/share/acr_core/package.dsv'
[0.270s] INFO:colcon.colcon_core.shell:Creating package script '/home/leo/acr_ws/install/acr_core/share/acr_core/package.sh'
[0.271s] INFO:colcon.colcon_core.shell:Creating package script '/home/leo/acr_ws/install/acr_core/share/acr_core/package.bash'
[0.271s] INFO:colcon.colcon_core.shell:Creating package script '/home/leo/acr_ws/install/acr_core/share/acr_core/package.zsh'
[0.272s] Level 1:colcon.colcon_core.environment:create_file_with_runtime_dependencies(/home/leo/acr_ws/install/acr_core/share/colcon-core/packages/acr_core)
[0.273s] Level 1:colcon.colcon_core.environment:create_environment_scripts_only(acr_core)
[0.273s] Level 1:colcon.colcon_core.environment:checking '/home/leo/acr_ws/install/acr_core' for CMake module files
[0.273s] Level 1:colcon.colcon_core.environment:checking '/home/leo/acr_ws/install/acr_core' for CMake config files
[0.273s] Level 1:colcon.colcon_core.shell:create_environment_hook('acr_core', 'cmake_prefix_path')
[0.273s] INFO:colcon.colcon_core.shell:Creating environment hook '/home/leo/acr_ws/install/acr_core/share/acr_core/hook/cmake_prefix_path.ps1'
[0.274s] INFO:colcon.colcon_core.shell:Creating environment descriptor '/home/leo/acr_ws/install/acr_core/share/acr_core/hook/cmake_prefix_path.dsv'
[0.274s] INFO:colcon.colcon_core.shell:Creating environment hook '/home/leo/acr_ws/install/acr_core/share/acr_core/hook/cmake_prefix_path.sh'
[0.275s] Level 1:colcon.colcon_core.environment:checking '/home/leo/acr_ws/install/acr_core/bin'
[0.275s] Level 1:colcon.colcon_core.environment:checking '/home/leo/acr_ws/install/acr_core/lib/pkgconfig/acr_core.pc'
[0.275s] Level 1:colcon.colcon_core.environment:checking '/home/leo/acr_ws/install/acr_core/lib/python3.12/site-packages'
[0.276s] Level 1:colcon.colcon_core.environment:checking '/home/leo/acr_ws/install/acr_core/bin'
[0.276s] INFO:colcon.colcon_core.shell:Creating package script '/home/leo/acr_ws/install/acr_core/share/acr_core/package.ps1'
[0.276s] INFO:colcon.colcon_core.shell:Creating package descriptor '/home/leo/acr_ws/install/acr_core/share/acr_core/package.dsv'
[0.277s] INFO:colcon.colcon_core.shell:Creating package script '/home/leo/acr_ws/install/acr_core/share/acr_core/package.sh'
[0.277s] INFO:colcon.colcon_core.shell:Creating package script '/home/leo/acr_ws/install/acr_core/share/acr_core/package.bash'
[0.277s] INFO:colcon.colcon_core.shell:Creating package script '/home/leo/acr_ws/install/acr_core/share/acr_core/package.zsh'
[0.278s] Level 1:colcon.colcon_core.environment:create_file_with_runtime_dependencies(/home/leo/acr_ws/install/acr_core/share/colcon-core/packages/acr_core)
[0.278s] DEBUG:colcon.colcon_parallel_executor.executor.parallel:closing loop
[0.278s] DEBUG:colcon.colcon_parallel_executor.executor.parallel:loop closed
[0.278s] DEBUG:colcon.colcon_parallel_executor.executor.parallel:run_until_complete finished with '0'
[0.278s] DEBUG:colcon.colcon_core.event_reactor:joining thread
[0.288s] INFO:colcon.colcon_core.plugin_system:Skipping extension 'colcon_notification.desktop_notification.notify_send': Could not find 'notify-send'
[0.288s] INFO:colcon.colcon_core.plugin_system:Skipping extension 'colcon_notification.desktop_notification.terminal_notifier': Not used on non-Darwin systems
[0.288s] INFO:colcon.colcon_core.plugin_system:Skipping extension 'colcon_notification.desktop_notification.win32': Not used on non-Windows systems
[0.288s] INFO:colcon.colcon_notification.desktop_notification:Sending desktop notification using 'notify2'
[0.289s] DEBUG:colcon.colcon_notification.desktop_notification.notify2:Failed to initialize notify2: org.freedesktop.DBus.Error.AccessDenied: Failed to connect to socket /run/user/1000/bus: Operation not permitted
[0.289s] DEBUG:colcon.colcon_core.event_reactor:joined thread
[0.289s] INFO:colcon.colcon_core.shell:Creating prefix script '/home/leo/acr_ws/install/local_setup.ps1'
[0.290s] INFO:colcon.colcon_core.shell:Creating prefix util module '/home/leo/acr_ws/install/_local_setup_util_ps1.py'
[0.291s] INFO:colcon.colcon_core.shell:Creating prefix chain script '/home/leo/acr_ws/install/setup.ps1'
[0.292s] INFO:colcon.colcon_core.shell:Creating prefix script '/home/leo/acr_ws/install/local_setup.sh'
[0.292s] INFO:colcon.colcon_core.shell:Creating prefix util module '/home/leo/acr_ws/install/_local_setup_util_sh.py'
[0.292s] INFO:colcon.colcon_core.shell:Creating prefix chain script '/home/leo/acr_ws/install/setup.sh'
[0.293s] INFO:colcon.colcon_core.shell:Creating prefix script '/home/leo/acr_ws/install/local_setup.bash'
[0.293s] INFO:colcon.colcon_core.shell:Creating prefix chain script '/home/leo/acr_ws/install/setup.bash'
[0.294s] INFO:colcon.colcon_core.shell:Creating prefix script '/home/leo/acr_ws/install/local_setup.zsh'
[0.294s] INFO:colcon.colcon_core.shell:Creating prefix chain script '/home/leo/acr_ws/install/setup.zsh'
