[ 50%] Built target acr_node
[100%] Built target car_node
-- Install configuration: ""
-- Up-to-date: /home/leo/acr_ws/install/acr_core/lib/acr_core/acr_node
-- Up-to-date: /home/leo/acr_ws/install/acr_core/lib/acr_core/car_node
-- Up-to-date: /home/leo/acr_ws/install/acr_core/share/acr_core/config
-- Up-to-date: /home/leo/acr_ws/install/acr_core/share/acr_core/config/.gitkeep
-- Up-to-date: /home/leo/acr_ws/install/acr_core/share/acr_core/config/bridge.yaml
-- Up-to-date: /home/leo/acr_ws/install/acr_core/share/acr_core/launch
-- Up-to-date: /home/leo/acr_ws/install/acr_core/share/acr_core/launch/acr_system.launch.py
-- Up-to-date: /home/leo/acr_ws/install/acr_core/share/acr_core/launch/.gitkeep
-- Up-to-date: /home/leo/acr_ws/install/acr_core/share/acr_core/models
-- Up-to-date: /home/leo/acr_ws/install/acr_core/share/acr_core/models/ev_vehicle.sdf
-- Up-to-date: /home/leo/acr_ws/install/acr_core/share/acr_core/models/box_obstacle.sdf
-- Up-to-date: /home/leo/acr_ws/install/acr_core/share/acr_core/urdf
-- Up-to-date: /home/leo/acr_ws/install/acr_core/share/acr_core/urdf/acr_rrbot.urdf
-- Up-to-date: /home/leo/acr_ws/install/acr_core/share/acr_core/worlds
-- Up-to-date: /home/leo/acr_ws/install/acr_core/share/acr_core/worlds/acr_empty.sdf
-- Up-to-date: /home/leo/acr_ws/install/acr_core/share/ament_index/resource_index/package_run_dependencies/acr_core
-- Up-to-date: /home/leo/acr_ws/install/acr_core/share/ament_index/resource_index/parent_prefix_path/acr_core
-- Up-to-date: /home/leo/acr_ws/install/acr_core/share/acr_core/environment/ament_prefix_path.sh
-- Up-to-date: /home/leo/acr_ws/install/acr_core/share/acr_core/environment/ament_prefix_path.dsv
-- Up-to-date: /home/leo/acr_ws/install/acr_core/share/acr_core/environment/path.sh
-- Up-to-date: /home/leo/acr_ws/install/acr_core/share/acr_core/environment/path.dsv
-- Up-to-date: /home/leo/acr_ws/install/acr_core/share/acr_core/local_setup.bash
-- Up-to-date: /home/leo/acr_ws/install/acr_core/share/acr_core/local_setup.sh
-- Up-to-date: /home/leo/acr_ws/install/acr_core/share/acr_core/local_setup.zsh
-- Up-to-date: /home/leo/acr_ws/install/acr_core/share/acr_core/local_setup.dsv
-- Installing: /home/leo/acr_ws/install/acr_core/share/acr_core/package.dsv
-- Up-to-date: /home/leo/acr_ws/install/acr_core/share/ament_index/resource_index/packages/acr_core
-- Up-to-date: /home/leo/acr_ws/install/acr_core/share/acr_core/cmake/acr_coreConfig.cmake
-- Up-to-date: /home/leo/acr_ws/install/acr_core/share/acr_core/cmake/acr_coreConfig-version.cmake
-- Up-to-date: /home/leo/acr_ws/install/acr_core/share/acr_core/package.xml
