[0.095s] Invoking command in '/home/leo/acr_ws/build/acr_core': AMENT_PREFIX_PATH=/home/leo/acr_ws/install/acr_interfaces:${AMENT_PREFIX_PATH} CMAKE_PREFIX_PATH=/home/leo/acr_ws/install/acr_interfaces:/opt/ros/jazzy/opt/gz_sim_vendor:/opt/ros/jazzy/opt/gz_sensors_vendor:/opt/ros/jazzy/opt/gz_physics_vendor:/opt/ros/jazzy/opt/sdformat_vendor:/opt/ros/jazzy/opt/gz_gui_vendor:/opt/ros/jazzy/opt/gz_transport_vendor:/opt/ros/jazzy/opt/gz_rendering_vendor:/opt/ros/jazzy/opt/gz_plugin_vendor:/opt/ros/jazzy/opt/gz_fuel_tools_vendor:/opt/ros/jazzy/opt/gz_msgs_vendor:/opt/ros/jazzy/opt/gz_common_vendor:/opt/ros/jazzy/opt/gz_math_vendor:/opt/ros/jazzy/opt/gz_utils_vendor:/opt/ros/jazzy/opt/gz_tools_vendor:/opt/ros/jazzy/opt/gz_ogre_next_vendor:/opt/ros/jazzy/opt/gz_dartsim_vendor:/opt/ros/jazzy/opt/gz_cmake_vendor:/opt/ros/jazzy LD_LIBRARY_PATH=/home/leo/acr_ws/install/acr_interfaces/lib:${LD_LIBRARY_PATH} PYTHONPATH=/home/leo/acr_ws/install/acr_interfaces/lib/python3.12/site-packages:${PYTHONPATH} /usr/bin/cmake --build /home/leo/acr_ws/build/acr_core -- -j12 -l12
[1.084s] [ 50%] Built target acr_node
[1.183s] [100%] Built target car_node
[1.194s] Invoked command in '/home/leo/acr_ws/build/acr_core' returned '0': AMENT_PREFIX_PATH=/home/leo/acr_ws/install/acr_interfaces:${AMENT_PREFIX_PATH} CMAKE_PREFIX_PATH=/home/leo/acr_ws/install/acr_interfaces:/opt/ros/jazzy/opt/gz_sim_vendor:/opt/ros/jazzy/opt/gz_sensors_vendor:/opt/ros/jazzy/opt/gz_physics_vendor:/opt/ros/jazzy/opt/sdformat_vendor:/opt/ros/jazzy/opt/gz_gui_vendor:/opt/ros/jazzy/opt/gz_transport_vendor:/opt/ros/jazzy/opt/gz_rendering_vendor:/opt/ros/jazzy/opt/gz_plugin_vendor:/opt/ros/jazzy/opt/gz_fuel_tools_vendor:/opt/ros/jazzy/opt/gz_msgs_vendor:/opt/ros/jazzy/opt/gz_common_vendor:/opt/ros/jazzy/opt/gz_math_vendor:/opt/ros/jazzy/opt/gz_utils_vendor:/opt/ros/jazzy/opt/gz_tools_vendor:/opt/ros/jazzy/opt/gz_ogre_next_vendor:/opt/ros/jazzy/opt/gz_dartsim_vendor:/opt/ros/jazzy/opt/gz_cmake_vendor:/opt/ros/jazzy LD_LIBRARY_PATH=/home/leo/acr_ws/install/acr_interfaces/lib:${LD_LIBRARY_PATH} PYTHONPATH=/home/leo/acr_ws/install/acr_interfaces/lib/python3.12/site-packages:${PYTHONPATH} /usr/bin/cmake --build /home/leo/acr_ws/build/acr_core -- -j12 -l12
[1.223s] Invoking command in '/home/leo/acr_ws/build/acr_core': AMENT_PREFIX_PATH=/home/leo/acr_ws/install/acr_interfaces:${AMENT_PREFIX_PATH} CMAKE_PREFIX_PATH=/home/leo/acr_ws/install/acr_interfaces:/opt/ros/jazzy/opt/gz_sim_vendor:/opt/ros/jazzy/opt/gz_sensors_vendor:/opt/ros/jazzy/opt/gz_physics_vendor:/opt/ros/jazzy/opt/sdformat_vendor:/opt/ros/jazzy/opt/gz_gui_vendor:/opt/ros/jazzy/opt/gz_transport_vendor:/opt/ros/jazzy/opt/gz_rendering_vendor:/opt/ros/jazzy/opt/gz_plugin_vendor:/opt/ros/jazzy/opt/gz_fuel_tools_vendor:/opt/ros/jazzy/opt/gz_msgs_vendor:/opt/ros/jazzy/opt/gz_common_vendor:/opt/ros/jazzy/opt/gz_math_vendor:/opt/ros/jazzy/opt/gz_utils_vendor:/opt/ros/jazzy/opt/gz_tools_vendor:/opt/ros/jazzy/opt/gz_ogre_next_vendor:/opt/ros/jazzy/opt/gz_dartsim_vendor:/opt/ros/jazzy/opt/gz_cmake_vendor:/opt/ros/jazzy LD_LIBRARY_PATH=/home/leo/acr_ws/install/acr_interfaces/lib:${LD_LIBRARY_PATH} PYTHONPATH=/home/leo/acr_ws/install/acr_interfaces/lib/python3.12/site-packages:${PYTHONPATH} /usr/bin/cmake --install /home/leo/acr_ws/build/acr_core
[1.231s] -- Install configuration: ""
[1.235s] -- Up-to-date: /home/leo/acr_ws/install/acr_core/lib/acr_core/acr_node
[1.237s] -- Up-to-date: /home/leo/acr_ws/install/acr_core/lib/acr_core/car_node
[1.238s] -- Up-to-date: /home/leo/acr_ws/install/acr_core/share/acr_core/config
[1.239s] -- Up-to-date: /home/leo/acr_ws/install/acr_core/share/acr_core/config/.gitkeep
[1.239s] -- Up-to-date: /home/leo/acr_ws/install/acr_core/share/acr_core/config/bridge.yaml
[1.239s] -- Up-to-date: /home/leo/acr_ws/install/acr_core/share/acr_core/launch
[1.256s] -- Up-to-date: /home/leo/acr_ws/install/acr_core/share/acr_core/launch/acr_system.launch.py
[1.257s] -- Up-to-date: /home/leo/acr_ws/install/acr_core/share/acr_core/launch/.gitkeep
[1.257s] -- Up-to-date: /home/leo/acr_ws/install/acr_core/share/acr_core/models
[1.257s] -- Up-to-date: /home/leo/acr_ws/install/acr_core/share/acr_core/models/ev_vehicle.sdf
[1.257s] -- Up-to-date: /home/leo/acr_ws/install/acr_core/share/acr_core/models/box_obstacle.sdf
[1.257s] -- Up-to-date: /home/leo/acr_ws/install/acr_core/share/acr_core/urdf
[1.258s] -- Up-to-date: /home/leo/acr_ws/install/acr_core/share/acr_core/urdf/acr_rrbot.urdf
[1.258s] -- Up-to-date: /home/leo/acr_ws/install/acr_core/share/acr_core/worlds
[1.258s] -- Up-to-date: /home/leo/acr_ws/install/acr_core/share/acr_core/worlds/acr_empty.sdf
[1.259s] -- Up-to-date: /home/leo/acr_ws/install/acr_core/share/ament_index/resource_index/package_run_dependencies/acr_core
[1.259s] -- Up-to-date: /home/leo/acr_ws/install/acr_core/share/ament_index/resource_index/parent_prefix_path/acr_core
[1.260s] -- Up-to-date: /home/leo/acr_ws/install/acr_core/share/acr_core/environment/ament_prefix_path.sh
[1.260s] -- Up-to-date: /home/leo/acr_ws/install/acr_core/share/acr_core/environment/ament_prefix_path.dsv
[1.260s] -- Up-to-date: /home/leo/acr_ws/install/acr_core/share/acr_core/environment/path.sh
[1.260s] -- Up-to-date: /home/leo/acr_ws/install/acr_core/share/acr_core/environment/path.dsv
[1.260s] -- Up-to-date: /home/leo/acr_ws/install/acr_core/share/acr_core/local_setup.bash
[1.260s] -- Up-to-date: /home/leo/acr_ws/install/acr_core/share/acr_core/local_setup.sh
[1.260s] -- Up-to-date: /home/leo/acr_ws/install/acr_core/share/acr_core/local_setup.zsh
[1.260s] -- Up-to-date: /home/leo/acr_ws/install/acr_core/share/acr_core/local_setup.dsv
[1.260s] -- Installing: /home/leo/acr_ws/install/acr_core/share/acr_core/package.dsv
[1.261s] -- Up-to-date: /home/leo/acr_ws/install/acr_core/share/ament_index/resource_index/packages/acr_core
[1.261s] -- Up-to-date: /home/leo/acr_ws/install/acr_core/share/acr_core/cmake/acr_coreConfig.cmake
[1.261s] -- Up-to-date: /home/leo/acr_ws/install/acr_core/share/acr_core/cmake/acr_coreConfig-version.cmake
[1.261s] -- Up-to-date: /home/leo/acr_ws/install/acr_core/share/acr_core/package.xml
[1.264s] Invoked command in '/home/leo/acr_ws/build/acr_core' returned '0': AMENT_PREFIX_PATH=/home/leo/acr_ws/install/acr_interfaces:${AMENT_PREFIX_PATH} CMAKE_PREFIX_PATH=/home/leo/acr_ws/install/acr_interfaces:/opt/ros/jazzy/opt/gz_sim_vendor:/opt/ros/jazzy/opt/gz_sensors_vendor:/opt/ros/jazzy/opt/gz_physics_vendor:/opt/ros/jazzy/opt/sdformat_vendor:/opt/ros/jazzy/opt/gz_gui_vendor:/opt/ros/jazzy/opt/gz_transport_vendor:/opt/ros/jazzy/opt/gz_rendering_vendor:/opt/ros/jazzy/opt/gz_plugin_vendor:/opt/ros/jazzy/opt/gz_fuel_tools_vendor:/opt/ros/jazzy/opt/gz_msgs_vendor:/opt/ros/jazzy/opt/gz_common_vendor:/opt/ros/jazzy/opt/gz_math_vendor:/opt/ros/jazzy/opt/gz_utils_vendor:/opt/ros/jazzy/opt/gz_tools_vendor:/opt/ros/jazzy/opt/gz_ogre_next_vendor:/opt/ros/jazzy/opt/gz_dartsim_vendor:/opt/ros/jazzy/opt/gz_cmake_vendor:/opt/ros/jazzy LD_LIBRARY_PATH=/home/leo/acr_ws/install/acr_interfaces/lib:${LD_LIBRARY_PATH} PYTHONPATH=/home/leo/acr_ws/install/acr_interfaces/lib/python3.12/site-packages:${PYTHONPATH} /usr/bin/cmake --install /home/leo/acr_ws/build/acr_core
