[0.111s] DEBUG:colcon:Command line arguments: ['/usr/bin/colcon', 'build', '--event-handlers', 'console_direct+']
[0.111s] DEBUG:colcon:Parsed command line arguments: Namespace(log_base=None, log_level=None, verb_name='build', build_base='build', install_base='install', merge_install=False, symlink_install=False, test_result_base=None, continue_on_error=False, executor='parallel', parallel_workers=12, event_handlers=['console_direct+'], ignore_user_meta=False, metas=['./colcon.meta'], base_paths=['.'], packages_ignore=None, packages_ignore_regex=None, paths=None, packages_up_to=None, packages_up_to_regex=None, packages_above=None, packages_above_and_dependencies=None, packages_above_depth=None, packages_select_by_dep=None, packages_skip_by_dep=None, packages_skip_up_to=None, packages_select_build_failed=False, packages_skip_build_finished=False, packages_select_test_failures=False, packages_skip_test_passed=False, packages_select=None, packages_skip=None, packages_select_regex=None, packages_skip_regex=None, packages_start=None, packages_end=None, allow_overriding=[], cmake_args=None, cmake_target=None, cmake_target_skip_unavailable=False, cmake_clean_cache=False, cmake_clean_first=False, cmake_force_configure=False, ament_cmake_args=None, catkin_cmake_args=None, catkin_skip_building_tests=False, mixin_files=None, mixin=None, verb_parser=<colcon_mixin.mixin.mixin_argument.MixinArgumentDecorator object at 0x777b42c9db80>, verb_extension=<colcon_core.verb.build.BuildVerb object at 0x777b437a2240>, main=<bound method BuildVerb.main of <colcon_core.verb.build.BuildVerb object at 0x777b437a2240>>, mixin_verb=('build',))
[0.142s] Level 1:colcon.colcon_core.package_discovery:discover_packages(colcon_meta) check parameters
[0.142s] Level 1:colcon.colcon_core.package_discovery:discover_packages(recursive) check parameters
[0.142s] Level 1:colcon.colcon_core.package_discovery:discover_packages(ignore) check parameters
[0.142s] Level 1:colcon.colcon_core.package_discovery:discover_packages(path) check parameters
[0.142s] Level 1:colcon.colcon_core.package_discovery:discover_packages(colcon_meta) discover
[0.142s] Level 1:colcon.colcon_core.package_discovery:discover_packages(recursive) discover
[0.142s] INFO:colcon.colcon_core.package_discovery:Crawling recursively for packages in '/home/leo/acr_ws'
[0.142s] Level 1:colcon.colcon_core.package_identification:_identify(.) by extensions ['ignore', 'ignore_ament_install']
[0.142s] Level 1:colcon.colcon_core.package_identification:_identify(.) by extension 'ignore'
[0.142s] Level 1:colcon.colcon_core.package_identification:_identify(.) by extension 'ignore_ament_install'
[0.142s] Level 1:colcon.colcon_core.package_identification:_identify(.) by extensions ['colcon_pkg']
[0.142s] Level 1:colcon.colcon_core.package_identification:_identify(.) by extension 'colcon_pkg'
[0.142s] Level 1:colcon.colcon_core.package_identification:_identify(.) by extensions ['colcon_meta']
[0.142s] Level 1:colcon.colcon_core.package_identification:_identify(.) by extension 'colcon_meta'
[0.142s] Level 1:colcon.colcon_core.package_identification:_identify(.) by extensions ['ros']
[0.143s] Level 1:colcon.colcon_core.package_identification:_identify(.) by extension 'ros'
[0.162s] Level 1:colcon.colcon_core.package_identification:_identify(.) by extensions ['cmake', 'python']
[0.162s] Level 1:colcon.colcon_core.package_identification:_identify(.) by extension 'cmake'
[0.162s] Level 1:colcon.colcon_core.package_identification:_identify(.) by extension 'python'
[0.162s] Level 1:colcon.colcon_core.package_identification:_identify(.) by extensions ['python_setup_py']
[0.162s] Level 1:colcon.colcon_core.package_identification:_identify(.) by extension 'python_setup_py'
[0.162s] Level 1:colcon.colcon_core.package_identification:_identify(build) by extensions ['ignore', 'ignore_ament_install']
[0.162s] Level 1:colcon.colcon_core.package_identification:_identify(build) by extension 'ignore'
[0.162s] Level 1:colcon.colcon_core.package_identification:_identify(build) ignored
[0.162s] Level 1:colcon.colcon_core.package_identification:_identify(install) by extensions ['ignore', 'ignore_ament_install']
[0.162s] Level 1:colcon.colcon_core.package_identification:_identify(install) by extension 'ignore'
[0.162s] Level 1:colcon.colcon_core.package_identification:_identify(install) ignored
[0.162s] Level 1:colcon.colcon_core.package_identification:_identify(log) by extensions ['ignore', 'ignore_ament_install']
[0.163s] Level 1:colcon.colcon_core.package_identification:_identify(log) by extension 'ignore'
[0.163s] Level 1:colcon.colcon_core.package_identification:_identify(log) ignored
[0.163s] Level 1:colcon.colcon_core.package_identification:_identify(src) by extensions ['ignore', 'ignore_ament_install']
[0.163s] Level 1:colcon.colcon_core.package_identification:_identify(src) by extension 'ignore'
[0.163s] Level 1:colcon.colcon_core.package_identification:_identify(src) by extension 'ignore_ament_install'
[0.163s] Level 1:colcon.colcon_core.package_identification:_identify(src) by extensions ['colcon_pkg']
[0.163s] Level 1:colcon.colcon_core.package_identification:_identify(src) by extension 'colcon_pkg'
[0.163s] Level 1:colcon.colcon_core.package_identification:_identify(src) by extensions ['colcon_meta']
[0.163s] Level 1:colcon.colcon_core.package_identification:_identify(src) by extension 'colcon_meta'
[0.163s] Level 1:colcon.colcon_core.package_identification:_identify(src) by extensions ['ros']
[0.163s] Level 1:colcon.colcon_core.package_identification:_identify(src) by extension 'ros'
[0.163s] Level 1:colcon.colcon_core.package_identification:_identify(src) by extensions ['cmake', 'python']
[0.163s] Level 1:colcon.colcon_core.package_identification:_identify(src) by extension 'cmake'
[0.163s] Level 1:colcon.colcon_core.package_identification:_identify(src) by extension 'python'
[0.163s] Level 1:colcon.colcon_core.package_identification:_identify(src) by extensions ['python_setup_py']
[0.163s] Level 1:colcon.colcon_core.package_identification:_identify(src) by extension 'python_setup_py'
[0.163s] Level 1:colcon.colcon_core.package_identification:_identify(src/acr_core) by extensions ['ignore', 'ignore_ament_install']
[0.163s] Level 1:colcon.colcon_core.package_identification:_identify(src/acr_core) by extension 'ignore'
[0.164s] Level 1:colcon.colcon_core.package_identification:_identify(src/acr_core) by extension 'ignore_ament_install'
[0.164s] Level 1:colcon.colcon_core.package_identification:_identify(src/acr_core) by extensions ['colcon_pkg']
[0.164s] Level 1:colcon.colcon_core.package_identification:_identify(src/acr_core) by extension 'colcon_pkg'
[0.164s] Level 1:colcon.colcon_core.package_identification:_identify(src/acr_core) by extensions ['colcon_meta']
[0.164s] Level 1:colcon.colcon_core.package_identification:_identify(src/acr_core) by extension 'colcon_meta'
[0.164s] Level 1:colcon.colcon_core.package_identification:_identify(src/acr_core) by extensions ['ros']
[0.164s] Level 1:colcon.colcon_core.package_identification:_identify(src/acr_core) by extension 'ros'
[0.166s] DEBUG:colcon.colcon_core.package_identification:Package 'src/acr_core' with type 'ros.ament_cmake' and name 'acr_core'
[0.166s] Level 1:colcon.colcon_core.package_identification:_identify(src/acr_interfaces) by extensions ['ignore', 'ignore_ament_install']
[0.166s] Level 1:colcon.colcon_core.package_identification:_identify(src/acr_interfaces) by extension 'ignore'
[0.166s] Level 1:colcon.colcon_core.package_identification:_identify(src/acr_interfaces) by extension 'ignore_ament_install'
[0.166s] Level 1:colcon.colcon_core.package_identification:_identify(src/acr_interfaces) by extensions ['colcon_pkg']
[0.166s] Level 1:colcon.colcon_core.package_identification:_identify(src/acr_interfaces) by extension 'colcon_pkg'
[0.166s] Level 1:colcon.colcon_core.package_identification:_identify(src/acr_interfaces) by extensions ['colcon_meta']
[0.166s] Level 1:colcon.colcon_core.package_identification:_identify(src/acr_interfaces) by extension 'colcon_meta'
[0.166s] Level 1:colcon.colcon_core.package_identification:_identify(src/acr_interfaces) by extensions ['ros']
[0.166s] Level 1:colcon.colcon_core.package_identification:_identify(src/acr_interfaces) by extension 'ros'
[0.167s] DEBUG:colcon.colcon_core.package_identification:Package 'src/acr_interfaces' with type 'ros.ament_cmake' and name 'acr_interfaces'
[0.167s] Level 1:colcon.colcon_core.package_discovery:discover_packages(recursive) using defaults
[0.167s] Level 1:colcon.colcon_core.package_discovery:discover_packages(ignore) discover
[0.167s] Level 1:colcon.colcon_core.package_discovery:discover_packages(ignore) using defaults
[0.167s] Level 1:colcon.colcon_core.package_discovery:discover_packages(path) discover
[0.167s] Level 1:colcon.colcon_core.package_discovery:discover_packages(path) using defaults
[0.180s] Level 1:colcon.colcon_core.package_discovery:discover_packages(prefix_path) check parameters
[0.180s] Level 1:colcon.colcon_core.package_discovery:discover_packages(prefix_path) discover
[0.182s] DEBUG:colcon.colcon_installed_package_information.package_discovery:Found 322 installed packages in /opt/ros/jazzy
[0.183s] Level 1:colcon.colcon_core.package_discovery:discover_packages(prefix_path) using defaults
[0.212s] Level 5:colcon.colcon_core.verb:set package 'acr_interfaces' build argument 'cmake_args' from command line to 'None'
[0.212s] Level 5:colcon.colcon_core.verb:set package 'acr_interfaces' build argument 'cmake_target' from command line to 'None'
[0.212s] Level 5:colcon.colcon_core.verb:set package 'acr_interfaces' build argument 'cmake_target_skip_unavailable' from command line to 'False'
[0.212s] Level 5:colcon.colcon_core.verb:set package 'acr_interfaces' build argument 'cmake_clean_cache' from command line to 'False'
[0.212s] Level 5:colcon.colcon_core.verb:set package 'acr_interfaces' build argument 'cmake_clean_first' from command line to 'False'
[0.212s] Level 5:colcon.colcon_core.verb:set package 'acr_interfaces' build argument 'cmake_force_configure' from command line to 'False'
[0.212s] Level 5:colcon.colcon_core.verb:set package 'acr_interfaces' build argument 'ament_cmake_args' from command line to 'None'
[0.212s] Level 5:colcon.colcon_core.verb:set package 'acr_interfaces' build argument 'catkin_cmake_args' from command line to 'None'
[0.213s] Level 5:colcon.colcon_core.verb:set package 'acr_interfaces' build argument 'catkin_skip_building_tests' from command line to 'False'
[0.213s] DEBUG:colcon.colcon_core.verb:Building package 'acr_interfaces' with the following arguments: {'ament_cmake_args': None, 'build_base': '/home/leo/acr_ws/build/acr_interfaces', 'catkin_cmake_args': None, 'catkin_skip_building_tests': False, 'cmake_args': None, 'cmake_clean_cache': False, 'cmake_clean_first': False, 'cmake_force_configure': False, 'cmake_target': None, 'cmake_target_skip_unavailable': False, 'install_base': '/home/leo/acr_ws/install/acr_interfaces', 'merge_install': False, 'path': '/home/leo/acr_ws/src/acr_interfaces', 'symlink_install': False, 'test_result_base': None}
[0.213s] Level 5:colcon.colcon_core.verb:set package 'acr_core' build argument 'cmake_args' from command line to 'None'
[0.213s] Level 5:colcon.colcon_core.verb:set package 'acr_core' build argument 'cmake_target' from command line to 'None'
[0.213s] Level 5:colcon.colcon_core.verb:set package 'acr_core' build argument 'cmake_target_skip_unavailable' from command line to 'False'
[0.213s] Level 5:colcon.colcon_core.verb:set package 'acr_core' build argument 'cmake_clean_cache' from command line to 'False'
[0.213s] Level 5:colcon.colcon_core.verb:set package 'acr_core' build argument 'cmake_clean_first' from command line to 'False'
[0.213s] Level 5:colcon.colcon_core.verb:set package 'acr_core' build argument 'cmake_force_configure' from command line to 'False'
[0.213s] Level 5:colcon.colcon_core.verb:set package 'acr_core' build argument 'ament_cmake_args' from command line to 'None'
[0.213s] Level 5:colcon.colcon_core.verb:set package 'acr_core' build argument 'catkin_cmake_args' from command line to 'None'
[0.213s] Level 5:colcon.colcon_core.verb:set package 'acr_core' build argument 'catkin_skip_building_tests' from command line to 'False'
[0.213s] DEBUG:colcon.colcon_core.verb:Building package 'acr_core' with the following arguments: {'ament_cmake_args': None, 'build_base': '/home/leo/acr_ws/build/acr_core', 'catkin_cmake_args': None, 'catkin_skip_building_tests': False, 'cmake_args': None, 'cmake_clean_cache': False, 'cmake_clean_first': False, 'cmake_force_configure': False, 'cmake_target': None, 'cmake_target_skip_unavailable': False, 'install_base': '/home/leo/acr_ws/install/acr_core', 'merge_install': False, 'path': '/home/leo/acr_ws/src/acr_core', 'symlink_install': False, 'test_result_base': None}
[0.213s] INFO:colcon.colcon_core.executor:Executing jobs using 'parallel' executor
[0.214s] DEBUG:colcon.colcon_parallel_executor.executor.parallel:run_until_complete
[0.214s] INFO:colcon.colcon_ros.task.ament_cmake.build:Building ROS package in '/home/leo/acr_ws/src/acr_interfaces' with build type 'ament_cmake'
[0.214s] INFO:colcon.colcon_cmake.task.cmake.build:Building CMake package in '/home/leo/acr_ws/src/acr_interfaces'
[0.216s] INFO:colcon.colcon_core.plugin_system:Skipping extension 'colcon_core.shell.bat': Not used on non-Windows systems
[0.216s] INFO:colcon.colcon_core.shell:Skip shell extension 'powershell' for command environment: Not usable outside of PowerShell
[0.216s] DEBUG:colcon.colcon_core.shell:Skip shell extension 'dsv' for command environment
[0.224s] DEBUG:colcon.colcon_core.event_handler.log_command:Invoking command in '/home/leo/acr_ws/build/acr_interfaces': CMAKE_PREFIX_PATH=${CMAKE_PREFIX_PATH}:/opt/ros/jazzy /usr/bin/cmake --build /home/leo/acr_ws/build/acr_interfaces -- -j12 -l12
[0.592s] DEBUG:colcon.colcon_core.event_handler.log_command:Invoked command in '/home/leo/acr_ws/build/acr_interfaces' returned '0': CMAKE_PREFIX_PATH=${CMAKE_PREFIX_PATH}:/opt/ros/jazzy /usr/bin/cmake --build /home/leo/acr_ws/build/acr_interfaces -- -j12 -l12
[0.600s] DEBUG:colcon.colcon_core.event_handler.log_command:Invoking command in '/home/leo/acr_ws/build/acr_interfaces': CMAKE_PREFIX_PATH=${CMAKE_PREFIX_PATH}:/opt/ros/jazzy /usr/bin/cmake --install /home/leo/acr_ws/build/acr_interfaces
[0.677s] Level 1:colcon.colcon_core.environment:create_environment_scripts_only(acr_interfaces)
[0.678s] DEBUG:colcon.colcon_core.event_handler.log_command:Invoked command in '/home/leo/acr_ws/build/acr_interfaces' returned '0': CMAKE_PREFIX_PATH=${CMAKE_PREFIX_PATH}:/opt/ros/jazzy /usr/bin/cmake --install /home/leo/acr_ws/build/acr_interfaces
[0.679s] Level 1:colcon.colcon_core.environment:checking '/home/leo/acr_ws/install/acr_interfaces' for CMake module files
[0.679s] Level 1:colcon.colcon_core.environment:checking '/home/leo/acr_ws/install/acr_interfaces' for CMake config files
[0.680s] Level 1:colcon.colcon_core.shell:create_environment_hook('acr_interfaces', 'cmake_prefix_path')
[0.680s] INFO:colcon.colcon_core.shell:Creating environment hook '/home/leo/acr_ws/install/acr_interfaces/share/acr_interfaces/hook/cmake_prefix_path.ps1'
[0.681s] INFO:colcon.colcon_core.shell:Creating environment descriptor '/home/leo/acr_ws/install/acr_interfaces/share/acr_interfaces/hook/cmake_prefix_path.dsv'
[0.681s] INFO:colcon.colcon_core.shell:Creating environment hook '/home/leo/acr_ws/install/acr_interfaces/share/acr_interfaces/hook/cmake_prefix_path.sh'
[0.682s] Level 1:colcon.colcon_core.environment:checking '/home/leo/acr_ws/install/acr_interfaces/lib'
[0.682s] Level 1:colcon.colcon_core.shell:create_environment_hook('acr_interfaces', 'ld_library_path_lib')
[0.682s] INFO:colcon.colcon_core.shell:Creating environment hook '/home/leo/acr_ws/install/acr_interfaces/share/acr_interfaces/hook/ld_library_path_lib.ps1'
[0.682s] INFO:colcon.colcon_core.shell:Creating environment descriptor '/home/leo/acr_ws/install/acr_interfaces/share/acr_interfaces/hook/ld_library_path_lib.dsv'
[0.683s] INFO:colcon.colcon_core.shell:Creating environment hook '/home/leo/acr_ws/install/acr_interfaces/share/acr_interfaces/hook/ld_library_path_lib.sh'
[0.683s] Level 1:colcon.colcon_core.environment:checking '/home/leo/acr_ws/install/acr_interfaces/bin'
[0.683s] Level 1:colcon.colcon_core.environment:checking '/home/leo/acr_ws/install/acr_interfaces/lib/pkgconfig/acr_interfaces.pc'
[0.683s] Level 1:colcon.colcon_core.environment:checking '/home/leo/acr_ws/install/acr_interfaces/lib/python3.12/site-packages'
[0.684s] Level 1:colcon.colcon_core.shell:create_environment_hook('acr_interfaces', 'pythonpath')
[0.684s] INFO:colcon.colcon_core.shell:Creating environment hook '/home/leo/acr_ws/install/acr_interfaces/share/acr_interfaces/hook/pythonpath.ps1'
[0.684s] INFO:colcon.colcon_core.shell:Creating environment descriptor '/home/leo/acr_ws/install/acr_interfaces/share/acr_interfaces/hook/pythonpath.dsv'
[0.685s] INFO:colcon.colcon_core.shell:Creating environment hook '/home/leo/acr_ws/install/acr_interfaces/share/acr_interfaces/hook/pythonpath.sh'
[0.685s] Level 1:colcon.colcon_core.environment:checking '/home/leo/acr_ws/install/acr_interfaces/bin'
[0.686s] INFO:colcon.colcon_core.shell:Creating package script '/home/leo/acr_ws/install/acr_interfaces/share/acr_interfaces/package.ps1'
[0.687s] INFO:colcon.colcon_core.shell:Creating package descriptor '/home/leo/acr_ws/install/acr_interfaces/share/acr_interfaces/package.dsv'
[0.687s] INFO:colcon.colcon_core.shell:Creating package script '/home/leo/acr_ws/install/acr_interfaces/share/acr_interfaces/package.sh'
[0.688s] INFO:colcon.colcon_core.shell:Creating package script '/home/leo/acr_ws/install/acr_interfaces/share/acr_interfaces/package.bash'
[0.689s] INFO:colcon.colcon_core.shell:Creating package script '/home/leo/acr_ws/install/acr_interfaces/share/acr_interfaces/package.zsh'
[0.689s] Level 1:colcon.colcon_core.environment:create_file_with_runtime_dependencies(/home/leo/acr_ws/install/acr_interfaces/share/colcon-core/packages/acr_interfaces)
[0.690s] Level 1:colcon.colcon_core.environment:create_environment_scripts_only(acr_interfaces)
[0.690s] Level 1:colcon.colcon_core.environment:checking '/home/leo/acr_ws/install/acr_interfaces' for CMake module files
[0.691s] Level 1:colcon.colcon_core.environment:checking '/home/leo/acr_ws/install/acr_interfaces' for CMake config files
[0.691s] Level 1:colcon.colcon_core.shell:create_environment_hook('acr_interfaces', 'cmake_prefix_path')
[0.691s] INFO:colcon.colcon_core.shell:Creating environment hook '/home/leo/acr_ws/install/acr_interfaces/share/acr_interfaces/hook/cmake_prefix_path.ps1'
[0.692s] INFO:colcon.colcon_core.shell:Creating environment descriptor '/home/leo/acr_ws/install/acr_interfaces/share/acr_interfaces/hook/cmake_prefix_path.dsv'
[0.692s] INFO:colcon.colcon_core.shell:Creating environment hook '/home/leo/acr_ws/install/acr_interfaces/share/acr_interfaces/hook/cmake_prefix_path.sh'
[0.692s] Level 1:colcon.colcon_core.environment:checking '/home/leo/acr_ws/install/acr_interfaces/lib'
[0.692s] Level 1:colcon.colcon_core.shell:create_environment_hook('acr_interfaces', 'ld_library_path_lib')
[0.692s] INFO:colcon.colcon_core.shell:Creating environment hook '/home/leo/acr_ws/install/acr_interfaces/share/acr_interfaces/hook/ld_library_path_lib.ps1'
[0.693s] INFO:colcon.colcon_core.shell:Creating environment descriptor '/home/leo/acr_ws/install/acr_interfaces/share/acr_interfaces/hook/ld_library_path_lib.dsv'
[0.693s] INFO:colcon.colcon_core.shell:Creating environment hook '/home/leo/acr_ws/install/acr_interfaces/share/acr_interfaces/hook/ld_library_path_lib.sh'
[0.693s] Level 1:colcon.colcon_core.environment:checking '/home/leo/acr_ws/install/acr_interfaces/bin'
[0.693s] Level 1:colcon.colcon_core.environment:checking '/home/leo/acr_ws/install/acr_interfaces/lib/pkgconfig/acr_interfaces.pc'
[0.694s] Level 1:colcon.colcon_core.environment:checking '/home/leo/acr_ws/install/acr_interfaces/lib/python3.12/site-packages'
[0.694s] Level 1:colcon.colcon_core.shell:create_environment_hook('acr_interfaces', 'pythonpath')
[0.694s] INFO:colcon.colcon_core.shell:Creating environment hook '/home/leo/acr_ws/install/acr_interfaces/share/acr_interfaces/hook/pythonpath.ps1'
[0.694s] INFO:colcon.colcon_core.shell:Creating environment descriptor '/home/leo/acr_ws/install/acr_interfaces/share/acr_interfaces/hook/pythonpath.dsv'
[0.694s] INFO:colcon.colcon_core.shell:Creating environment hook '/home/leo/acr_ws/install/acr_interfaces/share/acr_interfaces/hook/pythonpath.sh'
[0.695s] Level 1:colcon.colcon_core.environment:checking '/home/leo/acr_ws/install/acr_interfaces/bin'
[0.695s] INFO:colcon.colcon_core.shell:Creating package script '/home/leo/acr_ws/install/acr_interfaces/share/acr_interfaces/package.ps1'
[0.696s] INFO:colcon.colcon_core.shell:Creating package descriptor '/home/leo/acr_ws/install/acr_interfaces/share/acr_interfaces/package.dsv'
[0.696s] INFO:colcon.colcon_core.shell:Creating package script '/home/leo/acr_ws/install/acr_interfaces/share/acr_interfaces/package.sh'
[0.696s] INFO:colcon.colcon_core.shell:Creating package script '/home/leo/acr_ws/install/acr_interfaces/share/acr_interfaces/package.bash'
[0.697s] INFO:colcon.colcon_core.shell:Creating package script '/home/leo/acr_ws/install/acr_interfaces/share/acr_interfaces/package.zsh'
[0.697s] Level 1:colcon.colcon_core.environment:create_file_with_runtime_dependencies(/home/leo/acr_ws/install/acr_interfaces/share/colcon-core/packages/acr_interfaces)
[0.697s] INFO:colcon.colcon_ros.task.ament_cmake.build:Building ROS package in '/home/leo/acr_ws/src/acr_core' with build type 'ament_cmake'
[0.697s] INFO:colcon.colcon_cmake.task.cmake.build:Building CMake package in '/home/leo/acr_ws/src/acr_core'
[0.698s] INFO:colcon.colcon_core.shell:Skip shell extension 'powershell' for command environment: Not usable outside of PowerShell
[0.698s] DEBUG:colcon.colcon_core.shell:Skip shell extension 'dsv' for command environment
[0.724s] DEBUG:colcon.colcon_core.event_handler.log_command:Invoking command in '/home/leo/acr_ws/build/acr_core': AMENT_PREFIX_PATH=/home/leo/acr_ws/install/acr_interfaces:${AMENT_PREFIX_PATH} CMAKE_PREFIX_PATH=/home/leo/acr_ws/install/acr_interfaces:/opt/ros/jazzy/opt/gz_sim_vendor:/opt/ros/jazzy/opt/gz_sensors_vendor:/opt/ros/jazzy/opt/gz_physics_vendor:/opt/ros/jazzy/opt/sdformat_vendor:/opt/ros/jazzy/opt/gz_gui_vendor:/opt/ros/jazzy/opt/gz_transport_vendor:/opt/ros/jazzy/opt/gz_rendering_vendor:/opt/ros/jazzy/opt/gz_plugin_vendor:/opt/ros/jazzy/opt/gz_fuel_tools_vendor:/opt/ros/jazzy/opt/gz_msgs_vendor:/opt/ros/jazzy/opt/gz_common_vendor:/opt/ros/jazzy/opt/gz_math_vendor:/opt/ros/jazzy/opt/gz_utils_vendor:/opt/ros/jazzy/opt/gz_tools_vendor:/opt/ros/jazzy/opt/gz_ogre_next_vendor:/opt/ros/jazzy/opt/gz_dartsim_vendor:/opt/ros/jazzy/opt/gz_cmake_vendor:/opt/ros/jazzy LD_LIBRARY_PATH=/home/leo/acr_ws/install/acr_interfaces/lib:${LD_LIBRARY_PATH} PYTHONPATH=/home/leo/acr_ws/install/acr_interfaces/lib/python3.12/site-packages:${PYTHONPATH} /usr/bin/cmake --build /home/leo/acr_ws/build/acr_core -- -j12 -l12
[9.495s] DEBUG:colcon.colcon_core.event_handler.log_command:Invoked command in '/home/leo/acr_ws/build/acr_core' returned '0': AMENT_PREFIX_PATH=/home/leo/acr_ws/install/acr_interfaces:${AMENT_PREFIX_PATH} CMAKE_PREFIX_PATH=/home/leo/acr_ws/install/acr_interfaces:/opt/ros/jazzy/opt/gz_sim_vendor:/opt/ros/jazzy/opt/gz_sensors_vendor:/opt/ros/jazzy/opt/gz_physics_vendor:/opt/ros/jazzy/opt/sdformat_vendor:/opt/ros/jazzy/opt/gz_gui_vendor:/opt/ros/jazzy/opt/gz_transport_vendor:/opt/ros/jazzy/opt/gz_rendering_vendor:/opt/ros/jazzy/opt/gz_plugin_vendor:/opt/ros/jazzy/opt/gz_fuel_tools_vendor:/opt/ros/jazzy/opt/gz_msgs_vendor:/opt/ros/jazzy/opt/gz_common_vendor:/opt/ros/jazzy/opt/gz_math_vendor:/opt/ros/jazzy/opt/gz_utils_vendor:/opt/ros/jazzy/opt/gz_tools_vendor:/opt/ros/jazzy/opt/gz_ogre_next_vendor:/opt/ros/jazzy/opt/gz_dartsim_vendor:/opt/ros/jazzy/opt/gz_cmake_vendor:/opt/ros/jazzy LD_LIBRARY_PATH=/home/leo/acr_ws/install/acr_interfaces/lib:${LD_LIBRARY_PATH} PYTHONPATH=/home/leo/acr_ws/install/acr_interfaces/lib/python3.12/site-packages:${PYTHONPATH} /usr/bin/cmake --build /home/leo/acr_ws/build/acr_core -- -j12 -l12
[9.496s] DEBUG:colcon.colcon_core.event_handler.log_command:Invoking command in '/home/leo/acr_ws/build/acr_core': AMENT_PREFIX_PATH=/home/leo/acr_ws/install/acr_interfaces:${AMENT_PREFIX_PATH} CMAKE_PREFIX_PATH=/home/leo/acr_ws/install/acr_interfaces:/opt/ros/jazzy/opt/gz_sim_vendor:/opt/ros/jazzy/opt/gz_sensors_vendor:/opt/ros/jazzy/opt/gz_physics_vendor:/opt/ros/jazzy/opt/sdformat_vendor:/opt/ros/jazzy/opt/gz_gui_vendor:/opt/ros/jazzy/opt/gz_transport_vendor:/opt/ros/jazzy/opt/gz_rendering_vendor:/opt/ros/jazzy/opt/gz_plugin_vendor:/opt/ros/jazzy/opt/gz_fuel_tools_vendor:/opt/ros/jazzy/opt/gz_msgs_vendor:/opt/ros/jazzy/opt/gz_common_vendor:/opt/ros/jazzy/opt/gz_math_vendor:/opt/ros/jazzy/opt/gz_utils_vendor:/opt/ros/jazzy/opt/gz_tools_vendor:/opt/ros/jazzy/opt/gz_ogre_next_vendor:/opt/ros/jazzy/opt/gz_dartsim_vendor:/opt/ros/jazzy/opt/gz_cmake_vendor:/opt/ros/jazzy LD_LIBRARY_PATH=/home/leo/acr_ws/install/acr_interfaces/lib:${LD_LIBRARY_PATH} PYTHONPATH=/home/leo/acr_ws/install/acr_interfaces/lib/python3.12/site-packages:${PYTHONPATH} /usr/bin/cmake --install /home/leo/acr_ws/build/acr_core
[9.512s] Level 1:colcon.colcon_core.environment:create_environment_scripts_only(acr_core)
[9.513s] Level 1:colcon.colcon_core.environment:checking '/home/leo/acr_ws/install/acr_core' for CMake module files
[9.514s] Level 1:colcon.colcon_core.environment:checking '/home/leo/acr_ws/install/acr_core' for CMake config files
[9.516s] Level 1:colcon.colcon_core.shell:create_environment_hook('acr_core', 'cmake_prefix_path')
[9.516s] INFO:colcon.colcon_core.shell:Creating environment hook '/home/leo/acr_ws/install/acr_core/share/acr_core/hook/cmake_prefix_path.ps1'
[9.517s] INFO:colcon.colcon_core.shell:Creating environment descriptor '/home/leo/acr_ws/install/acr_core/share/acr_core/hook/cmake_prefix_path.dsv'
[9.518s] DEBUG:colcon.colcon_core.event_handler.log_command:Invoked command in '/home/leo/acr_ws/build/acr_core' returned '0': AMENT_PREFIX_PATH=/home/leo/acr_ws/install/acr_interfaces:${AMENT_PREFIX_PATH} CMAKE_PREFIX_PATH=/home/leo/acr_ws/install/acr_interfaces:/opt/ros/jazzy/opt/gz_sim_vendor:/opt/ros/jazzy/opt/gz_sensors_vendor:/opt/ros/jazzy/opt/gz_physics_vendor:/opt/ros/jazzy/opt/sdformat_vendor:/opt/ros/jazzy/opt/gz_gui_vendor:/opt/ros/jazzy/opt/gz_transport_vendor:/opt/ros/jazzy/opt/gz_rendering_vendor:/opt/ros/jazzy/opt/gz_plugin_vendor:/opt/ros/jazzy/opt/gz_fuel_tools_vendor:/opt/ros/jazzy/opt/gz_msgs_vendor:/opt/ros/jazzy/opt/gz_common_vendor:/opt/ros/jazzy/opt/gz_math_vendor:/opt/ros/jazzy/opt/gz_utils_vendor:/opt/ros/jazzy/opt/gz_tools_vendor:/opt/ros/jazzy/opt/gz_ogre_next_vendor:/opt/ros/jazzy/opt/gz_dartsim_vendor:/opt/ros/jazzy/opt/gz_cmake_vendor:/opt/ros/jazzy LD_LIBRARY_PATH=/home/leo/acr_ws/install/acr_interfaces/lib:${LD_LIBRARY_PATH} PYTHONPATH=/home/leo/acr_ws/install/acr_interfaces/lib/python3.12/site-packages:${PYTHONPATH} /usr/bin/cmake --install /home/leo/acr_ws/build/acr_core
[9.518s] INFO:colcon.colcon_core.shell:Creating environment hook '/home/leo/acr_ws/install/acr_core/share/acr_core/hook/cmake_prefix_path.sh'
[9.519s] Level 1:colcon.colcon_core.environment:checking '/home/leo/acr_ws/install/acr_core/lib'
[9.519s] Level 1:colcon.colcon_core.environment:checking '/home/leo/acr_ws/install/acr_core/bin'
[9.519s] Level 1:colcon.colcon_core.environment:checking '/home/leo/acr_ws/install/acr_core/lib/pkgconfig/acr_core.pc'
[9.519s] Level 1:colcon.colcon_core.environment:checking '/home/leo/acr_ws/install/acr_core/lib/python3.12/site-packages'
[9.519s] Level 1:colcon.colcon_core.environment:checking '/home/leo/acr_ws/install/acr_core/bin'
[9.519s] INFO:colcon.colcon_core.shell:Creating package script '/home/leo/acr_ws/install/acr_core/share/acr_core/package.ps1'
[9.520s] INFO:colcon.colcon_core.shell:Creating package descriptor '/home/leo/acr_ws/install/acr_core/share/acr_core/package.dsv'
[9.520s] INFO:colcon.colcon_core.shell:Creating package script '/home/leo/acr_ws/install/acr_core/share/acr_core/package.sh'
[9.521s] INFO:colcon.colcon_core.shell:Creating package script '/home/leo/acr_ws/install/acr_core/share/acr_core/package.bash'
[9.521s] INFO:colcon.colcon_core.shell:Creating package script '/home/leo/acr_ws/install/acr_core/share/acr_core/package.zsh'
[9.521s] Level 1:colcon.colcon_core.environment:create_file_with_runtime_dependencies(/home/leo/acr_ws/install/acr_core/share/colcon-core/packages/acr_core)
[9.522s] Level 1:colcon.colcon_core.environment:create_environment_scripts_only(acr_core)
[9.522s] Level 1:colcon.colcon_core.environment:checking '/home/leo/acr_ws/install/acr_core' for CMake module files
[9.523s] Level 1:colcon.colcon_core.environment:checking '/home/leo/acr_ws/install/acr_core' for CMake config files
[9.523s] Level 1:colcon.colcon_core.shell:create_environment_hook('acr_core', 'cmake_prefix_path')
[9.523s] INFO:colcon.colcon_core.shell:Creating environment hook '/home/leo/acr_ws/install/acr_core/share/acr_core/hook/cmake_prefix_path.ps1'
[9.524s] INFO:colcon.colcon_core.shell:Creating environment descriptor '/home/leo/acr_ws/install/acr_core/share/acr_core/hook/cmake_prefix_path.dsv'
[9.524s] INFO:colcon.colcon_core.shell:Creating environment hook '/home/leo/acr_ws/install/acr_core/share/acr_core/hook/cmake_prefix_path.sh'
[9.524s] Level 1:colcon.colcon_core.environment:checking '/home/leo/acr_ws/install/acr_core/lib'
[9.524s] Level 1:colcon.colcon_core.environment:checking '/home/leo/acr_ws/install/acr_core/bin'
[9.524s] Level 1:colcon.colcon_core.environment:checking '/home/leo/acr_ws/install/acr_core/lib/pkgconfig/acr_core.pc'
[9.525s] Level 1:colcon.colcon_core.environment:checking '/home/leo/acr_ws/install/acr_core/lib/python3.12/site-packages'
[9.525s] Level 1:colcon.colcon_core.environment:checking '/home/leo/acr_ws/install/acr_core/bin'
[9.525s] INFO:colcon.colcon_core.shell:Creating package script '/home/leo/acr_ws/install/acr_core/share/acr_core/package.ps1'
[9.526s] INFO:colcon.colcon_core.shell:Creating package descriptor '/home/leo/acr_ws/install/acr_core/share/acr_core/package.dsv'
[9.526s] INFO:colcon.colcon_core.shell:Creating package script '/home/leo/acr_ws/install/acr_core/share/acr_core/package.sh'
[9.526s] INFO:colcon.colcon_core.shell:Creating package script '/home/leo/acr_ws/install/acr_core/share/acr_core/package.bash'
[9.527s] INFO:colcon.colcon_core.shell:Creating package script '/home/leo/acr_ws/install/acr_core/share/acr_core/package.zsh'
[9.527s] Level 1:colcon.colcon_core.environment:create_file_with_runtime_dependencies(/home/leo/acr_ws/install/acr_core/share/colcon-core/packages/acr_core)
[9.527s] DEBUG:colcon.colcon_parallel_executor.executor.parallel:closing loop
[9.528s] DEBUG:colcon.colcon_parallel_executor.executor.parallel:loop closed
[9.528s] DEBUG:colcon.colcon_parallel_executor.executor.parallel:run_until_complete finished with '0'
[9.528s] DEBUG:colcon.colcon_core.event_reactor:joining thread
[9.538s] INFO:colcon.colcon_core.plugin_system:Skipping extension 'colcon_notification.desktop_notification.notify_send': Could not find 'notify-send'
[9.538s] INFO:colcon.colcon_core.plugin_system:Skipping extension 'colcon_notification.desktop_notification.terminal_notifier': Not used on non-Darwin systems
[9.538s] INFO:colcon.colcon_core.plugin_system:Skipping extension 'colcon_notification.desktop_notification.win32': Not used on non-Windows systems
[9.538s] INFO:colcon.colcon_notification.desktop_notification:Sending desktop notification using 'notify2'
[9.539s] DEBUG:colcon.colcon_notification.desktop_notification.notify2:Failed to initialize notify2: org.freedesktop.DBus.Error.AccessDenied: Failed to connect to socket /run/user/1000/bus: Operation not permitted
[9.539s] DEBUG:colcon.colcon_core.event_reactor:joined thread
[9.539s] INFO:colcon.colcon_core.shell:Creating prefix script '/home/leo/acr_ws/install/local_setup.ps1'
[9.539s] INFO:colcon.colcon_core.shell:Creating prefix util module '/home/leo/acr_ws/install/_local_setup_util_ps1.py'
[9.540s] INFO:colcon.colcon_core.shell:Creating prefix chain script '/home/leo/acr_ws/install/setup.ps1'
[9.541s] INFO:colcon.colcon_core.shell:Creating prefix script '/home/leo/acr_ws/install/local_setup.sh'
[9.541s] INFO:colcon.colcon_core.shell:Creating prefix util module '/home/leo/acr_ws/install/_local_setup_util_sh.py'
[9.542s] INFO:colcon.colcon_core.shell:Creating prefix chain script '/home/leo/acr_ws/install/setup.sh'
[9.542s] INFO:colcon.colcon_core.shell:Creating prefix script '/home/leo/acr_ws/install/local_setup.bash'
[9.543s] INFO:colcon.colcon_core.shell:Creating prefix chain script '/home/leo/acr_ws/install/setup.bash'
[9.543s] INFO:colcon.colcon_core.shell:Creating prefix script '/home/leo/acr_ws/install/local_setup.zsh'
[9.544s] INFO:colcon.colcon_core.shell:Creating prefix chain script '/home/leo/acr_ws/install/setup.zsh'
